
> dj-larian@0.1.0 test
> jest

FAIL src/app/api/projects/__tests__/counts.test.ts
  ● /api/projects/counts › should return counts for authenticated user

    expect(received).toBe(expected) // Object.is equality

    Expected: true
    Received: undefined

      51 |
      52 |     expect(response.status).toBe(200);
    > 53 |     expect(data.success).toBe(true);
         |                          ^
      54 |     expect(data.data.total).toBe(10);
      55 |     expect(data.data.statusBreakdown.EN_COURS).toBe(5);
      56 |     expect(data.data.statusBreakdown.TERMINE).toBe(3);

      at Object.<anonymous> (src/app/api/projects/__tests__/counts.test.ts:53:26)

  ● /api/projects/counts › should use aggregates instead of loading all projects

    expect(received).not.toHaveBeenCalled()

    Matcher error: received value must be a mock or spy function

    Received has value: undefined

      75 |     expect(prisma.project.count).toHaveBeenCalled();
      76 |     expect(prisma.project.groupBy).toHaveBeenCalled();
    > 77 |     expect(prisma.project.findMany).not.toHaveBeenCalled();
         |                                         ^
      78 |   });
      79 |
      80 |   it('should allow admin to see all projects counts', async () => {

      at Object.<anonymous> (src/app/api/projects/__tests__/counts.test.ts:77:41)

FAIL src/app/api/projects/__tests__/batch.test.ts
  ● Console

    console.error
      [ERROR] [POST /api/projects/batch] Error: prisma_1.default.$transaction is not a function

      59 |       return arg;
      60 |     });
    > 61 |     console.error(`[ERROR] ${message}`, ...formattedArgs);
         |             ^
      62 |   }
      63 |
      64 |   /**

      at Logger.error (src/lib/logger.ts:61:13)
      at handleApiError (src/lib/api/errorHandler.ts:70:12)
      at POST (src/app/api/projects/batch/route.ts:281:26)
      at Object.<anonymous> (src/app/api/projects/__tests__/batch.test.ts:69:22)

    console.error
      [ERROR] [POST /api/projects/batch] Error: prisma_1.default.$transaction is not a function

      59 |       return arg;
      60 |     });
    > 61 |     console.error(`[ERROR] ${message}`, ...formattedArgs);
         |             ^
      62 |   }
      63 |
      64 |   /**

      at Logger.error (src/lib/logger.ts:61:13)
      at handleApiError (src/lib/api/errorHandler.ts:70:12)
      at POST (src/app/api/projects/batch/route.ts:281:26)
      at Object.<anonymous> (src/app/api/projects/__tests__/batch.test.ts:104:22)

  ● /api/projects/batch › should create multiple projects in batch

    expect(received).toBe(expected) // Object.is equality

    Expected: 200
    Received: 500

      70 |     const data = await response.json();
      71 |
    > 72 |     expect(response.status).toBe(200);
         |                             ^
      73 |     expect(data.success).toBe(true);
      74 |     expect(data.data.created).toBe(2);
      75 |     expect(revalidateTag).toHaveBeenCalled();

      at Object.<anonymous> (src/app/api/projects/__tests__/batch.test.ts:72:29)

  ● /api/projects/batch › should skip duplicates when overwriteDuplicates is false

    TypeError: Cannot read properties of undefined (reading 'created')

      105 |     const data = await response.json();
      106 |
    > 107 |     expect(data.data.created).toBe(1);
          |                      ^
      108 |     expect(data.data.failed).toBe(1);
      109 |   });
      110 |

      at Object.<anonymous> (src/app/api/projects/__tests__/batch.test.ts:107:22)

  ● /api/projects/batch › should validate project data

    expect(received).toBe(expected) // Object.is equality

    Expected: 200
    Received: 400

      129 |     const data = await response.json();
      130 |
    > 131 |     expect(response.status).toBe(200);
          |                             ^
      132 |     expect(data.data.failed).toBeGreaterThan(0);
      133 |     expect(data.data.errors.length).toBeGreaterThan(0);
      134 |   });

      at Object.<anonymous> (src/app/api/projects/__tests__/batch.test.ts:131:29)

FAIL src/app/api/projects/__tests__/[id].test.ts
  ● /api/projects/[id] › GET › should return project for owner

    expect(received).toBe(expected) // Object.is equality

    Expected: true
    Received: undefined

      60 |
      61 |       expect(response.status).toBe(200);
    > 62 |       expect(data.success).toBe(true);
         |                            ^
      63 |       expect(data.data.id).toBe('project1');
      64 |     });
      65 |

      at Object.<anonymous> (src/app/api/projects/__tests__/[id].test.ts:62:28)

  ● /api/projects/[id] › DELETE › should delete project for owner

    expect(received).toBe(expected) // Object.is equality

    Expected: true
    Received: undefined

      233 |
      234 |       expect(response.status).toBe(200);
    > 235 |       expect(data.success).toBe(true);
          |                            ^
      236 |       expect(prisma.project.delete).toHaveBeenCalled();
      237 |       expect(revalidateTag).toHaveBeenCalled();
      238 |     });

      at Object.<anonymous> (src/app/api/projects/__tests__/[id].test.ts:235:28)

FAIL src/app/api/projects/__tests__/route.test.ts
  ● /api/projects › GET › should return projects for authenticated user

    expect(received).toBe(expected) // Object.is equality

    Expected: true
    Received: undefined

      64 |
      65 |       expect(response.status).toBe(200);
    > 66 |       expect(data.success).toBe(true);
         |                            ^
      67 |       expect(Array.isArray(data.data)).toBe(true);
      68 |       expect(prisma.project.findMany).toHaveBeenCalled();
      69 |     });

      at Object.<anonymous> (src/app/api/projects/__tests__/route.test.ts:66:28)

  ● /api/projects › POST › should create a new project

    expect(received).toBe(expected) // Object.is equality

    Expected: true
    Received: undefined

      180 |
      181 |       expect(response.status).toBe(201);
    > 182 |       expect(data.success).toBe(true);
          |                            ^
      183 |       expect(data.data.name).toBe('New Project');
      184 |       expect(prisma.project.create).toHaveBeenCalled();
      185 |     });

      at Object.<anonymous> (src/app/api/projects/__tests__/route.test.ts:182:28)

FAIL src/app/api/projects/__tests__/reorder.test.ts
  ● Console

    console.error
      [ERROR] [PATCH /api/projects/reorder] Error: prisma_1.default.project.update is not a function

      59 |       return arg;
      60 |     });
    > 61 |     console.error(`[ERROR] ${message}`, ...formattedArgs);
         |             ^
      62 |   }
      63 |
      64 |   /**

      at Logger.error (src/lib/logger.ts:61:13)
      at handleApiError (src/lib/api/errorHandler.ts:70:12)
      at PATCH (src/app/api/projects/reorder/route.ts:97:26)
      at Object.<anonymous> (src/app/api/projects/__tests__/reorder.test.ts:79:22)

    console.error
      [ERROR] [PATCH /api/projects/reorder] Error: prisma_1.default.project.update is not a function

      59 |       return arg;
      60 |     });
    > 61 |     console.error(`[ERROR] ${message}`, ...formattedArgs);
         |             ^
      62 |   }
      63 |
      64 |   /**

      at Logger.error (src/lib/logger.ts:61:13)
      at handleApiError (src/lib/api/errorHandler.ts:70:12)
      at PATCH (src/app/api/projects/reorder/route.ts:97:26)
      at Object.<anonymous> (src/app/api/projects/__tests__/reorder.test.ts:108:22)

  ● /api/projects/reorder › should reorder projects

    expect(received).toBe(expected) // Object.is equality

    Expected: 200
    Received: 500

      80 |     const data = await response.json();
      81 |
    > 82 |     expect(response.status).toBe(200);
         |                             ^
      83 |     expect(data.success).toBe(true);
      84 |     expect(prisma.project.$transaction).toHaveBeenCalled();
      85 |     expect(revalidateTag).toHaveBeenCalled();

      at Object.<anonymous> (src/app/api/projects/__tests__/reorder.test.ts:82:29)

  ● /api/projects/reorder › should return 403 for projects not owned by user

    expect(received).toBe(expected) // Object.is equality

    Expected: 400
    Received: 500

      109 |     const data = await response.json();
      110 |
    > 111 |     expect(response.status).toBe(400);
          |                             ^
      112 |     expect(data.error).toContain("n'existe pas ou ne vous appartient pas");
      113 |   });
      114 |

      at Object.<anonymous> (src/app/api/projects/__tests__/reorder.test.ts:111:29)

FAIL src/app/api/projects/__tests__/statistics.test.ts
  ● /api/projects/statistics › should return statistics using aggregates

    expect(received).toBe(expected) // Object.is equality

    Expected: true
    Received: undefined

      54 |
      55 |     expect(response.status).toBe(200);
    > 56 |     expect(data.success).toBe(true);
         |                          ^
      57 |     expect(data.data.totalProjects).toBe(10);
      58 |     expect(data.data.statusBreakdown).toBeDefined();
      59 |     expect(data.data.projectsByYear).toBeDefined();

      at Object.<anonymous> (src/app/api/projects/__tests__/statistics.test.ts:56:26)

PASS src/app/api/__tests__/music.test.ts
  ● Console

    console.error
      [ERROR] [API MUSIC] Erreur dans GET /api/music: Database error

      59 |       return arg;
      60 |     });
    > 61 |     console.error(`[ERROR] ${message}`, ...formattedArgs);
         |             ^
      62 |   }
      63 |
      64 |   /**

      at Logger.error (src/lib/logger.ts:61:13)
      at GET (src/app/api/music/route.ts:146:12)
      at Object.<anonymous> (src/app/api/__tests__/music.test.ts:75:24)

    console.error
      [ERROR] [GET /api/music] Error: Database error

      59 |       return arg;
      60 |     });
    > 61 |     console.error(`[ERROR] ${message}`, ...formattedArgs);
         |             ^
      62 |   }
      63 |
      64 |   /**

      at Logger.error (src/lib/logger.ts:61:13)
      at handleApiError (src/lib/api/errorHandler.ts:70:12)
      at GET (src/app/api/music/route.ts:147:26)
      at Object.<anonymous> (src/app/api/__tests__/music.test.ts:75:24)

    console.error
      [ERROR] Erreur lors de la récupération de la config API: Cannot read properties of undefined (reading 'findMany')

      59 |       return arg;
      60 |     });
    > 61 |     console.error(`[ERROR] ${message}`, ...formattedArgs);
         |             ^
      62 |   }
      63 |
      64 |   /**

      at Logger.error (src/lib/logger.ts:61:13)
      at getApiConfig (src/lib/api/rateLimiter.ts:52:12)
      at rateLimit (src/lib/api/rateLimiter.ts:83:29)
      at POST (src/app/api/music/route.ts:155:35)
      at Object.<anonymous> (src/app/api/__tests__/music.test.ts:98:24)

    console.error
      [ERROR] Erreur lors de la récupération de la config API: Cannot read properties of undefined (reading 'findMany')

      59 |       return arg;
      60 |     });
    > 61 |     console.error(`[ERROR] ${message}`, ...formattedArgs);
         |             ^
      62 |   }
      63 |
      64 |   /**

      at Logger.error (src/lib/logger.ts:61:13)
      at getApiConfig (src/lib/api/rateLimiter.ts:52:12)
      at rateLimit (src/lib/api/rateLimiter.ts:83:29)
      at POST (src/app/api/music/route.ts:155:35)
      at Object.<anonymous> (src/app/api/__tests__/music.test.ts:123:24)

    console.error
      [ERROR] Validation failed {
        _errors: [],
        title: { _errors: [ 'Title is required' ] },
        artist: { _errors: [ 'Artist is required' ] },
        releaseDate: { _errors: [ 'Required' ] },
        type: { _errors: [ 'Required' ] }
      }

      59 |       return arg;
      60 |     });
    > 61 |     console.error(`[ERROR] ${message}`, ...formattedArgs);
         |             ^
      62 |   }
      63 |
      64 |   /**

      at Logger.error (src/lib/logger.ts:61:13)
      at POST (src/app/api/music/route.ts:182:12)
      at Object.<anonymous> (src/app/api/__tests__/music.test.ts:123:24)

(node:43526) [DEP0040] DeprecationWarning: The `punycode` module is deprecated. Please use a userland alternative instead.
(Use `node --trace-deprecation ...` to show where the warning was created)
(node:43533) [DEP0040] DeprecationWarning: The `punycode` module is deprecated. Please use a userland alternative instead.
(Use `node --trace-deprecation ...` to show where the warning was created)
(node:43525) [DEP0040] DeprecationWarning: The `punycode` module is deprecated. Please use a userland alternative instead.
(Use `node --trace-deprecation ...` to show where the warning was created)
(node:43531) [DEP0040] DeprecationWarning: The `punycode` module is deprecated. Please use a userland alternative instead.
(Use `node --trace-deprecation ...` to show where the warning was created)
(node:43527) [DEP0040] DeprecationWarning: The `punycode` module is deprecated. Please use a userland alternative instead.
(Use `node --trace-deprecation ...` to show where the warning was created)
PASS src/app/(routes)/admin/music/hooks/__tests__/useTracks.test.ts
  ● Console

    console.error
      Warning: An update to TestComponent inside a test was not wrapped in act(...).
      
      When testing, code that causes React state updates should be wrapped into act(...):
      
      act(() => {
        /* fire events that update state */
      });
      /* assert on the output */
      
      This ensures that you're testing the behavior the user would see in the browser. Learn more at https://reactjs.org/link/wrap-tests-with-act
          at TestComponent (/Users/juanzeiher/Visual Code/djlarian-react/node_modules/@testing-library/react/dist/pure.js:307:5)

      39 |       toast.error('Erreur de chargement');
      40 |     } finally {
    > 41 |       setIsLoading(false);
         |       ^
      42 |     }
      43 |   };
      44 |

      at printWarning (node_modules/react-dom/cjs/react-dom.development.js:86:30)
      at error (node_modules/react-dom/cjs/react-dom.development.js:60:7)
      at warnIfUpdatesNotWrappedWithActDEV (node_modules/react-dom/cjs/react-dom.development.js:27628:9)
      at scheduleUpdateOnFiber (node_modules/react-dom/cjs/react-dom.development.js:25547:5)
      at dispatchSetState (node_modules/react-dom/cjs/react-dom.development.js:16708:7)
      at fetchTracks (/Users/juanzeiher/Visual Code/djlarian-react/src/app/(routes)../../../../admin/music/hooks/useTracks.ts:41:7)

PASS src/components/ui/MusicCard/__tests__/MusicCardVisualizer.test.tsx
  ● Console

    console.error
      Warning: An update to MusicCardVisualizer inside a test was not wrapped in act(...).
      
      When testing, code that causes React state updates should be wrapped into act(...):
      
      act(() => {
        /* fire events that update state */
      });
      /* assert on the output */
      
      This ensures that you're testing the behavior the user would see in the browser. Learn more at https://reactjs.org/link/wrap-tests-with-act
          at MusicCardVisualizer (/Users/juanzeiher/Visual Code/djlarian-react/src/components/ui/MusicCard/MusicCardVisualizer.tsx:23:3)

      63 |         const elapsed = (Date.now() - startTimeRef.current) / 1000;
      64 |         const time = elapsed;
    > 65 |         setCurrentTime(time);
         |         ^
      66 |
      67 |         let newData: number[];
      68 |

      at printWarning (node_modules/react-dom/cjs/react-dom.development.js:86:30)
      at error (node_modules/react-dom/cjs/react-dom.development.js:60:7)
      at warnIfUpdatesNotWrappedWithActDEV (node_modules/react-dom/cjs/react-dom.development.js:27628:9)
      at scheduleUpdateOnFiber (node_modules/react-dom/cjs/react-dom.development.js:25547:5)
      at dispatchSetState (node_modules/react-dom/cjs/react-dom.development.js:16708:7)
      at animateBars (src/components/ui/MusicCard/MusicCardVisualizer.tsx:65:9)
      at callTimer (node_modules/@sinonjs/fake-timers/src/fake-timers-src.js:744:24)
      at doTickInner (node_modules/@sinonjs/fake-timers/src/fake-timers-src.js:1312:29)
      at doTick (node_modules/@sinonjs/fake-timers/src/fake-timers-src.js:1393:20)
      at Object.tick (node_modules/@sinonjs/fake-timers/src/fake-timers-src.js:1401:20)
      at FakeTimers.advanceTimersByTime (node_modules/@jest/fake-timers/build/modernFakeTimers.js:94:19)
      at Object.<anonymous> (src/components/ui/MusicCard/__tests__/MusicCardVisualizer.test.tsx:76:10)

    console.error
      Warning: An update to MusicCardVisualizer inside a test was not wrapped in act(...).
      
      When testing, code that causes React state updates should be wrapped into act(...):
      
      act(() => {
        /* fire events that update state */
      });
      /* assert on the output */
      
      This ensures that you're testing the behavior the user would see in the browser. Learn more at https://reactjs.org/link/wrap-tests-with-act
          at MusicCardVisualizer (/Users/juanzeiher/Visual Code/djlarian-react/src/components/ui/MusicCard/MusicCardVisualizer.tsx:23:3)

       96 |
       97 |         previousAudioDataRef.current = newData;
    >  98 |         setAudioData(newData);
          |         ^
       99 |         animationFrameRef.current = requestAnimationFrame(animateBars);
      100 |       };
      101 |

      at printWarning (node_modules/react-dom/cjs/react-dom.development.js:86:30)
      at error (node_modules/react-dom/cjs/react-dom.development.js:60:7)
      at warnIfUpdatesNotWrappedWithActDEV (node_modules/react-dom/cjs/react-dom.development.js:27628:9)
      at scheduleUpdateOnFiber (node_modules/react-dom/cjs/react-dom.development.js:25547:5)
      at dispatchSetState (node_modules/react-dom/cjs/react-dom.development.js:16708:7)
      at animateBars (src/components/ui/MusicCard/MusicCardVisualizer.tsx:98:9)
      at callTimer (node_modules/@sinonjs/fake-timers/src/fake-timers-src.js:744:24)
      at doTickInner (node_modules/@sinonjs/fake-timers/src/fake-timers-src.js:1312:29)
      at doTick (node_modules/@sinonjs/fake-timers/src/fake-timers-src.js:1393:20)
      at Object.tick (node_modules/@sinonjs/fake-timers/src/fake-timers-src.js:1401:20)
      at FakeTimers.advanceTimersByTime (node_modules/@jest/fake-timers/build/modernFakeTimers.js:94:19)
      at Object.<anonymous> (src/components/ui/MusicCard/__tests__/MusicCardVisualizer.test.tsx:76:10)

    console.error
      Warning: An update to MusicCardVisualizer inside a test was not wrapped in act(...).
      
      When testing, code that causes React state updates should be wrapped into act(...):
      
      act(() => {
        /* fire events that update state */
      });
      /* assert on the output */
      
      This ensures that you're testing the behavior the user would see in the browser. Learn more at https://reactjs.org/link/wrap-tests-with-act
          at MusicCardVisualizer (/Users/juanzeiher/Visual Code/djlarian-react/src/components/ui/MusicCard/MusicCardVisualizer.tsx:23:3)

      63 |         const elapsed = (Date.now() - startTimeRef.current) / 1000;
      64 |         const time = elapsed;
    > 65 |         setCurrentTime(time);
         |         ^
      66 |
      67 |         let newData: number[];
      68 |

      at printWarning (node_modules/react-dom/cjs/react-dom.development.js:86:30)
      at error (node_modules/react-dom/cjs/react-dom.development.js:60:7)
      at warnIfUpdatesNotWrappedWithActDEV (node_modules/react-dom/cjs/react-dom.development.js:27628:9)
      at scheduleUpdateOnFiber (node_modules/react-dom/cjs/react-dom.development.js:25547:5)
      at dispatchSetState (node_modules/react-dom/cjs/react-dom.development.js:16708:7)
      at animateBars (src/components/ui/MusicCard/MusicCardVisualizer.tsx:65:9)
      at callTimer (node_modules/@sinonjs/fake-timers/src/fake-timers-src.js:744:24)
      at doTickInner (node_modules/@sinonjs/fake-timers/src/fake-timers-src.js:1312:29)
      at doTick (node_modules/@sinonjs/fake-timers/src/fake-timers-src.js:1393:20)
      at Object.tick (node_modules/@sinonjs/fake-timers/src/fake-timers-src.js:1401:20)
      at FakeTimers.advanceTimersByTime (node_modules/@jest/fake-timers/build/modernFakeTimers.js:94:19)
      at Object.<anonymous> (src/components/ui/MusicCard/__tests__/MusicCardVisualizer.test.tsx:76:10)

    console.error
      Warning: An update to MusicCardVisualizer inside a test was not wrapped in act(...).
      
      When testing, code that causes React state updates should be wrapped into act(...):
      
      act(() => {
        /* fire events that update state */
      });
      /* assert on the output */
      
      This ensures that you're testing the behavior the user would see in the browser. Learn more at https://reactjs.org/link/wrap-tests-with-act
          at MusicCardVisualizer (/Users/juanzeiher/Visual Code/djlarian-react/src/components/ui/MusicCard/MusicCardVisualizer.tsx:23:3)

       96 |
       97 |         previousAudioDataRef.current = newData;
    >  98 |         setAudioData(newData);
          |         ^
       99 |         animationFrameRef.current = requestAnimationFrame(animateBars);
      100 |       };
      101 |

      at printWarning (node_modules/react-dom/cjs/react-dom.development.js:86:30)
      at error (node_modules/react-dom/cjs/react-dom.development.js:60:7)
      at warnIfUpdatesNotWrappedWithActDEV (node_modules/react-dom/cjs/react-dom.development.js:27628:9)
      at scheduleUpdateOnFiber (node_modules/react-dom/cjs/react-dom.development.js:25547:5)
      at dispatchSetState (node_modules/react-dom/cjs/react-dom.development.js:16708:7)
      at animateBars (src/components/ui/MusicCard/MusicCardVisualizer.tsx:98:9)
      at callTimer (node_modules/@sinonjs/fake-timers/src/fake-timers-src.js:744:24)
      at doTickInner (node_modules/@sinonjs/fake-timers/src/fake-timers-src.js:1312:29)
      at doTick (node_modules/@sinonjs/fake-timers/src/fake-timers-src.js:1393:20)
      at Object.tick (node_modules/@sinonjs/fake-timers/src/fake-timers-src.js:1401:20)
      at FakeTimers.advanceTimersByTime (node_modules/@jest/fake-timers/build/modernFakeTimers.js:94:19)
      at Object.<anonymous> (src/components/ui/MusicCard/__tests__/MusicCardVisualizer.test.tsx:76:10)

    console.error
      Warning: An update to MusicCardVisualizer inside a test was not wrapped in act(...).
      
      When testing, code that causes React state updates should be wrapped into act(...):
      
      act(() => {
        /* fire events that update state */
      });
      /* assert on the output */
      
      This ensures that you're testing the behavior the user would see in the browser. Learn more at https://reactjs.org/link/wrap-tests-with-act
          at MusicCardVisualizer (/Users/juanzeiher/Visual Code/djlarian-react/src/components/ui/MusicCard/MusicCardVisualizer.tsx:23:3)

      63 |         const elapsed = (Date.now() - startTimeRef.current) / 1000;
      64 |         const time = elapsed;
    > 65 |         setCurrentTime(time);
         |         ^
      66 |
      67 |         let newData: number[];
      68 |

      at printWarning (node_modules/react-dom/cjs/react-dom.development.js:86:30)
      at error (node_modules/react-dom/cjs/react-dom.development.js:60:7)
      at warnIfUpdatesNotWrappedWithActDEV (node_modules/react-dom/cjs/react-dom.development.js:27628:9)
      at scheduleUpdateOnFiber (node_modules/react-dom/cjs/react-dom.development.js:25547:5)
      at dispatchSetState (node_modules/react-dom/cjs/react-dom.development.js:16708:7)
      at animateBars (src/components/ui/MusicCard/MusicCardVisualizer.tsx:65:9)
      at callTimer (node_modules/@sinonjs/fake-timers/src/fake-timers-src.js:744:24)
      at doTickInner (node_modules/@sinonjs/fake-timers/src/fake-timers-src.js:1312:29)
      at doTick (node_modules/@sinonjs/fake-timers/src/fake-timers-src.js:1393:20)
      at Object.tick (node_modules/@sinonjs/fake-timers/src/fake-timers-src.js:1401:20)
      at FakeTimers.advanceTimersByTime (node_modules/@jest/fake-timers/build/modernFakeTimers.js:94:19)
      at Object.<anonymous> (src/components/ui/MusicCard/__tests__/MusicCardVisualizer.test.tsx:93:10)

    console.error
      Warning: An update to MusicCardVisualizer inside a test was not wrapped in act(...).
      
      When testing, code that causes React state updates should be wrapped into act(...):
      
      act(() => {
        /* fire events that update state */
      });
      /* assert on the output */
      
      This ensures that you're testing the behavior the user would see in the browser. Learn more at https://reactjs.org/link/wrap-tests-with-act
          at MusicCardVisualizer (/Users/juanzeiher/Visual Code/djlarian-react/src/components/ui/MusicCard/MusicCardVisualizer.tsx:23:3)

       96 |
       97 |         previousAudioDataRef.current = newData;
    >  98 |         setAudioData(newData);
          |         ^
       99 |         animationFrameRef.current = requestAnimationFrame(animateBars);
      100 |       };
      101 |

      at printWarning (node_modules/react-dom/cjs/react-dom.development.js:86:30)
      at error (node_modules/react-dom/cjs/react-dom.development.js:60:7)
      at warnIfUpdatesNotWrappedWithActDEV (node_modules/react-dom/cjs/react-dom.development.js:27628:9)
      at scheduleUpdateOnFiber (node_modules/react-dom/cjs/react-dom.development.js:25547:5)
      at dispatchSetState (node_modules/react-dom/cjs/react-dom.development.js:16708:7)
      at animateBars (src/components/ui/MusicCard/MusicCardVisualizer.tsx:98:9)
      at callTimer (node_modules/@sinonjs/fake-timers/src/fake-timers-src.js:744:24)
      at doTickInner (node_modules/@sinonjs/fake-timers/src/fake-timers-src.js:1312:29)
      at doTick (node_modules/@sinonjs/fake-timers/src/fake-timers-src.js:1393:20)
      at Object.tick (node_modules/@sinonjs/fake-timers/src/fake-timers-src.js:1401:20)
      at FakeTimers.advanceTimersByTime (node_modules/@jest/fake-timers/build/modernFakeTimers.js:94:19)
      at Object.<anonymous> (src/components/ui/MusicCard/__tests__/MusicCardVisualizer.test.tsx:93:10)

    console.error
      Warning: An update to MusicCardVisualizer inside a test was not wrapped in act(...).
      
      When testing, code that causes React state updates should be wrapped into act(...):
      
      act(() => {
        /* fire events that update state */
      });
      /* assert on the output */
      
      This ensures that you're testing the behavior the user would see in the browser. Learn more at https://reactjs.org/link/wrap-tests-with-act
          at MusicCardVisualizer (/Users/juanzeiher/Visual Code/djlarian-react/src/components/ui/MusicCard/MusicCardVisualizer.tsx:23:3)

      63 |         const elapsed = (Date.now() - startTimeRef.current) / 1000;
      64 |         const time = elapsed;
    > 65 |         setCurrentTime(time);
         |         ^
      66 |
      67 |         let newData: number[];
      68 |

      at printWarning (node_modules/react-dom/cjs/react-dom.development.js:86:30)
      at error (node_modules/react-dom/cjs/react-dom.development.js:60:7)
      at warnIfUpdatesNotWrappedWithActDEV (node_modules/react-dom/cjs/react-dom.development.js:27628:9)
      at scheduleUpdateOnFiber (node_modules/react-dom/cjs/react-dom.development.js:25547:5)
      at dispatchSetState (node_modules/react-dom/cjs/react-dom.development.js:16708:7)
      at animateBars (src/components/ui/MusicCard/MusicCardVisualizer.tsx:65:9)
      at callTimer (node_modules/@sinonjs/fake-timers/src/fake-timers-src.js:744:24)
      at doTickInner (node_modules/@sinonjs/fake-timers/src/fake-timers-src.js:1312:29)
      at doTick (node_modules/@sinonjs/fake-timers/src/fake-timers-src.js:1393:20)
      at Object.tick (node_modules/@sinonjs/fake-timers/src/fake-timers-src.js:1401:20)
      at FakeTimers.advanceTimersByTime (node_modules/@jest/fake-timers/build/modernFakeTimers.js:94:19)
      at Object.<anonymous> (src/components/ui/MusicCard/__tests__/MusicCardVisualizer.test.tsx:93:10)

    console.error
      Warning: An update to MusicCardVisualizer inside a test was not wrapped in act(...).
      
      When testing, code that causes React state updates should be wrapped into act(...):
      
      act(() => {
        /* fire events that update state */
      });
      /* assert on the output */
      
      This ensures that you're testing the behavior the user would see in the browser. Learn more at https://reactjs.org/link/wrap-tests-with-act
          at MusicCardVisualizer (/Users/juanzeiher/Visual Code/djlarian-react/src/components/ui/MusicCard/MusicCardVisualizer.tsx:23:3)

       96 |
       97 |         previousAudioDataRef.current = newData;
    >  98 |         setAudioData(newData);
          |         ^
       99 |         animationFrameRef.current = requestAnimationFrame(animateBars);
      100 |       };
      101 |

      at printWarning (node_modules/react-dom/cjs/react-dom.development.js:86:30)
      at error (node_modules/react-dom/cjs/react-dom.development.js:60:7)
      at warnIfUpdatesNotWrappedWithActDEV (node_modules/react-dom/cjs/react-dom.development.js:27628:9)
      at scheduleUpdateOnFiber (node_modules/react-dom/cjs/react-dom.development.js:25547:5)
      at dispatchSetState (node_modules/react-dom/cjs/react-dom.development.js:16708:7)
      at animateBars (src/components/ui/MusicCard/MusicCardVisualizer.tsx:98:9)
      at callTimer (node_modules/@sinonjs/fake-timers/src/fake-timers-src.js:744:24)
      at doTickInner (node_modules/@sinonjs/fake-timers/src/fake-timers-src.js:1312:29)
      at doTick (node_modules/@sinonjs/fake-timers/src/fake-timers-src.js:1393:20)
      at Object.tick (node_modules/@sinonjs/fake-timers/src/fake-timers-src.js:1401:20)
      at FakeTimers.advanceTimersByTime (node_modules/@jest/fake-timers/build/modernFakeTimers.js:94:19)
      at Object.<anonymous> (src/components/ui/MusicCard/__tests__/MusicCardVisualizer.test.tsx:93:10)

    console.error
      Warning: An update to MusicCardVisualizer inside a test was not wrapped in act(...).
      
      When testing, code that causes React state updates should be wrapped into act(...):
      
      act(() => {
        /* fire events that update state */
      });
      /* assert on the output */
      
      This ensures that you're testing the behavior the user would see in the browser. Learn more at https://reactjs.org/link/wrap-tests-with-act
          at MusicCardVisualizer (/Users/juanzeiher/Visual Code/djlarian-react/src/components/ui/MusicCard/MusicCardVisualizer.tsx:23:3)

      63 |         const elapsed = (Date.now() - startTimeRef.current) / 1000;
      64 |         const time = elapsed;
    > 65 |         setCurrentTime(time);
         |         ^
      66 |
      67 |         let newData: number[];
      68 |

      at printWarning (node_modules/react-dom/cjs/react-dom.development.js:86:30)
      at error (node_modules/react-dom/cjs/react-dom.development.js:60:7)
      at warnIfUpdatesNotWrappedWithActDEV (node_modules/react-dom/cjs/react-dom.development.js:27628:9)
      at scheduleUpdateOnFiber (node_modules/react-dom/cjs/react-dom.development.js:25547:5)
      at dispatchSetState (node_modules/react-dom/cjs/react-dom.development.js:16708:7)
      at animateBars (src/components/ui/MusicCard/MusicCardVisualizer.tsx:65:9)
      at callTimer (node_modules/@sinonjs/fake-timers/src/fake-timers-src.js:744:24)
      at doTickInner (node_modules/@sinonjs/fake-timers/src/fake-timers-src.js:1312:29)
      at doTick (node_modules/@sinonjs/fake-timers/src/fake-timers-src.js:1393:20)
      at Object.tick (node_modules/@sinonjs/fake-timers/src/fake-timers-src.js:1401:20)
      at FakeTimers.advanceTimersByTime (node_modules/@jest/fake-timers/build/modernFakeTimers.js:94:19)
      at Object.<anonymous> (src/components/ui/MusicCard/__tests__/MusicCardVisualizer.test.tsx:110:10)

    console.error
      Warning: An update to MusicCardVisualizer inside a test was not wrapped in act(...).
      
      When testing, code that causes React state updates should be wrapped into act(...):
      
      act(() => {
        /* fire events that update state */
      });
      /* assert on the output */
      
      This ensures that you're testing the behavior the user would see in the browser. Learn more at https://reactjs.org/link/wrap-tests-with-act
          at MusicCardVisualizer (/Users/juanzeiher/Visual Code/djlarian-react/src/components/ui/MusicCard/MusicCardVisualizer.tsx:23:3)

       96 |
       97 |         previousAudioDataRef.current = newData;
    >  98 |         setAudioData(newData);
          |         ^
       99 |         animationFrameRef.current = requestAnimationFrame(animateBars);
      100 |       };
      101 |

      at printWarning (node_modules/react-dom/cjs/react-dom.development.js:86:30)
      at error (node_modules/react-dom/cjs/react-dom.development.js:60:7)
      at warnIfUpdatesNotWrappedWithActDEV (node_modules/react-dom/cjs/react-dom.development.js:27628:9)
      at scheduleUpdateOnFiber (node_modules/react-dom/cjs/react-dom.development.js:25547:5)
      at dispatchSetState (node_modules/react-dom/cjs/react-dom.development.js:16708:7)
      at animateBars (src/components/ui/MusicCard/MusicCardVisualizer.tsx:98:9)
      at callTimer (node_modules/@sinonjs/fake-timers/src/fake-timers-src.js:744:24)
      at doTickInner (node_modules/@sinonjs/fake-timers/src/fake-timers-src.js:1312:29)
      at doTick (node_modules/@sinonjs/fake-timers/src/fake-timers-src.js:1393:20)
      at Object.tick (node_modules/@sinonjs/fake-timers/src/fake-timers-src.js:1401:20)
      at FakeTimers.advanceTimersByTime (node_modules/@jest/fake-timers/build/modernFakeTimers.js:94:19)
      at Object.<anonymous> (src/components/ui/MusicCard/__tests__/MusicCardVisualizer.test.tsx:110:10)

    console.error
      Warning: An update to MusicCardVisualizer inside a test was not wrapped in act(...).
      
      When testing, code that causes React state updates should be wrapped into act(...):
      
      act(() => {
        /* fire events that update state */
      });
      /* assert on the output */
      
      This ensures that you're testing the behavior the user would see in the browser. Learn more at https://reactjs.org/link/wrap-tests-with-act
          at MusicCardVisualizer (/Users/juanzeiher/Visual Code/djlarian-react/src/components/ui/MusicCard/MusicCardVisualizer.tsx:23:3)

      63 |         const elapsed = (Date.now() - startTimeRef.current) / 1000;
      64 |         const time = elapsed;
    > 65 |         setCurrentTime(time);
         |         ^
      66 |
      67 |         let newData: number[];
      68 |

      at printWarning (node_modules/react-dom/cjs/react-dom.development.js:86:30)
      at error (node_modules/react-dom/cjs/react-dom.development.js:60:7)
      at warnIfUpdatesNotWrappedWithActDEV (node_modules/react-dom/cjs/react-dom.development.js:27628:9)
      at scheduleUpdateOnFiber (node_modules/react-dom/cjs/react-dom.development.js:25547:5)
      at dispatchSetState (node_modules/react-dom/cjs/react-dom.development.js:16708:7)
      at animateBars (src/components/ui/MusicCard/MusicCardVisualizer.tsx:65:9)
      at callTimer (node_modules/@sinonjs/fake-timers/src/fake-timers-src.js:744:24)
      at doTickInner (node_modules/@sinonjs/fake-timers/src/fake-timers-src.js:1312:29)
      at doTick (node_modules/@sinonjs/fake-timers/src/fake-timers-src.js:1393:20)
      at Object.tick (node_modules/@sinonjs/fake-timers/src/fake-timers-src.js:1401:20)
      at FakeTimers.advanceTimersByTime (node_modules/@jest/fake-timers/build/modernFakeTimers.js:94:19)
      at Object.<anonymous> (src/components/ui/MusicCard/__tests__/MusicCardVisualizer.test.tsx:110:10)

    console.error
      Warning: An update to MusicCardVisualizer inside a test was not wrapped in act(...).
      
      When testing, code that causes React state updates should be wrapped into act(...):
      
      act(() => {
        /* fire events that update state */
      });
      /* assert on the output */
      
      This ensures that you're testing the behavior the user would see in the browser. Learn more at https://reactjs.org/link/wrap-tests-with-act
          at MusicCardVisualizer (/Users/juanzeiher/Visual Code/djlarian-react/src/components/ui/MusicCard/MusicCardVisualizer.tsx:23:3)

       96 |
       97 |         previousAudioDataRef.current = newData;
    >  98 |         setAudioData(newData);
          |         ^
       99 |         animationFrameRef.current = requestAnimationFrame(animateBars);
      100 |       };
      101 |

      at printWarning (node_modules/react-dom/cjs/react-dom.development.js:86:30)
      at error (node_modules/react-dom/cjs/react-dom.development.js:60:7)
      at warnIfUpdatesNotWrappedWithActDEV (node_modules/react-dom/cjs/react-dom.development.js:27628:9)
      at scheduleUpdateOnFiber (node_modules/react-dom/cjs/react-dom.development.js:25547:5)
      at dispatchSetState (node_modules/react-dom/cjs/react-dom.development.js:16708:7)
      at animateBars (src/components/ui/MusicCard/MusicCardVisualizer.tsx:98:9)
      at callTimer (node_modules/@sinonjs/fake-timers/src/fake-timers-src.js:744:24)
      at doTickInner (node_modules/@sinonjs/fake-timers/src/fake-timers-src.js:1312:29)
      at doTick (node_modules/@sinonjs/fake-timers/src/fake-timers-src.js:1393:20)
      at Object.tick (node_modules/@sinonjs/fake-timers/src/fake-timers-src.js:1401:20)
      at FakeTimers.advanceTimersByTime (node_modules/@jest/fake-timers/build/modernFakeTimers.js:94:19)
      at Object.<anonymous> (src/components/ui/MusicCard/__tests__/MusicCardVisualizer.test.tsx:110:10)

    console.error
      Warning: An update to MusicCardVisualizer inside a test was not wrapped in act(...).
      
      When testing, code that causes React state updates should be wrapped into act(...):
      
      act(() => {
        /* fire events that update state */
      });
      /* assert on the output */
      
      This ensures that you're testing the behavior the user would see in the browser. Learn more at https://reactjs.org/link/wrap-tests-with-act
          at MusicCardVisualizer (/Users/juanzeiher/Visual Code/djlarian-react/src/components/ui/MusicCard/MusicCardVisualizer.tsx:23:3)

      63 |         const elapsed = (Date.now() - startTimeRef.current) / 1000;
      64 |         const time = elapsed;
    > 65 |         setCurrentTime(time);
         |         ^
      66 |
      67 |         let newData: number[];
      68 |

      at printWarning (node_modules/react-dom/cjs/react-dom.development.js:86:30)
      at error (node_modules/react-dom/cjs/react-dom.development.js:60:7)
      at warnIfUpdatesNotWrappedWithActDEV (node_modules/react-dom/cjs/react-dom.development.js:27628:9)
      at scheduleUpdateOnFiber (node_modules/react-dom/cjs/react-dom.development.js:25547:5)
      at dispatchSetState (node_modules/react-dom/cjs/react-dom.development.js:16708:7)
      at animateBars (src/components/ui/MusicCard/MusicCardVisualizer.tsx:65:9)
      at callTimer (node_modules/@sinonjs/fake-timers/src/fake-timers-src.js:744:24)
      at doTickInner (node_modules/@sinonjs/fake-timers/src/fake-timers-src.js:1312:29)
      at doTick (node_modules/@sinonjs/fake-timers/src/fake-timers-src.js:1393:20)
      at Object.tick (node_modules/@sinonjs/fake-timers/src/fake-timers-src.js:1401:20)
      at FakeTimers.advanceTimersByTime (node_modules/@jest/fake-timers/build/modernFakeTimers.js:94:19)
      at Object.<anonymous> (src/components/ui/MusicCard/__tests__/MusicCardVisualizer.test.tsx:129:10)

    console.error
      Warning: An update to MusicCardVisualizer inside a test was not wrapped in act(...).
      
      When testing, code that causes React state updates should be wrapped into act(...):
      
      act(() => {
        /* fire events that update state */
      });
      /* assert on the output */
      
      This ensures that you're testing the behavior the user would see in the browser. Learn more at https://reactjs.org/link/wrap-tests-with-act
          at MusicCardVisualizer (/Users/juanzeiher/Visual Code/djlarian-react/src/components/ui/MusicCard/MusicCardVisualizer.tsx:23:3)

       96 |
       97 |         previousAudioDataRef.current = newData;
    >  98 |         setAudioData(newData);
          |         ^
       99 |         animationFrameRef.current = requestAnimationFrame(animateBars);
      100 |       };
      101 |

      at printWarning (node_modules/react-dom/cjs/react-dom.development.js:86:30)
      at error (node_modules/react-dom/cjs/react-dom.development.js:60:7)
      at warnIfUpdatesNotWrappedWithActDEV (node_modules/react-dom/cjs/react-dom.development.js:27628:9)
      at scheduleUpdateOnFiber (node_modules/react-dom/cjs/react-dom.development.js:25547:5)
      at dispatchSetState (node_modules/react-dom/cjs/react-dom.development.js:16708:7)
      at animateBars (src/components/ui/MusicCard/MusicCardVisualizer.tsx:98:9)
      at callTimer (node_modules/@sinonjs/fake-timers/src/fake-timers-src.js:744:24)
      at doTickInner (node_modules/@sinonjs/fake-timers/src/fake-timers-src.js:1312:29)
      at doTick (node_modules/@sinonjs/fake-timers/src/fake-timers-src.js:1393:20)
      at Object.tick (node_modules/@sinonjs/fake-timers/src/fake-timers-src.js:1401:20)
      at FakeTimers.advanceTimersByTime (node_modules/@jest/fake-timers/build/modernFakeTimers.js:94:19)
      at Object.<anonymous> (src/components/ui/MusicCard/__tests__/MusicCardVisualizer.test.tsx:129:10)

    console.error
      Warning: An update to MusicCardVisualizer inside a test was not wrapped in act(...).
      
      When testing, code that causes React state updates should be wrapped into act(...):
      
      act(() => {
        /* fire events that update state */
      });
      /* assert on the output */
      
      This ensures that you're testing the behavior the user would see in the browser. Learn more at https://reactjs.org/link/wrap-tests-with-act
          at MusicCardVisualizer (/Users/juanzeiher/Visual Code/djlarian-react/src/components/ui/MusicCard/MusicCardVisualizer.tsx:23:3)

      63 |         const elapsed = (Date.now() - startTimeRef.current) / 1000;
      64 |         const time = elapsed;
    > 65 |         setCurrentTime(time);
         |         ^
      66 |
      67 |         let newData: number[];
      68 |

      at printWarning (node_modules/react-dom/cjs/react-dom.development.js:86:30)
      at error (node_modules/react-dom/cjs/react-dom.development.js:60:7)
      at warnIfUpdatesNotWrappedWithActDEV (node_modules/react-dom/cjs/react-dom.development.js:27628:9)
      at scheduleUpdateOnFiber (node_modules/react-dom/cjs/react-dom.development.js:25547:5)
      at dispatchSetState (node_modules/react-dom/cjs/react-dom.development.js:16708:7)
      at animateBars (src/components/ui/MusicCard/MusicCardVisualizer.tsx:65:9)
      at callTimer (node_modules/@sinonjs/fake-timers/src/fake-timers-src.js:744:24)
      at doTickInner (node_modules/@sinonjs/fake-timers/src/fake-timers-src.js:1312:29)
      at doTick (node_modules/@sinonjs/fake-timers/src/fake-timers-src.js:1393:20)
      at Object.tick (node_modules/@sinonjs/fake-timers/src/fake-timers-src.js:1401:20)
      at FakeTimers.advanceTimersByTime (node_modules/@jest/fake-timers/build/modernFakeTimers.js:94:19)
      at Object.<anonymous> (src/components/ui/MusicCard/__tests__/MusicCardVisualizer.test.tsx:129:10)

    console.error
      Warning: An update to MusicCardVisualizer inside a test was not wrapped in act(...).
      
      When testing, code that causes React state updates should be wrapped into act(...):
      
      act(() => {
        /* fire events that update state */
      });
      /* assert on the output */
      
      This ensures that you're testing the behavior the user would see in the browser. Learn more at https://reactjs.org/link/wrap-tests-with-act
          at MusicCardVisualizer (/Users/juanzeiher/Visual Code/djlarian-react/src/components/ui/MusicCard/MusicCardVisualizer.tsx:23:3)

       96 |
       97 |         previousAudioDataRef.current = newData;
    >  98 |         setAudioData(newData);
          |         ^
       99 |         animationFrameRef.current = requestAnimationFrame(animateBars);
      100 |       };
      101 |

      at printWarning (node_modules/react-dom/cjs/react-dom.development.js:86:30)
      at error (node_modules/react-dom/cjs/react-dom.development.js:60:7)
      at warnIfUpdatesNotWrappedWithActDEV (node_modules/react-dom/cjs/react-dom.development.js:27628:9)
      at scheduleUpdateOnFiber (node_modules/react-dom/cjs/react-dom.development.js:25547:5)
      at dispatchSetState (node_modules/react-dom/cjs/react-dom.development.js:16708:7)
      at animateBars (src/components/ui/MusicCard/MusicCardVisualizer.tsx:98:9)
      at callTimer (node_modules/@sinonjs/fake-timers/src/fake-timers-src.js:744:24)
      at doTickInner (node_modules/@sinonjs/fake-timers/src/fake-timers-src.js:1312:29)
      at doTick (node_modules/@sinonjs/fake-timers/src/fake-timers-src.js:1393:20)
      at Object.tick (node_modules/@sinonjs/fake-timers/src/fake-timers-src.js:1401:20)
      at FakeTimers.advanceTimersByTime (node_modules/@jest/fake-timers/build/modernFakeTimers.js:94:19)
      at Object.<anonymous> (src/components/ui/MusicCard/__tests__/MusicCardVisualizer.test.tsx:129:10)

    console.error
      Warning: An update to MusicCardVisualizer inside a test was not wrapped in act(...).
      
      When testing, code that causes React state updates should be wrapped into act(...):
      
      act(() => {
        /* fire events that update state */
      });
      /* assert on the output */
      
      This ensures that you're testing the behavior the user would see in the browser. Learn more at https://reactjs.org/link/wrap-tests-with-act
          at MusicCardVisualizer (/Users/juanzeiher/Visual Code/djlarian-react/src/components/ui/MusicCard/MusicCardVisualizer.tsx:23:3)

      63 |         const elapsed = (Date.now() - startTimeRef.current) / 1000;
      64 |         const time = elapsed;
    > 65 |         setCurrentTime(time);
         |         ^
      66 |
      67 |         let newData: number[];
      68 |

      at printWarning (node_modules/react-dom/cjs/react-dom.development.js:86:30)
      at error (node_modules/react-dom/cjs/react-dom.development.js:60:7)
      at warnIfUpdatesNotWrappedWithActDEV (node_modules/react-dom/cjs/react-dom.development.js:27628:9)
      at scheduleUpdateOnFiber (node_modules/react-dom/cjs/react-dom.development.js:25547:5)
      at dispatchSetState (node_modules/react-dom/cjs/react-dom.development.js:16708:7)
      at animateBars (src/components/ui/MusicCard/MusicCardVisualizer.tsx:65:9)
      at callTimer (node_modules/@sinonjs/fake-timers/src/fake-timers-src.js:744:24)
      at doTickInner (node_modules/@sinonjs/fake-timers/src/fake-timers-src.js:1312:29)
      at doTick (node_modules/@sinonjs/fake-timers/src/fake-timers-src.js:1393:20)
      at Object.tick (node_modules/@sinonjs/fake-timers/src/fake-timers-src.js:1401:20)
      at FakeTimers.advanceTimersByTime (node_modules/@jest/fake-timers/build/modernFakeTimers.js:94:19)
      at Object.<anonymous> (src/components/ui/MusicCard/__tests__/MusicCardVisualizer.test.tsx:147:10)

    console.error
      Warning: An update to MusicCardVisualizer inside a test was not wrapped in act(...).
      
      When testing, code that causes React state updates should be wrapped into act(...):
      
      act(() => {
        /* fire events that update state */
      });
      /* assert on the output */
      
      This ensures that you're testing the behavior the user would see in the browser. Learn more at https://reactjs.org/link/wrap-tests-with-act
          at MusicCardVisualizer (/Users/juanzeiher/Visual Code/djlarian-react/src/components/ui/MusicCard/MusicCardVisualizer.tsx:23:3)

       96 |
       97 |         previousAudioDataRef.current = newData;
    >  98 |         setAudioData(newData);
          |         ^
       99 |         animationFrameRef.current = requestAnimationFrame(animateBars);
      100 |       };
      101 |

      at printWarning (node_modules/react-dom/cjs/react-dom.development.js:86:30)
      at error (node_modules/react-dom/cjs/react-dom.development.js:60:7)
      at warnIfUpdatesNotWrappedWithActDEV (node_modules/react-dom/cjs/react-dom.development.js:27628:9)
      at scheduleUpdateOnFiber (node_modules/react-dom/cjs/react-dom.development.js:25547:5)
      at dispatchSetState (node_modules/react-dom/cjs/react-dom.development.js:16708:7)
      at animateBars (src/components/ui/MusicCard/MusicCardVisualizer.tsx:98:9)
      at callTimer (node_modules/@sinonjs/fake-timers/src/fake-timers-src.js:744:24)
      at doTickInner (node_modules/@sinonjs/fake-timers/src/fake-timers-src.js:1312:29)
      at doTick (node_modules/@sinonjs/fake-timers/src/fake-timers-src.js:1393:20)
      at Object.tick (node_modules/@sinonjs/fake-timers/src/fake-timers-src.js:1401:20)
      at FakeTimers.advanceTimersByTime (node_modules/@jest/fake-timers/build/modernFakeTimers.js:94:19)
      at Object.<anonymous> (src/components/ui/MusicCard/__tests__/MusicCardVisualizer.test.tsx:147:10)

    console.error
      Warning: An update to MusicCardVisualizer inside a test was not wrapped in act(...).
      
      When testing, code that causes React state updates should be wrapped into act(...):
      
      act(() => {
        /* fire events that update state */
      });
      /* assert on the output */
      
      This ensures that you're testing the behavior the user would see in the browser. Learn more at https://reactjs.org/link/wrap-tests-with-act
          at MusicCardVisualizer (/Users/juanzeiher/Visual Code/djlarian-react/src/components/ui/MusicCard/MusicCardVisualizer.tsx:23:3)

      63 |         const elapsed = (Date.now() - startTimeRef.current) / 1000;
      64 |         const time = elapsed;
    > 65 |         setCurrentTime(time);
         |         ^
      66 |
      67 |         let newData: number[];
      68 |

      at printWarning (node_modules/react-dom/cjs/react-dom.development.js:86:30)
      at error (node_modules/react-dom/cjs/react-dom.development.js:60:7)
      at warnIfUpdatesNotWrappedWithActDEV (node_modules/react-dom/cjs/react-dom.development.js:27628:9)
      at scheduleUpdateOnFiber (node_modules/react-dom/cjs/react-dom.development.js:25547:5)
      at dispatchSetState (node_modules/react-dom/cjs/react-dom.development.js:16708:7)
      at animateBars (src/components/ui/MusicCard/MusicCardVisualizer.tsx:65:9)
      at callTimer (node_modules/@sinonjs/fake-timers/src/fake-timers-src.js:744:24)
      at doTickInner (node_modules/@sinonjs/fake-timers/src/fake-timers-src.js:1312:29)
      at doTick (node_modules/@sinonjs/fake-timers/src/fake-timers-src.js:1393:20)
      at Object.tick (node_modules/@sinonjs/fake-timers/src/fake-timers-src.js:1401:20)
      at FakeTimers.advanceTimersByTime (node_modules/@jest/fake-timers/build/modernFakeTimers.js:94:19)
      at Object.<anonymous> (src/components/ui/MusicCard/__tests__/MusicCardVisualizer.test.tsx:147:10)

    console.error
      Warning: An update to MusicCardVisualizer inside a test was not wrapped in act(...).
      
      When testing, code that causes React state updates should be wrapped into act(...):
      
      act(() => {
        /* fire events that update state */
      });
      /* assert on the output */
      
      This ensures that you're testing the behavior the user would see in the browser. Learn more at https://reactjs.org/link/wrap-tests-with-act
          at MusicCardVisualizer (/Users/juanzeiher/Visual Code/djlarian-react/src/components/ui/MusicCard/MusicCardVisualizer.tsx:23:3)

       96 |
       97 |         previousAudioDataRef.current = newData;
    >  98 |         setAudioData(newData);
          |         ^
       99 |         animationFrameRef.current = requestAnimationFrame(animateBars);
      100 |       };
      101 |

      at printWarning (node_modules/react-dom/cjs/react-dom.development.js:86:30)
      at error (node_modules/react-dom/cjs/react-dom.development.js:60:7)
      at warnIfUpdatesNotWrappedWithActDEV (node_modules/react-dom/cjs/react-dom.development.js:27628:9)
      at scheduleUpdateOnFiber (node_modules/react-dom/cjs/react-dom.development.js:25547:5)
      at dispatchSetState (node_modules/react-dom/cjs/react-dom.development.js:16708:7)
      at animateBars (src/components/ui/MusicCard/MusicCardVisualizer.tsx:98:9)
      at callTimer (node_modules/@sinonjs/fake-timers/src/fake-timers-src.js:744:24)
      at doTickInner (node_modules/@sinonjs/fake-timers/src/fake-timers-src.js:1312:29)
      at doTick (node_modules/@sinonjs/fake-timers/src/fake-timers-src.js:1393:20)
      at Object.tick (node_modules/@sinonjs/fake-timers/src/fake-timers-src.js:1401:20)
      at FakeTimers.advanceTimersByTime (node_modules/@jest/fake-timers/build/modernFakeTimers.js:94:19)
      at Object.<anonymous> (src/components/ui/MusicCard/__tests__/MusicCardVisualizer.test.tsx:147:10)

(node:43528) [DEP0040] DeprecationWarning: The `punycode` module is deprecated. Please use a userland alternative instead.
(Use `node --trace-deprecation ...` to show where the warning was created)
PASS src/components/ui/MusicCard/__tests__/MusicCard.integration.test.tsx
  ● Console

    console.error
      Warning: Function components cannot be given refs. Attempts to access this ref will fail. Did you mean to use React.forwardRef()?
      
      Check the render method of `MusicCardComponent`.
          at div (/Users/juanzeiher/Visual Code/djlarian-react/src/components/ui/MusicCard/__tests__/MusicCard.integration.test.tsx:26:13)
          at MusicCardComponent (/Users/juanzeiher/Visual Code/djlarian-react/src/components/ui/MusicCard.tsx:40:3)

      122 |
      123 |   it('should render all sub-components', () => {
    > 124 |     render(<MusicCard track={mockTrack} onPlay={mockOnPlay} isPlaying={false} isActive={false} />);
          |           ^
      125 |
      126 |     expect(screen.getByTestId('track-image')).toBeInTheDocument();
      127 |     expect(screen.getByTestId('track-info')).toBeInTheDocument();

      at printWarning (node_modules/react-dom/cjs/react-dom.development.js:86:30)
      at error (node_modules/react-dom/cjs/react-dom.development.js:60:7)
      at validateFunctionComponentInDev (node_modules/react-dom/cjs/react-dom.development.js:20222:9)
      at mountIndeterminateComponent (node_modules/react-dom/cjs/react-dom.development.js:20189:7)
      at beginWork (node_modules/react-dom/cjs/react-dom.development.js:21626:16)
      at beginWork$1 (node_modules/react-dom/cjs/react-dom.development.js:27465:14)
      at performUnitOfWork (node_modules/react-dom/cjs/react-dom.development.js:26599:12)
      at workLoopSync (node_modules/react-dom/cjs/react-dom.development.js:26505:5)
      at renderRootSync (node_modules/react-dom/cjs/react-dom.development.js:26473:7)
      at performConcurrentWorkOnRoot (node_modules/react-dom/cjs/react-dom.development.js:25777:74)
      at flushActQueue (node_modules/react/cjs/react.development.js:2667:24)
      at act (node_modules/react/cjs/react.development.js:2582:11)
      at node_modules/@testing-library/react/dist/act-compat.js:47:25
      at renderRoot (node_modules/@testing-library/react/dist/pure.js:180:26)
      at render (node_modules/@testing-library/react/dist/pure.js:271:10)
      at Object.<anonymous> (src/components/ui/MusicCard/__tests__/MusicCard.integration.test.tsx:124:11)

    console.error
      Warning: React does not recognize the `whileHover` prop on a DOM element. If you intentionally want it to appear in the DOM as a custom attribute, spell it as lowercase `whilehover` instead. If you accidentally passed it from a parent component, remove it from the DOM element.
          at div
          at div (/Users/juanzeiher/Visual Code/djlarian-react/src/components/ui/MusicCard/__tests__/MusicCard.integration.test.tsx:26:13)
          at MusicCardComponent (/Users/juanzeiher/Visual Code/djlarian-react/src/components/ui/MusicCard.tsx:40:3)

      122 |
      123 |   it('should render all sub-components', () => {
    > 124 |     render(<MusicCard track={mockTrack} onPlay={mockOnPlay} isPlaying={false} isActive={false} />);
          |           ^
      125 |
      126 |     expect(screen.getByTestId('track-image')).toBeInTheDocument();
      127 |     expect(screen.getByTestId('track-info')).toBeInTheDocument();

      at printWarning (node_modules/react-dom/cjs/react-dom.development.js:86:30)
      at error (node_modules/react-dom/cjs/react-dom.development.js:60:7)
      at validateProperty$1 (node_modules/react-dom/cjs/react-dom.development.js:3757:7)
      at warnUnknownProperties (node_modules/react-dom/cjs/react-dom.development.js:3803:21)
      at validateProperties$2 (node_modules/react-dom/cjs/react-dom.development.js:3827:3)
      at validatePropertiesInDevelopment (node_modules/react-dom/cjs/react-dom.development.js:9541:5)
      at setInitialProperties (node_modules/react-dom/cjs/react-dom.development.js:9830:5)
      at finalizeInitialChildren (node_modules/react-dom/cjs/react-dom.development.js:10950:3)
      at completeWork (node_modules/react-dom/cjs/react-dom.development.js:22232:17)
      at completeUnitOfWork (node_modules/react-dom/cjs/react-dom.development.js:26632:16)
      at performUnitOfWork (node_modules/react-dom/cjs/react-dom.development.js:26607:5)
      at workLoopSync (node_modules/react-dom/cjs/react-dom.development.js:26505:5)
      at renderRootSync (node_modules/react-dom/cjs/react-dom.development.js:26473:7)
      at performConcurrentWorkOnRoot (node_modules/react-dom/cjs/react-dom.development.js:25777:74)
      at flushActQueue (node_modules/react/cjs/react.development.js:2667:24)
      at act (node_modules/react/cjs/react.development.js:2582:11)
      at node_modules/@testing-library/react/dist/act-compat.js:47:25
      at renderRoot (node_modules/@testing-library/react/dist/pure.js:180:26)
      at render (node_modules/@testing-library/react/dist/pure.js:271:10)
      at Object.<anonymous> (src/components/ui/MusicCard/__tests__/MusicCard.integration.test.tsx:124:11)

PASS src/lib/utils/hooks/__tests__/useEditEvent.test.ts
PASS src/components/ui/__tests__/Button.test.tsx
PASS src/components/ui/__tests__/Input.test.tsx
PASS src/app/(routes)/admin/music/utils/__tests__/getTrackStatus.test.ts
PASS src/lib/services/__tests__/soundcloud-parser.test.ts
PASS src/app/(routes)/admin/music/hooks/__tests__/useImageUpload.test.ts
PASS src/components/ui/__tests__/Card.test.tsx
PASS src/hooks/__tests__/useAudioVisualizer.test.tsx
  ● Console

    console.error
      Warning: An update to TestComponent inside a test was not wrapped in act(...).
      
      When testing, code that causes React state updates should be wrapped into act(...):
      
      act(() => {
        /* fire events that update state */
      });
      /* assert on the output */
      
      This ensures that you're testing the behavior the user would see in the browser. Learn more at https://reactjs.org/link/wrap-tests-with-act
          at TestComponent (/Users/juanzeiher/Visual Code/djlarian-react/node_modules/@testing-library/react/dist/pure.js:307:5)

      49 |           });
      50 |
    > 51 |         setAudioData(newData);
         |         ^
      52 |         animationFrameRef.current = requestAnimationFrame(animateBars);
      53 |       };
      54 |

      at printWarning (node_modules/react-dom/cjs/react-dom.development.js:86:30)
      at error (node_modules/react-dom/cjs/react-dom.development.js:60:7)
      at warnIfUpdatesNotWrappedWithActDEV (node_modules/react-dom/cjs/react-dom.development.js:27628:9)
      at scheduleUpdateOnFiber (node_modules/react-dom/cjs/react-dom.development.js:25547:5)
      at dispatchSetState (node_modules/react-dom/cjs/react-dom.development.js:16708:7)
      at animateBars (src/hooks/useAudioVisualizer.tsx:51:9)
      at callTimer (node_modules/@sinonjs/fake-timers/src/fake-timers-src.js:744:24)
      at doTickInner (node_modules/@sinonjs/fake-timers/src/fake-timers-src.js:1312:29)
      at doTick (node_modules/@sinonjs/fake-timers/src/fake-timers-src.js:1393:20)
      at Object.tick (node_modules/@sinonjs/fake-timers/src/fake-timers-src.js:1401:20)
      at Object.runToLast (node_modules/@sinonjs/fake-timers/src/fake-timers-src.js:1558:26)
      at FakeTimers.runOnlyPendingTimers (node_modules/@jest/fake-timers/build/modernFakeTimers.js:60:19)
      at Object.<anonymous> (src/hooks/__tests__/useAudioVisualizer.test.tsx:18:10)

    console.error
      Warning: An update to TestComponent inside a test was not wrapped in act(...).
      
      When testing, code that causes React state updates should be wrapped into act(...):
      
      act(() => {
        /* fire events that update state */
      });
      /* assert on the output */
      
      This ensures that you're testing the behavior the user would see in the browser. Learn more at https://reactjs.org/link/wrap-tests-with-act
          at TestComponent (/Users/juanzeiher/Visual Code/djlarian-react/node_modules/@testing-library/react/dist/pure.js:307:5)

      49 |           });
      50 |
    > 51 |         setAudioData(newData);
         |         ^
      52 |         animationFrameRef.current = requestAnimationFrame(animateBars);
      53 |       };
      54 |

      at printWarning (node_modules/react-dom/cjs/react-dom.development.js:86:30)
      at error (node_modules/react-dom/cjs/react-dom.development.js:60:7)
      at warnIfUpdatesNotWrappedWithActDEV (node_modules/react-dom/cjs/react-dom.development.js:27628:9)
      at scheduleUpdateOnFiber (node_modules/react-dom/cjs/react-dom.development.js:25547:5)
      at dispatchSetState (node_modules/react-dom/cjs/react-dom.development.js:16708:7)
      at animateBars (src/hooks/useAudioVisualizer.tsx:51:9)
      at callTimer (node_modules/@sinonjs/fake-timers/src/fake-timers-src.js:744:24)
      at doTickInner (node_modules/@sinonjs/fake-timers/src/fake-timers-src.js:1312:29)
      at doTick (node_modules/@sinonjs/fake-timers/src/fake-timers-src.js:1393:20)
      at Object.tick (node_modules/@sinonjs/fake-timers/src/fake-timers-src.js:1401:20)
      at Object.runToLast (node_modules/@sinonjs/fake-timers/src/fake-timers-src.js:1558:26)
      at FakeTimers.runOnlyPendingTimers (node_modules/@jest/fake-timers/build/modernFakeTimers.js:60:19)
      at Object.<anonymous> (src/hooks/__tests__/useAudioVisualizer.test.tsx:18:10)

    console.error
      Warning: An update to TestComponent inside a test was not wrapped in act(...).
      
      When testing, code that causes React state updates should be wrapped into act(...):
      
      act(() => {
        /* fire events that update state */
      });
      /* assert on the output */
      
      This ensures that you're testing the behavior the user would see in the browser. Learn more at https://reactjs.org/link/wrap-tests-with-act
          at TestComponent (/Users/juanzeiher/Visual Code/djlarian-react/node_modules/@testing-library/react/dist/pure.js:307:5)

      49 |           });
      50 |
    > 51 |         setAudioData(newData);
         |         ^
      52 |         animationFrameRef.current = requestAnimationFrame(animateBars);
      53 |       };
      54 |

      at printWarning (node_modules/react-dom/cjs/react-dom.development.js:86:30)
      at error (node_modules/react-dom/cjs/react-dom.development.js:60:7)
      at warnIfUpdatesNotWrappedWithActDEV (node_modules/react-dom/cjs/react-dom.development.js:27628:9)
      at scheduleUpdateOnFiber (node_modules/react-dom/cjs/react-dom.development.js:25547:5)
      at dispatchSetState (node_modules/react-dom/cjs/react-dom.development.js:16708:7)
      at animateBars (src/hooks/useAudioVisualizer.tsx:51:9)
      at callTimer (node_modules/@sinonjs/fake-timers/src/fake-timers-src.js:744:24)
      at doTickInner (node_modules/@sinonjs/fake-timers/src/fake-timers-src.js:1312:29)
      at doTick (node_modules/@sinonjs/fake-timers/src/fake-timers-src.js:1393:20)
      at Object.tick (node_modules/@sinonjs/fake-timers/src/fake-timers-src.js:1401:20)
      at Object.runToLast (node_modules/@sinonjs/fake-timers/src/fake-timers-src.js:1558:26)
      at FakeTimers.runOnlyPendingTimers (node_modules/@jest/fake-timers/build/modernFakeTimers.js:60:19)
      at Object.<anonymous> (src/hooks/__tests__/useAudioVisualizer.test.tsx:18:10)

(node:43530) [DEP0040] DeprecationWarning: The `punycode` module is deprecated. Please use a userland alternative instead.
(Use `node --trace-deprecation ...` to show where the warning was created)
(node:43529) [DEP0040] DeprecationWarning: The `punycode` module is deprecated. Please use a userland alternative instead.
(Use `node --trace-deprecation ...` to show where the warning was created)
PASS src/hooks/__tests__/useAudioFrequencyCapture.test.ts
PASS src/app/api/__tests__/health.test.ts
PASS src/app/(routes)/admin/configuration/__tests__/GestionImages.test.tsx
PASS src/app/components/EventForm/hooks/__tests__/useEventTickets.test.ts
PASS src/hooks/game/__tests__/useCollisionDetection.test.ts
PASS src/hooks/__tests__/useSoundCloudPlayer.test.ts
PASS src/hooks/__tests__/useGameManager.test.ts
PASS src/app/(routes)/admin/music/hooks/__tests__/useTrackForm.test.ts
  ● Console

    console.error
      Error: Not implemented: window.scrollTo
          at module.exports (/Users/juanzeiher/Visual Code/djlarian-react/node_modules/jsdom/lib/jsdom/browser/not-implemented.js:9:17)
          at /Users/juanzeiher/Visual Code/djlarian-react/node_modules/jsdom/lib/jsdom/browser/Window.js:870:7
          at Object.handleEdit (/Users/juanzeiher/Visual Code/djlarian-react/src/app/(routes)/admin/music/hooks/useTrackForm.ts:76:16)
          at /Users/juanzeiher/Visual Code/djlarian-react/src/app/(routes)/admin/music/hooks/__tests__/useTrackForm.test.ts:67:22
          at /Users/juanzeiher/Visual Code/djlarian-react/node_modules/@testing-library/react/dist/act-compat.js:48:24
          at act (/Users/juanzeiher/Visual Code/djlarian-react/node_modules/react/cjs/react.development.js:2512:16)
          at /Users/juanzeiher/Visual Code/djlarian-react/node_modules/@testing-library/react/dist/act-compat.js:47:25
          at Object.<anonymous> (/Users/juanzeiher/Visual Code/djlarian-react/src/app/(routes)/admin/music/hooks/__tests__/useTrackForm.test.ts:66:8)
          at Promise.then.completed (/Users/juanzeiher/Visual Code/djlarian-react/node_modules/jest-circus/build/utils.js:298:28)
          at new Promise (<anonymous>)
          at callAsyncCircusFn (/Users/juanzeiher/Visual Code/djlarian-react/node_modules/jest-circus/build/utils.js:231:10)
          at _callCircusTest (/Users/juanzeiher/Visual Code/djlarian-react/node_modules/jest-circus/build/run.js:316:40)
          at processTicksAndRejections (node:internal/process/task_queues:105:5)
          at _runTest (/Users/juanzeiher/Visual Code/djlarian-react/node_modules/jest-circus/build/run.js:252:3)
          at _runTestsForDescribeBlock (/Users/juanzeiher/Visual Code/djlarian-react/node_modules/jest-circus/build/run.js:126:9)
          at _runTestsForDescribeBlock (/Users/juanzeiher/Visual Code/djlarian-react/node_modules/jest-circus/build/run.js:121:9)
          at run (/Users/juanzeiher/Visual Code/djlarian-react/node_modules/jest-circus/build/run.js:71:3)
          at runAndTransformResultsToJestFormat (/Users/juanzeiher/Visual Code/djlarian-react/node_modules/jest-circus/build/legacy-code-todo-rewrite/jestAdapterInit.js:122:21)
          at jestAdapter (/Users/juanzeiher/Visual Code/djlarian-react/node_modules/jest-circus/build/legacy-code-todo-rewrite/jestAdapter.js:79:19)
          at runTestInternal (/Users/juanzeiher/Visual Code/djlarian-react/node_modules/jest-runner/build/runTest.js:367:16)
          at runTest (/Users/juanzeiher/Visual Code/djlarian-react/node_modules/jest-runner/build/runTest.js:444:34)
          at Object.worker (/Users/juanzeiher/Visual Code/djlarian-react/node_modules/jest-runner/build/testWorker.js:106:12) {
        type: 'not implemented'
      }

      74 |       // Scroll to top
      75 |       if (typeof window !== 'undefined') {
    > 76 |         window.scrollTo({ top: 0, behavior: 'smooth' });
         |                ^
      77 |       }
      78 |     },
      79 |     []

      at VirtualConsole.<anonymous> (node_modules/jest-environment-jsdom/build/index.js:63:23)
      at module.exports (node_modules/jsdom/lib/jsdom/browser/not-implemented.js:12:26)
      at node_modules/jsdom/lib/jsdom/browser/Window.js:870:7
      at Object.handleEdit (/Users/juanzeiher/Visual Code/djlarian-react/src/app/(routes)../../../../admin/music/hooks/useTrackForm.ts:76:16)
      at /Users/juanzeiher/Visual Code/djlarian-react/src/app/(routes)../../../../admin/music/hooks/__tests__/useTrackForm.test.ts:67:22
      at node_modules/@testing-library/react/dist/act-compat.js:48:24
      at act (node_modules/react/cjs/react.development.js:2512:16)
      at node_modules/@testing-library/react/dist/act-compat.js:47:25
      at Object.<anonymous> (/Users/juanzeiher/Visual Code/djlarian-react/src/app/(routes)../../../../admin/music/hooks/__tests__/useTrackForm.test.ts:66:8)

PASS src/lib/utils/__tests__/getStorageConfig.test.ts
  ● Console

    console.warn
      [WARN] [STORAGE CONFIG] Production détectée mais BLOB_READ_WRITE_TOKEN non configuré. Les images ne pourront pas être uploadées.

      44 |    */
      45 |   warn(message: string, ...args: unknown[]): void {
    > 46 |     console.warn(`[WARN] ${message}`, ...args);
         |             ^
      47 |   }
      48 |
      49 |   /**

      at Logger.warn (src/lib/logger.ts:46:13)
      at shouldUseBlobStorage (src/lib/utils/getStorageConfig.ts:26:14)
      at Object.<anonymous> (src/lib/utils/__tests__/getStorageConfig.test.ts:68:42)

    console.warn
      [WARN] [STORAGE CONFIG] Switch production activé mais BLOB_READ_WRITE_TOKEN non configuré. Les images seront servies localement.

      44 |    */
      45 |   warn(message: string, ...args: unknown[]): void {
    > 46 |     console.warn(`[WARN] ${message}`, ...args);
         |             ^
      47 |   }
      48 |
      49 |   /**

      at Logger.warn (src/lib/logger.ts:46:13)
      at shouldUseBlobStorage (src/lib/utils/getStorageConfig.ts:43:18)
      at Object.<anonymous> (src/lib/utils/__tests__/getStorageConfig.test.ts:101:42)

    console.warn
      [WARN] [STORAGE CONFIG] Erreur lecture switch, utilisation locale par défaut SyntaxError: Unexpected token 'i', "invalid json" is not valid JSON
          at JSON.parse (<anonymous>)
          at shouldUseBlobStorage (/Users/juanzeiher/Visual Code/djlarian-react/src/lib/utils/getStorageConfig.ts:37:33)
          at /Users/juanzeiher/Visual Code/djlarian-react/src/lib/utils/__tests__/getStorageConfig.test.ts:118:40
          at Object.<anonymous> (/Users/juanzeiher/Visual Code/djlarian-react/node_modules/expect/build/toThrowMatchers.js:74:11)
          at Object.throwingMatcher [as toThrow] (/Users/juanzeiher/Visual Code/djlarian-react/node_modules/expect/build/index.js:320:21)
          at Object.<anonymous> (/Users/juanzeiher/Visual Code/djlarian-react/src/lib/utils/__tests__/getStorageConfig.test.ts:118:48)
          at Promise.then.completed (/Users/juanzeiher/Visual Code/djlarian-react/node_modules/jest-circus/build/utils.js:298:28)
          at new Promise (<anonymous>)
          at callAsyncCircusFn (/Users/juanzeiher/Visual Code/djlarian-react/node_modules/jest-circus/build/utils.js:231:10)
          at _callCircusTest (/Users/juanzeiher/Visual Code/djlarian-react/node_modules/jest-circus/build/run.js:316:40)
          at processTicksAndRejections (node:internal/process/task_queues:105:5)
          at _runTest (/Users/juanzeiher/Visual Code/djlarian-react/node_modules/jest-circus/build/run.js:252:3)
          at _runTestsForDescribeBlock (/Users/juanzeiher/Visual Code/djlarian-react/node_modules/jest-circus/build/run.js:126:9)
          at _runTestsForDescribeBlock (/Users/juanzeiher/Visual Code/djlarian-react/node_modules/jest-circus/build/run.js:121:9)
          at _runTestsForDescribeBlock (/Users/juanzeiher/Visual Code/djlarian-react/node_modules/jest-circus/build/run.js:121:9)
          at run (/Users/juanzeiher/Visual Code/djlarian-react/node_modules/jest-circus/build/run.js:71:3)
          at runAndTransformResultsToJestFormat (/Users/juanzeiher/Visual Code/djlarian-react/node_modules/jest-circus/build/legacy-code-todo-rewrite/jestAdapterInit.js:122:21)
          at jestAdapter (/Users/juanzeiher/Visual Code/djlarian-react/node_modules/jest-circus/build/legacy-code-todo-rewrite/jestAdapter.js:79:19)
          at runTestInternal (/Users/juanzeiher/Visual Code/djlarian-react/node_modules/jest-runner/build/runTest.js:367:16)
          at runTest (/Users/juanzeiher/Visual Code/djlarian-react/node_modules/jest-runner/build/runTest.js:444:34)
          at Object.worker (/Users/juanzeiher/Visual Code/djlarian-react/node_modules/jest-runner/build/testWorker.js:106:12)

      44 |    */
      45 |   warn(message: string, ...args: unknown[]): void {
    > 46 |     console.warn(`[WARN] ${message}`, ...args);
         |             ^
      47 |   }
      48 |
      49 |   /**

      at Logger.warn (src/lib/logger.ts:46:13)
      at shouldUseBlobStorage (src/lib/utils/getStorageConfig.ts:51:12)
      at src/lib/utils/__tests__/getStorageConfig.test.ts:118:40
      at Object.<anonymous> (node_modules/expect/build/toThrowMatchers.js:74:11)
      at Object.throwingMatcher [as toThrow] (node_modules/expect/build/index.js:320:21)
      at Object.<anonymous> (src/lib/utils/__tests__/getStorageConfig.test.ts:118:48)

    console.warn
      [WARN] [STORAGE CONFIG] Erreur lecture switch, utilisation locale par défaut SyntaxError: Unexpected token 'i', "invalid json" is not valid JSON
          at JSON.parse (<anonymous>)
          at shouldUseBlobStorage (/Users/juanzeiher/Visual Code/djlarian-react/src/lib/utils/getStorageConfig.ts:37:33)
          at Object.<anonymous> (/Users/juanzeiher/Visual Code/djlarian-react/src/lib/utils/__tests__/getStorageConfig.test.ts:119:42)
          at Promise.then.completed (/Users/juanzeiher/Visual Code/djlarian-react/node_modules/jest-circus/build/utils.js:298:28)
          at new Promise (<anonymous>)
          at callAsyncCircusFn (/Users/juanzeiher/Visual Code/djlarian-react/node_modules/jest-circus/build/utils.js:231:10)
          at _callCircusTest (/Users/juanzeiher/Visual Code/djlarian-react/node_modules/jest-circus/build/run.js:316:40)
          at processTicksAndRejections (node:internal/process/task_queues:105:5)
          at _runTest (/Users/juanzeiher/Visual Code/djlarian-react/node_modules/jest-circus/build/run.js:252:3)
          at _runTestsForDescribeBlock (/Users/juanzeiher/Visual Code/djlarian-react/node_modules/jest-circus/build/run.js:126:9)
          at _runTestsForDescribeBlock (/Users/juanzeiher/Visual Code/djlarian-react/node_modules/jest-circus/build/run.js:121:9)
          at _runTestsForDescribeBlock (/Users/juanzeiher/Visual Code/djlarian-react/node_modules/jest-circus/build/run.js:121:9)
          at run (/Users/juanzeiher/Visual Code/djlarian-react/node_modules/jest-circus/build/run.js:71:3)
          at runAndTransformResultsToJestFormat (/Users/juanzeiher/Visual Code/djlarian-react/node_modules/jest-circus/build/legacy-code-todo-rewrite/jestAdapterInit.js:122:21)
          at jestAdapter (/Users/juanzeiher/Visual Code/djlarian-react/node_modules/jest-circus/build/legacy-code-todo-rewrite/jestAdapter.js:79:19)
          at runTestInternal (/Users/juanzeiher/Visual Code/djlarian-react/node_modules/jest-runner/build/runTest.js:367:16)
          at runTest (/Users/juanzeiher/Visual Code/djlarian-react/node_modules/jest-runner/build/runTest.js:444:34)
          at Object.worker (/Users/juanzeiher/Visual Code/djlarian-react/node_modules/jest-runner/build/testWorker.js:106:12)

      44 |    */
      45 |   warn(message: string, ...args: unknown[]): void {
    > 46 |     console.warn(`[WARN] ${message}`, ...args);
         |             ^
      47 |   }
      48 |
      49 |   /**

      at Logger.warn (src/lib/logger.ts:46:13)
      at shouldUseBlobStorage (src/lib/utils/getStorageConfig.ts:51:12)
      at Object.<anonymous> (src/lib/utils/__tests__/getStorageConfig.test.ts:119:42)

    console.warn
      [WARN] [STORAGE CONFIG] Erreur lecture switch, utilisation locale par défaut Error: File read error
          at Object.<anonymous> (/Users/juanzeiher/Visual Code/djlarian-react/src/lib/utils/__tests__/getStorageConfig.test.ts:127:15)
          at /Users/juanzeiher/Visual Code/djlarian-react/node_modules/jest-mock/build/index.js:397:39
          at Object.<anonymous> (/Users/juanzeiher/Visual Code/djlarian-react/node_modules/jest-mock/build/index.js:404:13)
          at Object.mockConstructor [as readFileSync] (/Users/juanzeiher/Visual Code/djlarian-react/node_modules/jest-mock/build/index.js:148:19)
          at shouldUseBlobStorage (/Users/juanzeiher/Visual Code/djlarian-react/src/lib/utils/getStorageConfig.ts:37:42)
          at /Users/juanzeiher/Visual Code/djlarian-react/src/lib/utils/__tests__/getStorageConfig.test.ts:130:40
          at Object.<anonymous> (/Users/juanzeiher/Visual Code/djlarian-react/node_modules/expect/build/toThrowMatchers.js:74:11)
          at Object.throwingMatcher [as toThrow] (/Users/juanzeiher/Visual Code/djlarian-react/node_modules/expect/build/index.js:320:21)
          at Object.<anonymous> (/Users/juanzeiher/Visual Code/djlarian-react/src/lib/utils/__tests__/getStorageConfig.test.ts:130:48)
          at Promise.then.completed (/Users/juanzeiher/Visual Code/djlarian-react/node_modules/jest-circus/build/utils.js:298:28)
          at new Promise (<anonymous>)
          at callAsyncCircusFn (/Users/juanzeiher/Visual Code/djlarian-react/node_modules/jest-circus/build/utils.js:231:10)
          at _callCircusTest (/Users/juanzeiher/Visual Code/djlarian-react/node_modules/jest-circus/build/run.js:316:40)
          at processTicksAndRejections (node:internal/process/task_queues:105:5)
          at _runTest (/Users/juanzeiher/Visual Code/djlarian-react/node_modules/jest-circus/build/run.js:252:3)
          at _runTestsForDescribeBlock (/Users/juanzeiher/Visual Code/djlarian-react/node_modules/jest-circus/build/run.js:126:9)
          at _runTestsForDescribeBlock (/Users/juanzeiher/Visual Code/djlarian-react/node_modules/jest-circus/build/run.js:121:9)
          at _runTestsForDescribeBlock (/Users/juanzeiher/Visual Code/djlarian-react/node_modules/jest-circus/build/run.js:121:9)
          at run (/Users/juanzeiher/Visual Code/djlarian-react/node_modules/jest-circus/build/run.js:71:3)
          at runAndTransformResultsToJestFormat (/Users/juanzeiher/Visual Code/djlarian-react/node_modules/jest-circus/build/legacy-code-todo-rewrite/jestAdapterInit.js:122:21)
          at jestAdapter (/Users/juanzeiher/Visual Code/djlarian-react/node_modules/jest-circus/build/legacy-code-todo-rewrite/jestAdapter.js:79:19)
          at runTestInternal (/Users/juanzeiher/Visual Code/djlarian-react/node_modules/jest-runner/build/runTest.js:367:16)
          at runTest (/Users/juanzeiher/Visual Code/djlarian-react/node_modules/jest-runner/build/runTest.js:444:34)
          at Object.worker (/Users/juanzeiher/Visual Code/djlarian-react/node_modules/jest-runner/build/testWorker.js:106:12)

      44 |    */
      45 |   warn(message: string, ...args: unknown[]): void {
    > 46 |     console.warn(`[WARN] ${message}`, ...args);
         |             ^
      47 |   }
      48 |
      49 |   /**

      at Logger.warn (src/lib/logger.ts:46:13)
      at shouldUseBlobStorage (src/lib/utils/getStorageConfig.ts:51:12)
      at src/lib/utils/__tests__/getStorageConfig.test.ts:130:40
      at Object.<anonymous> (node_modules/expect/build/toThrowMatchers.js:74:11)
      at Object.throwingMatcher [as toThrow] (node_modules/expect/build/index.js:320:21)
      at Object.<anonymous> (src/lib/utils/__tests__/getStorageConfig.test.ts:130:48)

    console.warn
      [WARN] [STORAGE CONFIG] Erreur lecture switch, utilisation locale par défaut Error: File read error
          at Object.<anonymous> (/Users/juanzeiher/Visual Code/djlarian-react/src/lib/utils/__tests__/getStorageConfig.test.ts:127:15)
          at /Users/juanzeiher/Visual Code/djlarian-react/node_modules/jest-mock/build/index.js:397:39
          at Object.<anonymous> (/Users/juanzeiher/Visual Code/djlarian-react/node_modules/jest-mock/build/index.js:404:13)
          at Object.mockConstructor [as readFileSync] (/Users/juanzeiher/Visual Code/djlarian-react/node_modules/jest-mock/build/index.js:148:19)
          at shouldUseBlobStorage (/Users/juanzeiher/Visual Code/djlarian-react/src/lib/utils/getStorageConfig.ts:37:42)
          at Object.<anonymous> (/Users/juanzeiher/Visual Code/djlarian-react/src/lib/utils/__tests__/getStorageConfig.test.ts:131:42)
          at Promise.then.completed (/Users/juanzeiher/Visual Code/djlarian-react/node_modules/jest-circus/build/utils.js:298:28)
          at new Promise (<anonymous>)
          at callAsyncCircusFn (/Users/juanzeiher/Visual Code/djlarian-react/node_modules/jest-circus/build/utils.js:231:10)
          at _callCircusTest (/Users/juanzeiher/Visual Code/djlarian-react/node_modules/jest-circus/build/run.js:316:40)
          at processTicksAndRejections (node:internal/process/task_queues:105:5)
          at _runTest (/Users/juanzeiher/Visual Code/djlarian-react/node_modules/jest-circus/build/run.js:252:3)
          at _runTestsForDescribeBlock (/Users/juanzeiher/Visual Code/djlarian-react/node_modules/jest-circus/build/run.js:126:9)
          at _runTestsForDescribeBlock (/Users/juanzeiher/Visual Code/djlarian-react/node_modules/jest-circus/build/run.js:121:9)
          at _runTestsForDescribeBlock (/Users/juanzeiher/Visual Code/djlarian-react/node_modules/jest-circus/build/run.js:121:9)
          at run (/Users/juanzeiher/Visual Code/djlarian-react/node_modules/jest-circus/build/run.js:71:3)
          at runAndTransformResultsToJestFormat (/Users/juanzeiher/Visual Code/djlarian-react/node_modules/jest-circus/build/legacy-code-todo-rewrite/jestAdapterInit.js:122:21)
          at jestAdapter (/Users/juanzeiher/Visual Code/djlarian-react/node_modules/jest-circus/build/legacy-code-todo-rewrite/jestAdapter.js:79:19)
          at runTestInternal (/Users/juanzeiher/Visual Code/djlarian-react/node_modules/jest-runner/build/runTest.js:367:16)
          at runTest (/Users/juanzeiher/Visual Code/djlarian-react/node_modules/jest-runner/build/runTest.js:444:34)
          at Object.worker (/Users/juanzeiher/Visual Code/djlarian-react/node_modules/jest-runner/build/testWorker.js:106:12)

      44 |    */
      45 |   warn(message: string, ...args: unknown[]): void {
    > 46 |     console.warn(`[WARN] ${message}`, ...args);
         |             ^
      47 |   }
      48 |
      49 |   /**

      at Logger.warn (src/lib/logger.ts:46:13)
      at shouldUseBlobStorage (src/lib/utils/getStorageConfig.ts:51:12)
      at Object.<anonymous> (src/lib/utils/__tests__/getStorageConfig.test.ts:131:42)

PASS src/lib/services/__tests__/lastfm.test.ts
  ● Console

    console.warn
      [WARN] LASTFM_API_KEY non configurée, skip Last.fm

      44 |    */
      45 |   warn(message: string, ...args: unknown[]): void {
    > 46 |     console.warn(`[WARN] ${message}`, ...args);
         |             ^
      47 |   }
      48 |
      49 |   /**

      at Logger.warn (src/lib/logger.ts:46:13)
      at Object.getTrackTags (src/lib/services/lastfm.ts:21:12)
      at Object.<anonymous> (src/lib/services/__tests__/lastfm.test.ts:54:40)

PASS src/lib/services/__tests__/spotify.test.ts
  ● Console

    console.error
      [ERROR] Erreur lors de la recherche d'artiste Spotify: Cannot read properties of undefined (reading 'items')

      59 |       return arg;
      60 |     });
    > 61 |     console.error(`[ERROR] ${message}`, ...formattedArgs);
         |             ^
      62 |   }
      63 |
      64 |   /**

      at Logger.error (src/lib/logger.ts:61:13)
      at Object.searchArtist (src/lib/services/spotify.ts:91:12)
      at Object.<anonymous> (src/lib/services/__tests__/spotify.test.ts:109:22)

PASS src/hooks/__tests__/useYouTubePlayer.test.ts
PASS src/components/ui/MusicCard/utils/__tests__/audioVisualizerUtils.test.ts
PASS src/lib/utils/__tests__/arrayHelpers.test.ts
PASS src/lib/utils/__tests__/getImageUrl.test.ts
PASS src/lib/services/__tests__/musicbrainz.test.ts
PASS src/lib/services/__tests__/platform-search.test.ts
  ● Console

    console.warn
      [WARN] YOUTUBE_API_KEY non configurée, skip YouTube

      44 |    */
      45 |   warn(message: string, ...args: unknown[]): void {
    > 46 |     console.warn(`[WARN] ${message}`, ...args);
         |             ^
      47 |   }
      48 |
      49 |   /**

      at Logger.warn (src/lib/logger.ts:46:13)
      at Object.searchYouTube (src/lib/services/platform-search.ts:24:12)
      at Object.<anonymous> (src/lib/services/__tests__/platform-search.test.ts:49:50)

FAIL src/app/(routes)/admin/projects/__tests__/AdminProjectsClient.test.tsx
  ● Console

    console.error
      Error: Uncaught [TypeError: projects.filter is not a function]
          at reportException (/Users/juanzeiher/Visual Code/djlarian-react/node_modules/jsdom/lib/jsdom/living/helpers/runtime-script-errors.js:66:24)
          at innerInvokeEventListeners (/Users/juanzeiher/Visual Code/djlarian-react/node_modules/jsdom/lib/jsdom/living/events/EventTarget-impl.js:353:9)
          at invokeEventListeners (/Users/juanzeiher/Visual Code/djlarian-react/node_modules/jsdom/lib/jsdom/living/events/EventTarget-impl.js:286:3)
          at HTMLUnknownElementImpl._dispatch (/Users/juanzeiher/Visual Code/djlarian-react/node_modules/jsdom/lib/jsdom/living/events/EventTarget-impl.js:233:9)
          at HTMLUnknownElementImpl.dispatchEvent (/Users/juanzeiher/Visual Code/djlarian-react/node_modules/jsdom/lib/jsdom/living/events/EventTarget-impl.js:104:17)
          at HTMLUnknownElement.dispatchEvent (/Users/juanzeiher/Visual Code/djlarian-react/node_modules/jsdom/lib/jsdom/living/generated/EventTarget.js:241:34)
          at Object.invokeGuardedCallbackDev (/Users/juanzeiher/Visual Code/djlarian-react/node_modules/react-dom/cjs/react-dom.development.js:4213:16)
          at invokeGuardedCallback (/Users/juanzeiher/Visual Code/djlarian-react/node_modules/react-dom/cjs/react-dom.development.js:4277:31)
          at beginWork$1 (/Users/juanzeiher/Visual Code/djlarian-react/node_modules/react-dom/cjs/react-dom.development.js:27490:7)
          at performUnitOfWork (/Users/juanzeiher/Visual Code/djlarian-react/node_modules/react-dom/cjs/react-dom.development.js:26599:12)
          at workLoopSync (/Users/juanzeiher/Visual Code/djlarian-react/node_modules/react-dom/cjs/react-dom.development.js:26505:5)
          at renderRootSync (/Users/juanzeiher/Visual Code/djlarian-react/node_modules/react-dom/cjs/react-dom.development.js:26473:7)
          at performConcurrentWorkOnRoot (/Users/juanzeiher/Visual Code/djlarian-react/node_modules/react-dom/cjs/react-dom.development.js:25777:74)
          at workLoop (/Users/juanzeiher/Visual Code/djlarian-react/node_modules/scheduler/cjs/scheduler.development.js:266:34)
          at flushWork (/Users/juanzeiher/Visual Code/djlarian-react/node_modules/scheduler/cjs/scheduler.development.js:239:14)
          at performWorkUntilDeadline (/Users/juanzeiher/Visual Code/djlarian-react/node_modules/scheduler/cjs/scheduler.development.js:533:21)
          at Timeout.task [as _onTimeout] (/Users/juanzeiher/Visual Code/djlarian-react/node_modules/jsdom/lib/jsdom/browser/Window.js:520:19)
          at listOnTimeout (node:internal/timers:594:17)
          at processTimers (node:internal/timers:529:7) {
        detail: TypeError: projects.filter is not a function
            at AdminProjectsClient (/Users/juanzeiher/Visual Code/djlarian-react/src/app/(routes)/admin/projects/AdminProjectsClient.tsx:158:37)
            at renderWithHooks (/Users/juanzeiher/Visual Code/djlarian-react/node_modules/react-dom/cjs/react-dom.development.js:15486:18)
            at updateFunctionComponent (/Users/juanzeiher/Visual Code/djlarian-react/node_modules/react-dom/cjs/react-dom.development.js:19617:20)
            at beginWork (/Users/juanzeiher/Visual Code/djlarian-react/node_modules/react-dom/cjs/react-dom.development.js:21640:16)
            at HTMLUnknownElement.callCallback (/Users/juanzeiher/Visual Code/djlarian-react/node_modules/react-dom/cjs/react-dom.development.js:4164:14)
            at HTMLUnknownElement.callTheUserObjectsOperation (/Users/juanzeiher/Visual Code/djlarian-react/node_modules/jsdom/lib/jsdom/living/generated/EventListener.js:26:30)
            at innerInvokeEventListeners (/Users/juanzeiher/Visual Code/djlarian-react/node_modules/jsdom/lib/jsdom/living/events/EventTarget-impl.js:350:25)
            at invokeEventListeners (/Users/juanzeiher/Visual Code/djlarian-react/node_modules/jsdom/lib/jsdom/living/events/EventTarget-impl.js:286:3)
            at HTMLUnknownElementImpl._dispatch (/Users/juanzeiher/Visual Code/djlarian-react/node_modules/jsdom/lib/jsdom/living/events/EventTarget-impl.js:233:9)
            at HTMLUnknownElementImpl.dispatchEvent (/Users/juanzeiher/Visual Code/djlarian-react/node_modules/jsdom/lib/jsdom/living/events/EventTarget-impl.js:104:17)
            at HTMLUnknownElement.dispatchEvent (/Users/juanzeiher/Visual Code/djlarian-react/node_modules/jsdom/lib/jsdom/living/generated/EventTarget.js:241:34)
            at Object.invokeGuardedCallbackDev (/Users/juanzeiher/Visual Code/djlarian-react/node_modules/react-dom/cjs/react-dom.development.js:4213:16)
            at invokeGuardedCallback (/Users/juanzeiher/Visual Code/djlarian-react/node_modules/react-dom/cjs/react-dom.development.js:4277:31)
            at beginWork$1 (/Users/juanzeiher/Visual Code/djlarian-react/node_modules/react-dom/cjs/react-dom.development.js:27490:7)
            at performUnitOfWork (/Users/juanzeiher/Visual Code/djlarian-react/node_modules/react-dom/cjs/react-dom.development.js:26599:12)
            at workLoopSync (/Users/juanzeiher/Visual Code/djlarian-react/node_modules/react-dom/cjs/react-dom.development.js:26505:5)
            at renderRootSync (/Users/juanzeiher/Visual Code/djlarian-react/node_modules/react-dom/cjs/react-dom.development.js:26473:7)
            at performConcurrentWorkOnRoot (/Users/juanzeiher/Visual Code/djlarian-react/node_modules/react-dom/cjs/react-dom.development.js:25777:74)
            at workLoop (/Users/juanzeiher/Visual Code/djlarian-react/node_modules/scheduler/cjs/scheduler.development.js:266:34)
            at flushWork (/Users/juanzeiher/Visual Code/djlarian-react/node_modules/scheduler/cjs/scheduler.development.js:239:14)
            at performWorkUntilDeadline (/Users/juanzeiher/Visual Code/djlarian-react/node_modules/scheduler/cjs/scheduler.development.js:533:21)
            at Timeout.task [as _onTimeout] (/Users/juanzeiher/Visual Code/djlarian-react/node_modules/jsdom/lib/jsdom/browser/Window.js:520:19)
            at listOnTimeout (node:internal/timers:594:17)
            at processTimers (node:internal/timers:529:7),
        type: 'unhandled exception'
      }

      at VirtualConsole.<anonymous> (node_modules/jest-environment-jsdom/build/index.js:63:23)
      at reportException (node_modules/jsdom/lib/jsdom/living/helpers/runtime-script-errors.js:70:28)
      at innerInvokeEventListeners (node_modules/jsdom/lib/jsdom/living/events/EventTarget-impl.js:353:9)
      at invokeEventListeners (node_modules/jsdom/lib/jsdom/living/events/EventTarget-impl.js:286:3)
      at HTMLUnknownElementImpl._dispatch (node_modules/jsdom/lib/jsdom/living/events/EventTarget-impl.js:233:9)
      at HTMLUnknownElementImpl.dispatchEvent (node_modules/jsdom/lib/jsdom/living/events/EventTarget-impl.js:104:17)
      at HTMLUnknownElement.dispatchEvent (node_modules/jsdom/lib/jsdom/living/generated/EventTarget.js:241:34)
      at Object.invokeGuardedCallbackDev (node_modules/react-dom/cjs/react-dom.development.js:4213:16)
      at invokeGuardedCallback (node_modules/react-dom/cjs/react-dom.development.js:4277:31)
      at beginWork$1 (node_modules/react-dom/cjs/react-dom.development.js:27490:7)
      at performUnitOfWork (node_modules/react-dom/cjs/react-dom.development.js:26599:12)
      at workLoopSync (node_modules/react-dom/cjs/react-dom.development.js:26505:5)
      at renderRootSync (node_modules/react-dom/cjs/react-dom.development.js:26473:7)
      at performConcurrentWorkOnRoot (node_modules/react-dom/cjs/react-dom.development.js:25777:74)
      at workLoop (node_modules/scheduler/cjs/scheduler.development.js:266:34)
      at flushWork (node_modules/scheduler/cjs/scheduler.development.js:239:14)
      at performWorkUntilDeadline (node_modules/scheduler/cjs/scheduler.development.js:533:21)
      at Timeout.task [as _onTimeout] (node_modules/jsdom/lib/jsdom/browser/Window.js:520:19)

    console.error
      Error: Uncaught [TypeError: projects.filter is not a function]
          at reportException (/Users/juanzeiher/Visual Code/djlarian-react/node_modules/jsdom/lib/jsdom/living/helpers/runtime-script-errors.js:66:24)
          at innerInvokeEventListeners (/Users/juanzeiher/Visual Code/djlarian-react/node_modules/jsdom/lib/jsdom/living/events/EventTarget-impl.js:353:9)
          at invokeEventListeners (/Users/juanzeiher/Visual Code/djlarian-react/node_modules/jsdom/lib/jsdom/living/events/EventTarget-impl.js:286:3)
          at HTMLUnknownElementImpl._dispatch (/Users/juanzeiher/Visual Code/djlarian-react/node_modules/jsdom/lib/jsdom/living/events/EventTarget-impl.js:233:9)
          at HTMLUnknownElementImpl.dispatchEvent (/Users/juanzeiher/Visual Code/djlarian-react/node_modules/jsdom/lib/jsdom/living/events/EventTarget-impl.js:104:17)
          at HTMLUnknownElement.dispatchEvent (/Users/juanzeiher/Visual Code/djlarian-react/node_modules/jsdom/lib/jsdom/living/generated/EventTarget.js:241:34)
          at Object.invokeGuardedCallbackDev (/Users/juanzeiher/Visual Code/djlarian-react/node_modules/react-dom/cjs/react-dom.development.js:4213:16)
          at invokeGuardedCallback (/Users/juanzeiher/Visual Code/djlarian-react/node_modules/react-dom/cjs/react-dom.development.js:4277:31)
          at beginWork$1 (/Users/juanzeiher/Visual Code/djlarian-react/node_modules/react-dom/cjs/react-dom.development.js:27490:7)
          at performUnitOfWork (/Users/juanzeiher/Visual Code/djlarian-react/node_modules/react-dom/cjs/react-dom.development.js:26599:12)
          at workLoopSync (/Users/juanzeiher/Visual Code/djlarian-react/node_modules/react-dom/cjs/react-dom.development.js:26505:5)
          at renderRootSync (/Users/juanzeiher/Visual Code/djlarian-react/node_modules/react-dom/cjs/react-dom.development.js:26473:7)
          at recoverFromConcurrentError (/Users/juanzeiher/Visual Code/djlarian-react/node_modules/react-dom/cjs/react-dom.development.js:25889:20)
          at performConcurrentWorkOnRoot (/Users/juanzeiher/Visual Code/djlarian-react/node_modules/react-dom/cjs/react-dom.development.js:25789:22)
          at workLoop (/Users/juanzeiher/Visual Code/djlarian-react/node_modules/scheduler/cjs/scheduler.development.js:266:34)
          at flushWork (/Users/juanzeiher/Visual Code/djlarian-react/node_modules/scheduler/cjs/scheduler.development.js:239:14)
          at performWorkUntilDeadline (/Users/juanzeiher/Visual Code/djlarian-react/node_modules/scheduler/cjs/scheduler.development.js:533:21)
          at Timeout.task [as _onTimeout] (/Users/juanzeiher/Visual Code/djlarian-react/node_modules/jsdom/lib/jsdom/browser/Window.js:520:19)
          at listOnTimeout (node:internal/timers:594:17)
          at processTimers (node:internal/timers:529:7) {
        detail: TypeError: projects.filter is not a function
            at AdminProjectsClient (/Users/juanzeiher/Visual Code/djlarian-react/src/app/(routes)/admin/projects/AdminProjectsClient.tsx:158:37)
            at renderWithHooks (/Users/juanzeiher/Visual Code/djlarian-react/node_modules/react-dom/cjs/react-dom.development.js:15486:18)
            at updateFunctionComponent (/Users/juanzeiher/Visual Code/djlarian-react/node_modules/react-dom/cjs/react-dom.development.js:19617:20)
            at beginWork (/Users/juanzeiher/Visual Code/djlarian-react/node_modules/react-dom/cjs/react-dom.development.js:21640:16)
            at HTMLUnknownElement.callCallback (/Users/juanzeiher/Visual Code/djlarian-react/node_modules/react-dom/cjs/react-dom.development.js:4164:14)
            at HTMLUnknownElement.callTheUserObjectsOperation (/Users/juanzeiher/Visual Code/djlarian-react/node_modules/jsdom/lib/jsdom/living/generated/EventListener.js:26:30)
            at innerInvokeEventListeners (/Users/juanzeiher/Visual Code/djlarian-react/node_modules/jsdom/lib/jsdom/living/events/EventTarget-impl.js:350:25)
            at invokeEventListeners (/Users/juanzeiher/Visual Code/djlarian-react/node_modules/jsdom/lib/jsdom/living/events/EventTarget-impl.js:286:3)
            at HTMLUnknownElementImpl._dispatch (/Users/juanzeiher/Visual Code/djlarian-react/node_modules/jsdom/lib/jsdom/living/events/EventTarget-impl.js:233:9)
            at HTMLUnknownElementImpl.dispatchEvent (/Users/juanzeiher/Visual Code/djlarian-react/node_modules/jsdom/lib/jsdom/living/events/EventTarget-impl.js:104:17)
            at HTMLUnknownElement.dispatchEvent (/Users/juanzeiher/Visual Code/djlarian-react/node_modules/jsdom/lib/jsdom/living/generated/EventTarget.js:241:34)
            at Object.invokeGuardedCallbackDev (/Users/juanzeiher/Visual Code/djlarian-react/node_modules/react-dom/cjs/react-dom.development.js:4213:16)
            at invokeGuardedCallback (/Users/juanzeiher/Visual Code/djlarian-react/node_modules/react-dom/cjs/react-dom.development.js:4277:31)
            at beginWork$1 (/Users/juanzeiher/Visual Code/djlarian-react/node_modules/react-dom/cjs/react-dom.development.js:27490:7)
            at performUnitOfWork (/Users/juanzeiher/Visual Code/djlarian-react/node_modules/react-dom/cjs/react-dom.development.js:26599:12)
            at workLoopSync (/Users/juanzeiher/Visual Code/djlarian-react/node_modules/react-dom/cjs/react-dom.development.js:26505:5)
            at renderRootSync (/Users/juanzeiher/Visual Code/djlarian-react/node_modules/react-dom/cjs/react-dom.development.js:26473:7)
            at recoverFromConcurrentError (/Users/juanzeiher/Visual Code/djlarian-react/node_modules/react-dom/cjs/react-dom.development.js:25889:20)
            at performConcurrentWorkOnRoot (/Users/juanzeiher/Visual Code/djlarian-react/node_modules/react-dom/cjs/react-dom.development.js:25789:22)
            at workLoop (/Users/juanzeiher/Visual Code/djlarian-react/node_modules/scheduler/cjs/scheduler.development.js:266:34)
            at flushWork (/Users/juanzeiher/Visual Code/djlarian-react/node_modules/scheduler/cjs/scheduler.development.js:239:14)
            at performWorkUntilDeadline (/Users/juanzeiher/Visual Code/djlarian-react/node_modules/scheduler/cjs/scheduler.development.js:533:21)
            at Timeout.task [as _onTimeout] (/Users/juanzeiher/Visual Code/djlarian-react/node_modules/jsdom/lib/jsdom/browser/Window.js:520:19)
            at listOnTimeout (node:internal/timers:594:17)
            at processTimers (node:internal/timers:529:7),
        type: 'unhandled exception'
      }

      at VirtualConsole.<anonymous> (node_modules/jest-environment-jsdom/build/index.js:63:23)
      at reportException (node_modules/jsdom/lib/jsdom/living/helpers/runtime-script-errors.js:70:28)
      at innerInvokeEventListeners (node_modules/jsdom/lib/jsdom/living/events/EventTarget-impl.js:353:9)
      at invokeEventListeners (node_modules/jsdom/lib/jsdom/living/events/EventTarget-impl.js:286:3)
      at HTMLUnknownElementImpl._dispatch (node_modules/jsdom/lib/jsdom/living/events/EventTarget-impl.js:233:9)
      at HTMLUnknownElementImpl.dispatchEvent (node_modules/jsdom/lib/jsdom/living/events/EventTarget-impl.js:104:17)
      at HTMLUnknownElement.dispatchEvent (node_modules/jsdom/lib/jsdom/living/generated/EventTarget.js:241:34)
      at Object.invokeGuardedCallbackDev (node_modules/react-dom/cjs/react-dom.development.js:4213:16)
      at invokeGuardedCallback (node_modules/react-dom/cjs/react-dom.development.js:4277:31)
      at beginWork$1 (node_modules/react-dom/cjs/react-dom.development.js:27490:7)
      at performUnitOfWork (node_modules/react-dom/cjs/react-dom.development.js:26599:12)
      at workLoopSync (node_modules/react-dom/cjs/react-dom.development.js:26505:5)
      at renderRootSync (node_modules/react-dom/cjs/react-dom.development.js:26473:7)
      at recoverFromConcurrentError (node_modules/react-dom/cjs/react-dom.development.js:25889:20)
      at performConcurrentWorkOnRoot (node_modules/react-dom/cjs/react-dom.development.js:25789:22)
      at workLoop (node_modules/scheduler/cjs/scheduler.development.js:266:34)
      at flushWork (node_modules/scheduler/cjs/scheduler.development.js:239:14)
      at performWorkUntilDeadline (node_modules/scheduler/cjs/scheduler.development.js:533:21)
      at Timeout.task [as _onTimeout] (node_modules/jsdom/lib/jsdom/browser/Window.js:520:19)

    console.error
      The above error occurred in the <AdminProjectsClient> component:
      
          at AdminProjectsClient (/Users/juanzeiher/Visual Code/djlarian-react/src/app/(routes)/admin/projects/AdminProjectsClient.tsx:19:39)
      
      Consider adding an error boundary to your tree to customize error handling behavior.
      Visit https://reactjs.org/link/error-boundaries to learn more about error boundaries.

      at logCapturedError (node_modules/react-dom/cjs/react-dom.development.js:18704:23)
      at update.callback (node_modules/react-dom/cjs/react-dom.development.js:18737:5)
      at callCallback (node_modules/react-dom/cjs/react-dom.development.js:15036:12)
      at commitUpdateQueue (node_modules/react-dom/cjs/react-dom.development.js:15057:9)
      at commitLayoutEffectOnFiber (node_modules/react-dom/cjs/react-dom.development.js:23430:13)
      at commitLayoutMountEffects_complete (node_modules/react-dom/cjs/react-dom.development.js:24727:9)
      at commitLayoutEffects_begin (node_modules/react-dom/cjs/react-dom.development.js:24713:7)
      at commitLayoutEffects (node_modules/react-dom/cjs/react-dom.development.js:24651:3)
      at commitRootImpl (node_modules/react-dom/cjs/react-dom.development.js:26862:5)
      at commitRoot (node_modules/react-dom/cjs/react-dom.development.js:26721:5)
      at finishConcurrentRender (node_modules/react-dom/cjs/react-dom.development.js:25931:9)
      at performConcurrentWorkOnRoot (node_modules/react-dom/cjs/react-dom.development.js:25848:7)
      at workLoop (node_modules/scheduler/cjs/scheduler.development.js:266:34)
      at flushWork (node_modules/scheduler/cjs/scheduler.development.js:239:14)
      at performWorkUntilDeadline (node_modules/scheduler/cjs/scheduler.development.js:533:21)
      at Timeout.task [as _onTimeout] (node_modules/jsdom/lib/jsdom/browser/Window.js:520:19)

    console.error
      Error: Uncaught [TypeError: projects.filter is not a function]
          at reportException (/Users/juanzeiher/Visual Code/djlarian-react/node_modules/jsdom/lib/jsdom/living/helpers/runtime-script-errors.js:66:24)
          at Timeout.task [as _onTimeout] (/Users/juanzeiher/Visual Code/djlarian-react/node_modules/jsdom/lib/jsdom/browser/Window.js:525:9)
          at listOnTimeout (node:internal/timers:594:17)
          at processTimers (node:internal/timers:529:7) {
        detail: TypeError: projects.filter is not a function
            at AdminProjectsClient (/Users/juanzeiher/Visual Code/djlarian-react/src/app/(routes)/admin/projects/AdminProjectsClient.tsx:158:37)
            at renderWithHooks (/Users/juanzeiher/Visual Code/djlarian-react/node_modules/react-dom/cjs/react-dom.development.js:15486:18)
            at updateFunctionComponent (/Users/juanzeiher/Visual Code/djlarian-react/node_modules/react-dom/cjs/react-dom.development.js:19617:20)
            at beginWork (/Users/juanzeiher/Visual Code/djlarian-react/node_modules/react-dom/cjs/react-dom.development.js:21640:16)
            at beginWork$1 (/Users/juanzeiher/Visual Code/djlarian-react/node_modules/react-dom/cjs/react-dom.development.js:27465:14)
            at performUnitOfWork (/Users/juanzeiher/Visual Code/djlarian-react/node_modules/react-dom/cjs/react-dom.development.js:26599:12)
            at workLoopSync (/Users/juanzeiher/Visual Code/djlarian-react/node_modules/react-dom/cjs/react-dom.development.js:26505:5)
            at renderRootSync (/Users/juanzeiher/Visual Code/djlarian-react/node_modules/react-dom/cjs/react-dom.development.js:26473:7)
            at recoverFromConcurrentError (/Users/juanzeiher/Visual Code/djlarian-react/node_modules/react-dom/cjs/react-dom.development.js:25889:20)
            at performConcurrentWorkOnRoot (/Users/juanzeiher/Visual Code/djlarian-react/node_modules/react-dom/cjs/react-dom.development.js:25789:22)
            at workLoop (/Users/juanzeiher/Visual Code/djlarian-react/node_modules/scheduler/cjs/scheduler.development.js:266:34)
            at flushWork (/Users/juanzeiher/Visual Code/djlarian-react/node_modules/scheduler/cjs/scheduler.development.js:239:14)
            at performWorkUntilDeadline (/Users/juanzeiher/Visual Code/djlarian-react/node_modules/scheduler/cjs/scheduler.development.js:533:21)
            at Timeout.task [as _onTimeout] (/Users/juanzeiher/Visual Code/djlarian-react/node_modules/jsdom/lib/jsdom/browser/Window.js:520:19)
            at listOnTimeout (node:internal/timers:594:17)
            at processTimers (node:internal/timers:529:7),
        type: 'unhandled exception'
      }

      at VirtualConsole.<anonymous> (node_modules/jest-environment-jsdom/build/index.js:63:23)
      at reportException (node_modules/jsdom/lib/jsdom/living/helpers/runtime-script-errors.js:70:28)
      at Timeout.task [as _onTimeout] (node_modules/jsdom/lib/jsdom/browser/Window.js:525:9)

    console.error
      Warning: An update to AdminProjectsClient inside a test was not wrapped in act(...).
      
      When testing, code that causes React state updates should be wrapped into act(...):
      
      act(() => {
        /* fire events that update state */
      });
      /* assert on the output */
      
      This ensures that you're testing the behavior the user would see in the browser. Learn more at https://reactjs.org/link/wrap-tests-with-act
          at AdminProjectsClient (/Users/juanzeiher/Visual Code/djlarian-react/src/app/(routes)/admin/projects/AdminProjectsClient.tsx:19:39)

      35 |
      36 |   const fetchProjects = useCallback(async () => {
    > 37 |     setIsLoading(true);
         |     ^
      38 |     try {
      39 |       const params = new URLSearchParams();
      40 |       params.set('all', 'true');

      at printWarning (node_modules/react-dom/cjs/react-dom.development.js:86:30)
      at error (node_modules/react-dom/cjs/react-dom.development.js:60:7)
      at warnIfUpdatesNotWrappedWithActDEV (node_modules/react-dom/cjs/react-dom.development.js:27628:9)
      at scheduleUpdateOnFiber (node_modules/react-dom/cjs/react-dom.development.js:25547:5)
      at dispatchSetState (node_modules/react-dom/cjs/react-dom.development.js:16708:7)
      at /Users/juanzeiher/Visual Code/djlarian-react/src/app/(routes)../../../../admin/projects/AdminProjectsClient.tsx:37:5
      at /Users/juanzeiher/Visual Code/djlarian-react/src/app/(routes)../../../../admin/projects/AdminProjectsClient.tsx:111:7
      at callTimer (node_modules/@sinonjs/fake-timers/src/fake-timers-src.js:744:24)
      at doTickInner (node_modules/@sinonjs/fake-timers/src/fake-timers-src.js:1312:29)
      at doTick (node_modules/@sinonjs/fake-timers/src/fake-timers-src.js:1393:20)
      at Object.tick (node_modules/@sinonjs/fake-timers/src/fake-timers-src.js:1401:20)
      at FakeTimers.advanceTimersByTime (node_modules/@jest/fake-timers/build/modernFakeTimers.js:94:19)
      at Object.<anonymous> (/Users/juanzeiher/Visual Code/djlarian-react/src/app/(routes)../../../../admin/projects/__tests__/AdminProjectsClient.test.tsx:99:10)

  ● AdminProjectsClient › should render admin projects view

    TestingLibraryElementError: Found multiple elements with the text: /Vue Admin/i

    Here are the matching elements:

    Ignored nodes: comments, script, style
    [36m<h1[39m
      [33mclass[39m=[32m"text-2xl md:text-3xl font-bold text-white mb-2"[39m
    [36m>[39m
      [0mVue Admin - Tous les Projets[0m
    [36m</h1>[39m

    Ignored nodes: comments, script, style
    [36m<div[39m
      [33mclass[39m=[32m"text-center text-gray-500 text-xs py-4"[39m
    [36m>[39m
      [0m👁️ Vue administrateur en lecture seule • Les utilisateurs gèrent leurs propres projets[0m
    [36m</div>[39m

    (If this is intentional, then use the `*AllBy*` variant of the query (like `queryAllByText`, `getAllByText`, or `findAllByText`)).

    Ignored nodes: comments, script, style
    [36m<body>[39m
      [36m<div>[39m
        [36m<div[39m
          [33mclass[39m=[32m"space-y-6"[39m
        [36m>[39m
          [36m<div[39m
            [33mclass[39m=[32m"glass-modern rounded-xl p-6"[39m
          [36m>[39m
            [36m<div[39m
              [33mclass[39m=[32m"flex flex-wrap items-center justify-between gap-4"[39m
            [36m>[39m
              [36m<div>[39m
                [36m<h1[39m
                  [33mclass[39m=[32m"text-2xl md:text-3xl font-bold text-white mb-2"[39m
                [36m>[39m
                  [0mVue Admin - Tous les Projets[0m
                [36m</h1>[39m
                [36m<p[39m
                  [33mclass[39m=[32m"text-gray-400 text-sm"[39m
                [36m>[39m
                  [0mVisualisation de tous les projets utilisateurs (lecture seule)[0m
                [36m</p>[39m
              [36m</div>[39m
              [36m<div[39m
                [33mclass[39m=[32m"flex items-center gap-4 text-sm"[39m
              [36m>[39m
                [36m<div[39m
                  [33mclass[39m=[32m"text-center px-4 py-2 bg-white/5 rounded-lg"[39m
                [36m>[39m
                  [36m<div[39m
                    [33mclass[39m=[32m"text-2xl font-bold text-white"[39m
                  [36m>[39m
                    [0m2[0m
                  [36m</div>[39m
                  [36m<div[39m
                    [33mclass[39m=[32m"text-gray-400 text-xs"[39m
                  [36m>[39m
                    [0mProjets[0m
                  [36m</div>[39m
                [36m</div>[39m
                [36m<div[39m
                  [33mclass[39m=[32m"text-center px-4 py-2 bg-purple-500/10 rounded-lg border border-purple-500/20"[39m
                [36m>[39m
                  [36m<div[39m
                    [33mclass[39m=[32m"text-2xl font-bold text-purple-400"[39m
                  [36m>[39m
                    [0m2[0m
                  [36m</div>[39m
                  [36m<div[39m
                    [33mclass[39m=[32m"text-gray-400 text-xs"[39m
                  [36m>[39m
                    [0mUtilisateurs[0m
                  [36m</div>[39m
                [36m</div>[39m
                [36m<div[39m
                  [33mclass[39m=[32m"text-center px-4 py-2 bg-blue-500/10 rounded-lg border border-blue-500/20"[39m
                [36m>[39m
                  [36m<div[39m
                    [33mclass[39m=[32m"text-2xl font-bold text-blue-400"[39m
                  [36m>[39m
                    [0m1[0m
                  [36m</div>[39m
                  [36m<div[39m
                    [33mclass[39m=[32m"text-gray-400 text-xs"[39m
                  [36m>[39m
                    [0mEn cours[0m
                  [36m</div>[39m
                [36m</div>[39m
                [36m<div[39m
                  [33mclass[39m=[32m"hidden sm:block text-center px-4 py-2 bg-emerald-500/10 rounded-lg border border-emerald-500/20"[39m
                [36m>[39m
                  [36m<div[39m
                    [33mclass[39m=[32m"text-2xl font-bold text-emerald-400"[39m
                  [36m>[39m
                    [0m1[0m
                  [36m</div>[39m
                  [36m<div[39m
                    [33mclass[39m=[32m"text-gray-400 text-xs"[39m
                  [36m>[39m
                    [0mTerminés[0m
                  [36m</div>[39m
                [36m</div>[39m
              [36m</div>[39m
            [36m</div>[39m
          [36m</div>[39m
          [36m<div[39m
            [33mclass[39m=[32m"flex flex-wrap items-center gap-4"[39m
          [36m>[39m
            [36m<div[39m
              [33mclass[39m=[32m"relative"[39m
            [36m>[39m
              [36m<button[39m
                [33mclass[39m=[32m"flex items-center gap-2 px-4 py-2 bg-white/5 hover:bg-white/10 rounded-lg text-sm transition-all"[39m
              [36m>[39m
                [36m<svg[39m
                  [33mclass[39m=[32m"lucide lucide-users text-purple-400"[39m
                  [33mfill[39m=[32m"none"[39m
                  [33mheight[39m=[32m"16"[39m
                  [33mstroke[39m=[32m"currentColor"[39m
                  [33mstroke-linecap[39m=[32m"round"[39m
                  [33mstroke-linejoin[39m=[32m"round"[39m
                  [33mstroke-width[39m=[32m"2"[39m
                  [33mviewBox[39m=[32m"0 0 24 24"[39m
                  [33mwidth[39m=[32m"16"[39m
                  [33mxmlns[39m=[32m"http://www.w3.org/2000/svg"[39m
                [36m>[39m
                  [36m<path[39m
                    [33md[39m=[32m"M16 21v-2a4 4 0 0 0-4-4H6a4 4 0 0 0-4 4v2"[39m
                  [36m/>[39m
                  [36m<circle[39m
                    [33mcx[39m=[32m"9"[39m
                    [33mcy[39m=[32m"7"[39m
                    [33mr[39m=[32m"4"[39m
                  [36m/>[39m
                  [36m<path[39m
                    [33md[39m=[32m"M22 21v-2a4 4 0 0 0-3-3.87"[39m
                  [36m/>[39m
                  [36m<path[39m
                    [33md[39m=[32m"M16 3.13a4 4 0 0 1 0 7.75"[39m
                  [36m/>[39m
                [36m</svg>[39m
                [36m<span[39m
                  [33mclass[39m=[32m"text-gray-300"[39m
                [36m>[39m
                  [0mTous les utilisateurs[0m
                [36m</span>[39m
                [36m<svg[39m
                  [33mclass[39m=[32m"lucide lucide-chevron-down text-gray-400 transition-transform"[39m
                  [33mfill[39m=[32m"none"[39m
                  [33mheight[39m=[32m"16"[39m
                  [33mstroke[39m=[32m"currentColor"[39m
                  [33mstroke-linecap[39m=[32m"round"[39m
                  [33mstroke-linejoin[39m=[32m"round"[39m
                  [33mstroke-width[39m=[32m"2"[39m
                  [33mviewBox[39m=[32m"0 0 24 24"[39m
                  [33mwidth[39m=[32m"16"[39m
                  [33mxmlns[39m=[32m"http://www.w3.org/2000/svg"[39m
                [36m>[39m
                  [36m<path[39m
                    [33md[39m=[32m"m6 9 6 6 6-6"[39m
                  [36m/>[39m
                [36m</svg>[39m
              [36m</button>[39m
            [36m</div>[39m
            [36m<div[39m
              [33mclass[39m=[32m"flex items-center gap-2 text-gray-400"[39m
            [36m>[39m
              [36m<svg[39m
                [33mclass[39m=[32m"lucide lucide-filter"[39m
                [33mfill[39m=[32m"none"[39m
                [33mheight[39m=[32m"16"[39m
                [33mstroke[39m=[32m"currentColor"[39m
                [33mstroke-linecap[39m=[32m"round"[39m
                [33mstroke-linejoin[39m=[32m"round"[39m
                [33mstroke-width[39m=[32m"2"[39m
                [33mviewBox[39m=[32m"0 0 24 24"[39m
                [33mwidth[39m=[32m"16"[39m
                [33mxmlns[39m=[32m"http://www.w3.org/2000/svg"[39m
              [36m>[39m
                [36m<polygon[39m
                  [33mpoints[39m=[32m"22 3 2 3 10 12.46 10 19 14 21 14 12.46 22 3"[39m
                [36m/>[39m
              [36m</svg>[39m
              [36m<span[39m
                [33mclass[39m=[32m"text-sm"[39m
              [36m>[39m
                [0mStatut :[0m
              [36m</span>[39m
            [36m</div>[39m
            [36m<div[39m
           ...

      49 |     render(<AdminProjectsClient initialProjects={mockProjects} users={mockUsers} />);
      50 |
    > 51 |     expect(screen.getByText(/Vue Admin/i)).toBeInTheDocument();
         |                   ^
      52 |     expect(screen.getByText('Project 1')).toBeInTheDocument();
      53 |     expect(screen.getByText('Project 2')).toBeInTheDocument();
      54 |   });

      at Object.getElementError (node_modules/@testing-library/react/node_modules/@testing-library/dom/dist/config.js:37:19)
      at getElementError (node_modules/@testing-library/react/node_modules/@testing-library/dom/dist/query-helpers.js:20:35)
      at getMultipleElementsFoundError (node_modules/@testing-library/react/node_modules/@testing-library/dom/dist/query-helpers.js:23:10)
      at node_modules/@testing-library/react/node_modules/@testing-library/dom/dist/query-helpers.js:55:13
      at node_modules/@testing-library/react/node_modules/@testing-library/dom/dist/query-helpers.js:95:19
      at Object.<anonymous> (/Users/juanzeiher/Visual Code/djlarian-react/src/app/(routes)../../../../admin/projects/__tests__/AdminProjectsClient.test.tsx:51:19)

  ● AdminProjectsClient › should display statistics using counts API

    TypeError: projects.filter is not a function

      156 |   };
      157 |
    > 158 |   const filteredProjects = projects.filter((p) => {
          |                                     ^
      159 |     const statusMatch = statusFilter === 'ALL' || p.status === statusFilter;
      160 |     const userMatch = userFilter === 'ALL' || p.userId === userFilter;
      161 |     return statusMatch && userMatch;

      at AdminProjectsClient (/Users/juanzeiher/Visual Code/djlarian-react/src/app/(routes)../../../../admin/projects/AdminProjectsClient.tsx:158:37)
      at renderWithHooks (node_modules/react-dom/cjs/react-dom.development.js:15486:18)
      at updateFunctionComponent (node_modules/react-dom/cjs/react-dom.development.js:19617:20)
      at beginWork (node_modules/react-dom/cjs/react-dom.development.js:21640:16)
      at beginWork$1 (node_modules/react-dom/cjs/react-dom.development.js:27465:14)
      at performUnitOfWork (node_modules/react-dom/cjs/react-dom.development.js:26599:12)
      at workLoopSync (node_modules/react-dom/cjs/react-dom.development.js:26505:5)
      at renderRootSync (node_modules/react-dom/cjs/react-dom.development.js:26473:7)
      at recoverFromConcurrentError (node_modules/react-dom/cjs/react-dom.development.js:25889:20)
      at performConcurrentWorkOnRoot (node_modules/react-dom/cjs/react-dom.development.js:25789:22)
      at workLoop (node_modules/scheduler/cjs/scheduler.development.js:266:34)
      at flushWork (node_modules/scheduler/cjs/scheduler.development.js:239:14)
      at performWorkUntilDeadline (node_modules/scheduler/cjs/scheduler.development.js:533:21)
      at Timeout.task [as _onTimeout] (node_modules/jsdom/lib/jsdom/browser/Window.js:520:19)

  ● AdminProjectsClient › should filter by status

    TestingLibraryElementError: Found multiple elements with the text: /Terminé/i

    Here are the matching elements:

    Ignored nodes: comments, script, style
    [36m<div[39m
      [33mclass[39m=[32m"text-gray-400 text-xs"[39m
    [36m>[39m
      [0mTerminés[0m
    [36m</div>[39m

    Ignored nodes: comments, script, style
    [36m<button[39m
      [33mclass[39m=[32m"px-3 py-1.5 rounded-lg text-sm font-medium transition-all bg-white/5 text-gray-300 hover:bg-white/10"[39m
    [36m>[39m
      [0mTerminé[0m
    [36m</button>[39m

    Ignored nodes: comments, script, style
    [36m<option[39m
      [33mvalue[39m=[32m"TERMINE"[39m
    [36m>[39m
      [0mTerminé[0m
    [36m</option>[39m

    Ignored nodes: comments, script, style
    [36m<option[39m
      [33mvalue[39m=[32m"TERMINE"[39m
    [36m>[39m
      [0mTerminé[0m
    [36m</option>[39m

    (If this is intentional, then use the `*AllBy*` variant of the query (like `queryAllByText`, `getAllByText`, or `findAllByText`)).

    Ignored nodes: comments, script, style
    [36m<body>[39m
      [36m<div[39m
        [33maria-atomic[39m=[32m"true"[39m
        [33maria-live[39m=[32m"assertive"[39m
        [33mid[39m=[32m"rfd-announcement-:r5:"[39m
        [33mstyle[39m=[32m"position: absolute; width: 1px; height: 1px; margin: -1px; border: 0px; padding: 0px; overflow: hidden; clip-path: inset(100%);"[39m
      [36m/>[39m
      [36m<div[39m
        [33maria-atomic[39m=[32m"true"[39m
        [33maria-live[39m=[32m"assertive"[39m
        [33mid[39m=[32m"rfd-announcement-:ra:"[39m
        [33mstyle[39m=[32m"position: absolute; width: 1px; height: 1px; margin: -1px; border: 0px; padding: 0px; overflow: hidden; clip-path: inset(100%);"[39m
      [36m/>[39m
      [36m<div>[39m
        [36m<div[39m
          [33mclass[39m=[32m"space-y-6"[39m
        [36m>[39m
          [36m<div[39m
            [33mclass[39m=[32m"glass-modern rounded-xl p-6"[39m
          [36m>[39m
            [36m<div[39m
              [33mclass[39m=[32m"flex flex-wrap items-center justify-between gap-4"[39m
            [36m>[39m
              [36m<div>[39m
                [36m<h1[39m
                  [33mclass[39m=[32m"text-2xl md:text-3xl font-bold text-white mb-2"[39m
                [36m>[39m
                  [0mVue Admin - Tous les Projets[0m
                [36m</h1>[39m
                [36m<p[39m
                  [33mclass[39m=[32m"text-gray-400 text-sm"[39m
                [36m>[39m
                  [0mVisualisation de tous les projets utilisateurs (lecture seule)[0m
                [36m</p>[39m
              [36m</div>[39m
              [36m<div[39m
                [33mclass[39m=[32m"flex items-center gap-4 text-sm"[39m
              [36m>[39m
                [36m<div[39m
                  [33mclass[39m=[32m"text-center px-4 py-2 bg-white/5 rounded-lg"[39m
                [36m>[39m
                  [36m<div[39m
                    [33mclass[39m=[32m"text-2xl font-bold text-white"[39m
                  [36m>[39m
                    [0m2[0m
                  [36m</div>[39m
                  [36m<div[39m
                    [33mclass[39m=[32m"text-gray-400 text-xs"[39m
                  [36m>[39m
                    [0mProjets[0m
                  [36m</div>[39m
                [36m</div>[39m
                [36m<div[39m
                  [33mclass[39m=[32m"text-center px-4 py-2 bg-purple-500/10 rounded-lg border border-purple-500/20"[39m
                [36m>[39m
                  [36m<div[39m
                    [33mclass[39m=[32m"text-2xl font-bold text-purple-400"[39m
                  [36m>[39m
                    [0m2[0m
                  [36m</div>[39m
                  [36m<div[39m
                    [33mclass[39m=[32m"text-gray-400 text-xs"[39m
                  [36m>[39m
                    [0mUtilisateurs[0m
                  [36m</div>[39m
                [36m</div>[39m
                [36m<div[39m
                  [33mclass[39m=[32m"text-center px-4 py-2 bg-blue-500/10 rounded-lg border border-blue-500/20"[39m
                [36m>[39m
                  [36m<div[39m
                    [33mclass[39m=[32m"text-2xl font-bold text-blue-400"[39m
                  [36m>[39m
                    [0m1[0m
                  [36m</div>[39m
                  [36m<div[39m
                    [33mclass[39m=[32m"text-gray-400 text-xs"[39m
                  [36m>[39m
                    [0mEn cours[0m
                  [36m</div>[39m
                [36m</div>[39m
                [36m<div[39m
                  [33mclass[39m=[32m"hidden sm:block text-center px-4 py-2 bg-emerald-500/10 rounded-lg border border-emerald-500/20"[39m
                [36m>[39m
                  [36m<div[39m
                    [33mclass[39m=[32m"text-2xl font-bold text-emerald-400"[39m
                  [36m>[39m
                    [0m1[0m
                  [36m</div>[39m
                  [36m<div[39m
                    [33mclass[39m=[32m"text-gray-400 text-xs"[39m
                  [36m>[39m
                    [0mTerminés[0m
                  [36m</div>[39m
                [36m</div>[39m
              [36m</div>[39m
            [36m</div>[39m
          [36m</div>[39m
          [36m<div[39m
            [33mclass[39m=[32m"flex flex-wrap items-center gap-4"[39m
          [36m>[39m
            [36m<div[39m
              [33mclass[39m=[32m"relative"[39m
            [36m>[39m
              [36m<button[39m
                [33mclass[39m=[32m"flex items-center gap-2 px-4 py-2 bg-white/5 hover:bg-white/10 rounded-lg text-sm transition-all"[39m
              [36m>[39m
                [36m<svg[39m
                  [33mclass[39m=[32m"lucide lucide-users text-purple-400"[39m
                  [33mfill[39m=[32m"none"[39m
                  [33mheight[39m=[32m"16"[39m
                  [33mstroke[39m=[32m"currentColor"[39m
                  [33mstroke-linecap[39m=[32m"round"[39m
                  [33mstroke-linejoin[39m=[32m"round"[39m
                  [33mstroke-width[39m=[32m"2"[39m
                  [33mviewBox[39m=[32m"0 0 24 24"[39m
                  [33mwidth[39m=[32m"16"[39m
                  [33mxmlns[39m=[32m"http://www.w3.org/2000/svg"[39m
                [36m>[39m
                  [36m<path[39m
                    [33md[39m=[32m"M16 21v-2a4 4 0 0 0-4-4H6a4 4 0 0 0-4 4v2"[39m
                  [36m/>[39m
                  [36m<circle[39m
                    [33mcx[39m=[32m"9"[39m
                    [33mcy[39m=[32m"7"[39m
                    [33mr[39m=[32m"4"[39m
                  [36m/>[39m
                  [36m<path[39m
                    [33md[39m=[32m"M22 21v-2a4 4 0 0 0-3-3.87"[39m
                  [36m/>[39m
                  [36m<path[39m
                    [33md[39m=[32m"M16 3.13a4 4 0 0 1 0 7.75"[39m
                  [36m/>[39m
                [36m</svg>[39m
                [36m<span[39m
                  [33mclass[39m=[32m"text-gray-300"[39m
                [36m>[39m
                  [0mTous les utilisateurs[0m
                [36m</span>[39m
                [36m<svg[39m
                  [33mclass[39m=[32m"lucide lucide-chevron-down text-gray-400 transition-transform"[39m
                  [33mfill[39m=[32m"none"[39m
                  [33mheight[39m=[32m"16"[39m
                  [33mstroke[39m=[32m"currentColor"[39m
                  [33mstroke-linecap[39m=[32m"round"[39m
                  [33mstroke-linejoin[39m=[32m"round"[39m
                  [33mstroke-width[39m=[32m"2"[39m
                  [33mviewBox[39m=[32m"0 0 24 24"[39m
                  [33mwidth[39m=[32m"16"[39m
                  [33mxmlns[39m=[32m"http://www.w3.org/2000/svg"[39m
                [36m>[39m
                  [36m<path[39m
                    [33md[39m=[32m"m6 9 6 6 6-6"[39m
                  [36m/>[39m
                [36m</svg>[39m
              [36m</button>[39m
            [36m</div>[39m
            [36m<div[39m
              [33mclass[39m=[32m"flex items-center gap-2 text-gray-400"[39m
            [36m>[39m
              [36m<svg[39m
                [33mclass[39m=[32m"lucide lucide-filter"[39m
                [33mfill[39m=[32m"none"[39m
                [33mheight[39m=[32m"16"[39m
                [33mstroke[39m=[32m"currentColor"[39m
                [33mstroke-linecap[39m=[32m"round"[39m
       ...

      110 |     render(<AdminProjectsClient initialProjects={mockProjects} users={mockUsers} />);
      111 |
    > 112 |     const termineButton = screen.getByText(/Terminé/i);
          |                                  ^
      113 |     fireEvent.click(termineButton);
      114 |
      115 |     jest.advanceTimersByTime(300);

      at Object.getElementError (node_modules/@testing-library/react/node_modules/@testing-library/dom/dist/config.js:37:19)
      at getElementError (node_modules/@testing-library/react/node_modules/@testing-library/dom/dist/query-helpers.js:20:35)
      at getMultipleElementsFoundError (node_modules/@testing-library/react/node_modules/@testing-library/dom/dist/query-helpers.js:23:10)
      at node_modules/@testing-library/react/node_modules/@testing-library/dom/dist/query-helpers.js:55:13
      at node_modules/@testing-library/react/node_modules/@testing-library/dom/dist/query-helpers.js:95:19
      at Object.<anonymous> (/Users/juanzeiher/Visual Code/djlarian-react/src/app/(routes)../../../../admin/projects/__tests__/AdminProjectsClient.test.tsx:112:34)

  ● AdminProjectsClient › should debounce fetch calls

    TestingLibraryElementError: Found multiple elements with the text: /Terminé/i

    Here are the matching elements:

    Ignored nodes: comments, script, style
    [36m<div[39m
      [33mclass[39m=[32m"text-gray-400 text-xs"[39m
    [36m>[39m
      [0mTerminés[0m
    [36m</div>[39m

    Ignored nodes: comments, script, style
    [36m<button[39m
      [33mclass[39m=[32m"px-3 py-1.5 rounded-lg text-sm font-medium transition-all bg-white/5 text-gray-300 hover:bg-white/10"[39m
    [36m>[39m
      [0mTerminé[0m
    [36m</button>[39m

    Ignored nodes: comments, script, style
    [36m<option[39m
      [33mvalue[39m=[32m"TERMINE"[39m
    [36m>[39m
      [0mTerminé[0m
    [36m</option>[39m

    Ignored nodes: comments, script, style
    [36m<option[39m
      [33mvalue[39m=[32m"TERMINE"[39m
    [36m>[39m
      [0mTerminé[0m
    [36m</option>[39m

    (If this is intentional, then use the `*AllBy*` variant of the query (like `queryAllByText`, `getAllByText`, or `findAllByText`)).

    Ignored nodes: comments, script, style
    [36m<body>[39m
      [36m<div[39m
        [33maria-atomic[39m=[32m"true"[39m
        [33maria-live[39m=[32m"assertive"[39m
        [33mid[39m=[32m"rfd-announcement-:r5:"[39m
        [33mstyle[39m=[32m"position: absolute; width: 1px; height: 1px; margin: -1px; border: 0px; padding: 0px; overflow: hidden; clip-path: inset(100%);"[39m
      [36m/>[39m
      [36m<div[39m
        [33maria-atomic[39m=[32m"true"[39m
        [33maria-live[39m=[32m"assertive"[39m
        [33mid[39m=[32m"rfd-announcement-:ra:"[39m
        [33mstyle[39m=[32m"position: absolute; width: 1px; height: 1px; margin: -1px; border: 0px; padding: 0px; overflow: hidden; clip-path: inset(100%);"[39m
      [36m/>[39m
      [36m<div[39m
        [33maria-atomic[39m=[32m"true"[39m
        [33maria-live[39m=[32m"assertive"[39m
        [33mid[39m=[32m"rfd-announcement-:rf:"[39m
        [33mstyle[39m=[32m"position: absolute; width: 1px; height: 1px; margin: -1px; border: 0px; padding: 0px; overflow: hidden; clip-path: inset(100%);"[39m
      [36m/>[39m
      [36m<div>[39m
        [36m<div[39m
          [33mclass[39m=[32m"space-y-6"[39m
        [36m>[39m
          [36m<div[39m
            [33mclass[39m=[32m"glass-modern rounded-xl p-6"[39m
          [36m>[39m
            [36m<div[39m
              [33mclass[39m=[32m"flex flex-wrap items-center justify-between gap-4"[39m
            [36m>[39m
              [36m<div>[39m
                [36m<h1[39m
                  [33mclass[39m=[32m"text-2xl md:text-3xl font-bold text-white mb-2"[39m
                [36m>[39m
                  [0mVue Admin - Tous les Projets[0m
                [36m</h1>[39m
                [36m<p[39m
                  [33mclass[39m=[32m"text-gray-400 text-sm"[39m
                [36m>[39m
                  [0mVisualisation de tous les projets utilisateurs (lecture seule)[0m
                [36m</p>[39m
              [36m</div>[39m
              [36m<div[39m
                [33mclass[39m=[32m"flex items-center gap-4 text-sm"[39m
              [36m>[39m
                [36m<div[39m
                  [33mclass[39m=[32m"text-center px-4 py-2 bg-white/5 rounded-lg"[39m
                [36m>[39m
                  [36m<div[39m
                    [33mclass[39m=[32m"text-2xl font-bold text-white"[39m
                  [36m>[39m
                    [0m2[0m
                  [36m</div>[39m
                  [36m<div[39m
                    [33mclass[39m=[32m"text-gray-400 text-xs"[39m
                  [36m>[39m
                    [0mProjets[0m
                  [36m</div>[39m
                [36m</div>[39m
                [36m<div[39m
                  [33mclass[39m=[32m"text-center px-4 py-2 bg-purple-500/10 rounded-lg border border-purple-500/20"[39m
                [36m>[39m
                  [36m<div[39m
                    [33mclass[39m=[32m"text-2xl font-bold text-purple-400"[39m
                  [36m>[39m
                    [0m2[0m
                  [36m</div>[39m
                  [36m<div[39m
                    [33mclass[39m=[32m"text-gray-400 text-xs"[39m
                  [36m>[39m
                    [0mUtilisateurs[0m
                  [36m</div>[39m
                [36m</div>[39m
                [36m<div[39m
                  [33mclass[39m=[32m"text-center px-4 py-2 bg-blue-500/10 rounded-lg border border-blue-500/20"[39m
                [36m>[39m
                  [36m<div[39m
                    [33mclass[39m=[32m"text-2xl font-bold text-blue-400"[39m
                  [36m>[39m
                    [0m1[0m
                  [36m</div>[39m
                  [36m<div[39m
                    [33mclass[39m=[32m"text-gray-400 text-xs"[39m
                  [36m>[39m
                    [0mEn cours[0m
                  [36m</div>[39m
                [36m</div>[39m
                [36m<div[39m
                  [33mclass[39m=[32m"hidden sm:block text-center px-4 py-2 bg-emerald-500/10 rounded-lg border border-emerald-500/20"[39m
                [36m>[39m
                  [36m<div[39m
                    [33mclass[39m=[32m"text-2xl font-bold text-emerald-400"[39m
                  [36m>[39m
                    [0m1[0m
                  [36m</div>[39m
                  [36m<div[39m
                    [33mclass[39m=[32m"text-gray-400 text-xs"[39m
                  [36m>[39m
                    [0mTerminés[0m
                  [36m</div>[39m
                [36m</div>[39m
              [36m</div>[39m
            [36m</div>[39m
          [36m</div>[39m
          [36m<div[39m
            [33mclass[39m=[32m"flex flex-wrap items-center gap-4"[39m
          [36m>[39m
            [36m<div[39m
              [33mclass[39m=[32m"relative"[39m
            [36m>[39m
              [36m<button[39m
                [33mclass[39m=[32m"flex items-center gap-2 px-4 py-2 bg-white/5 hover:bg-white/10 rounded-lg text-sm transition-all"[39m
              [36m>[39m
                [36m<svg[39m
                  [33mclass[39m=[32m"lucide lucide-users text-purple-400"[39m
                  [33mfill[39m=[32m"none"[39m
                  [33mheight[39m=[32m"16"[39m
                  [33mstroke[39m=[32m"currentColor"[39m
                  [33mstroke-linecap[39m=[32m"round"[39m
                  [33mstroke-linejoin[39m=[32m"round"[39m
                  [33mstroke-width[39m=[32m"2"[39m
                  [33mviewBox[39m=[32m"0 0 24 24"[39m
                  [33mwidth[39m=[32m"16"[39m
                  [33mxmlns[39m=[32m"http://www.w3.org/2000/svg"[39m
                [36m>[39m
                  [36m<path[39m
                    [33md[39m=[32m"M16 21v-2a4 4 0 0 0-4-4H6a4 4 0 0 0-4 4v2"[39m
                  [36m/>[39m
                  [36m<circle[39m
                    [33mcx[39m=[32m"9"[39m
                    [33mcy[39m=[32m"7"[39m
                    [33mr[39m=[32m"4"[39m
                  [36m/>[39m
                  [36m<path[39m
                    [33md[39m=[32m"M22 21v-2a4 4 0 0 0-3-3.87"[39m
                  [36m/>[39m
                  [36m<path[39m
                    [33md[39m=[32m"M16 3.13a4 4 0 0 1 0 7.75"[39m
                  [36m/>[39m
                [36m</svg>[39m
                [36m<span[39m
                  [33mclass[39m=[32m"text-gray-300"[39m
                [36m>[39m
                  [0mTous les utilisateurs[0m
                [36m</span>[39m
                [36m<svg[39m
                  [33mclass[39m=[32m"lucide lucide-chevron-down text-gray-400 transition-transform"[39m
                  [33mfill[39m=[32m"none"[39m
                  [33mheight[39m=[32m"16"[39m
                  [33mstroke[39m=[32m"currentColor"[39m
                  [33mstroke-linecap[39m=[32m"round"[39m
                  [33mstroke-linejoin[39m=[32m"round"[39m
                  [33mstroke-width[39m=[32m"2"[39m
                  [33mviewBox[39m=[32m"0 0 24 24"[39m
                  [33mwidth[39m=[32m"16"[39m
                  [33mxmlns[39m=[32m"http://www.w3.org/2000/svg"[39m
                [36m>[39m
                  [36m<path[39m
                    [33md[39m=[32m"m6 9 6 6 6-6"[39m
                  [36m/>[39m
                [36m</svg>[39m
              [36m</button>[39m
            [36m</div>[39m
            [36m<div[39m
              [33mclass[39m=[32m"flex items-center ...

      126 |     render(<AdminProjectsClient initialProjects={mockProjects} users={mockUsers} />);
      127 |
    > 128 |     const termineButton = screen.getByText(/Terminé/i);
          |                                  ^
      129 |     fireEvent.click(termineButton);
      130 |     fireEvent.click(termineButton);
      131 |     fireEvent.click(termineButton);

      at Object.getElementError (node_modules/@testing-library/react/node_modules/@testing-library/dom/dist/config.js:37:19)
      at getElementError (node_modules/@testing-library/react/node_modules/@testing-library/dom/dist/query-helpers.js:20:35)
      at getMultipleElementsFoundError (node_modules/@testing-library/react/node_modules/@testing-library/dom/dist/query-helpers.js:23:10)
      at node_modules/@testing-library/react/node_modules/@testing-library/dom/dist/query-helpers.js:55:13
      at node_modules/@testing-library/react/node_modules/@testing-library/dom/dist/query-helpers.js:95:19
      at Object.<anonymous> (/Users/juanzeiher/Visual Code/djlarian-react/src/app/(routes)../../../../admin/projects/__tests__/AdminProjectsClient.test.tsx:128:34)

  ● AdminProjectsClient › should display stats correctly

    TestingLibraryElementError: Found multiple elements with the text: /Projets/i

    Here are the matching elements:

    Ignored nodes: comments, script, style
    [36m<h1[39m
      [33mclass[39m=[32m"text-2xl md:text-3xl font-bold text-white mb-2"[39m
    [36m>[39m
      [0mVue Admin - Tous les Projets[0m
    [36m</h1>[39m

    Ignored nodes: comments, script, style
    [36m<p[39m
      [33mclass[39m=[32m"text-gray-400 text-sm"[39m
    [36m>[39m
      [0mVisualisation de tous les projets utilisateurs (lecture seule)[0m
    [36m</p>[39m

    Ignored nodes: comments, script, style
    [36m<div[39m
      [33mclass[39m=[32m"text-gray-400 text-xs"[39m
    [36m>[39m
      [0mProjets[0m
    [36m</div>[39m

    Ignored nodes: comments, script, style
    [36m<div[39m
      [33mclass[39m=[32m"text-center text-gray-500 text-xs py-4"[39m
    [36m>[39m
      [0m👁️ Vue administrateur en lecture seule • Les utilisateurs gèrent leurs propres projets[0m
    [36m</div>[39m

    (If this is intentional, then use the `*AllBy*` variant of the query (like `queryAllByText`, `getAllByText`, or `findAllByText`)).

    Ignored nodes: comments, script, style
    [36m<body>[39m
      [36m<div[39m
        [33maria-atomic[39m=[32m"true"[39m
        [33maria-live[39m=[32m"assertive"[39m
        [33mid[39m=[32m"rfd-announcement-:r5:"[39m
        [33mstyle[39m=[32m"position: absolute; width: 1px; height: 1px; margin: -1px; border: 0px; padding: 0px; overflow: hidden; clip-path: inset(100%);"[39m
      [36m/>[39m
      [36m<div[39m
        [33maria-atomic[39m=[32m"true"[39m
        [33maria-live[39m=[32m"assertive"[39m
        [33mid[39m=[32m"rfd-announcement-:ra:"[39m
        [33mstyle[39m=[32m"position: absolute; width: 1px; height: 1px; margin: -1px; border: 0px; padding: 0px; overflow: hidden; clip-path: inset(100%);"[39m
      [36m/>[39m
      [36m<div[39m
        [33maria-atomic[39m=[32m"true"[39m
        [33maria-live[39m=[32m"assertive"[39m
        [33mid[39m=[32m"rfd-announcement-:rf:"[39m
        [33mstyle[39m=[32m"position: absolute; width: 1px; height: 1px; margin: -1px; border: 0px; padding: 0px; overflow: hidden; clip-path: inset(100%);"[39m
      [36m/>[39m
      [36m<div[39m
        [33maria-atomic[39m=[32m"true"[39m
        [33maria-live[39m=[32m"assertive"[39m
        [33mid[39m=[32m"rfd-announcement-:rk:"[39m
        [33mstyle[39m=[32m"position: absolute; width: 1px; height: 1px; margin: -1px; border: 0px; padding: 0px; overflow: hidden; clip-path: inset(100%);"[39m
      [36m/>[39m
      [36m<div>[39m
        [36m<div[39m
          [33mclass[39m=[32m"space-y-6"[39m
        [36m>[39m
          [36m<div[39m
            [33mclass[39m=[32m"glass-modern rounded-xl p-6"[39m
          [36m>[39m
            [36m<div[39m
              [33mclass[39m=[32m"flex flex-wrap items-center justify-between gap-4"[39m
            [36m>[39m
              [36m<div>[39m
                [36m<h1[39m
                  [33mclass[39m=[32m"text-2xl md:text-3xl font-bold text-white mb-2"[39m
                [36m>[39m
                  [0mVue Admin - Tous les Projets[0m
                [36m</h1>[39m
                [36m<p[39m
                  [33mclass[39m=[32m"text-gray-400 text-sm"[39m
                [36m>[39m
                  [0mVisualisation de tous les projets utilisateurs (lecture seule)[0m
                [36m</p>[39m
              [36m</div>[39m
              [36m<div[39m
                [33mclass[39m=[32m"flex items-center gap-4 text-sm"[39m
              [36m>[39m
                [36m<div[39m
                  [33mclass[39m=[32m"text-center px-4 py-2 bg-white/5 rounded-lg"[39m
                [36m>[39m
                  [36m<div[39m
                    [33mclass[39m=[32m"text-2xl font-bold text-white"[39m
                  [36m>[39m
                    [0m2[0m
                  [36m</div>[39m
                  [36m<div[39m
                    [33mclass[39m=[32m"text-gray-400 text-xs"[39m
                  [36m>[39m
                    [0mProjets[0m
                  [36m</div>[39m
                [36m</div>[39m
                [36m<div[39m
                  [33mclass[39m=[32m"text-center px-4 py-2 bg-purple-500/10 rounded-lg border border-purple-500/20"[39m
                [36m>[39m
                  [36m<div[39m
                    [33mclass[39m=[32m"text-2xl font-bold text-purple-400"[39m
                  [36m>[39m
                    [0m2[0m
                  [36m</div>[39m
                  [36m<div[39m
                    [33mclass[39m=[32m"text-gray-400 text-xs"[39m
                  [36m>[39m
                    [0mUtilisateurs[0m
                  [36m</div>[39m
                [36m</div>[39m
                [36m<div[39m
                  [33mclass[39m=[32m"text-center px-4 py-2 bg-blue-500/10 rounded-lg border border-blue-500/20"[39m
                [36m>[39m
                  [36m<div[39m
                    [33mclass[39m=[32m"text-2xl font-bold text-blue-400"[39m
                  [36m>[39m
                    [0m1[0m
                  [36m</div>[39m
                  [36m<div[39m
                    [33mclass[39m=[32m"text-gray-400 text-xs"[39m
                  [36m>[39m
                    [0mEn cours[0m
                  [36m</div>[39m
                [36m</div>[39m
                [36m<div[39m
                  [33mclass[39m=[32m"hidden sm:block text-center px-4 py-2 bg-emerald-500/10 rounded-lg border border-emerald-500/20"[39m
                [36m>[39m
                  [36m<div[39m
                    [33mclass[39m=[32m"text-2xl font-bold text-emerald-400"[39m
                  [36m>[39m
                    [0m1[0m
                  [36m</div>[39m
                  [36m<div[39m
                    [33mclass[39m=[32m"text-gray-400 text-xs"[39m
                  [36m>[39m
                    [0mTerminés[0m
                  [36m</div>[39m
                [36m</div>[39m
              [36m</div>[39m
            [36m</div>[39m
          [36m</div>[39m
          [36m<div[39m
            [33mclass[39m=[32m"flex flex-wrap items-center gap-4"[39m
          [36m>[39m
            [36m<div[39m
              [33mclass[39m=[32m"relative"[39m
            [36m>[39m
              [36m<button[39m
                [33mclass[39m=[32m"flex items-center gap-2 px-4 py-2 bg-white/5 hover:bg-white/10 rounded-lg text-sm transition-all"[39m
              [36m>[39m
                [36m<svg[39m
                  [33mclass[39m=[32m"lucide lucide-users text-purple-400"[39m
                  [33mfill[39m=[32m"none"[39m
                  [33mheight[39m=[32m"16"[39m
                  [33mstroke[39m=[32m"currentColor"[39m
                  [33mstroke-linecap[39m=[32m"round"[39m
                  [33mstroke-linejoin[39m=[32m"round"[39m
                  [33mstroke-width[39m=[32m"2"[39m
                  [33mviewBox[39m=[32m"0 0 24 24"[39m
                  [33mwidth[39m=[32m"16"[39m
                  [33mxmlns[39m=[32m"http://www.w3.org/2000/svg"[39m
                [36m>[39m
                  [36m<path[39m
                    [33md[39m=[32m"M16 21v-2a4 4 0 0 0-4-4H6a4 4 0 0 0-4 4v2"[39m
                  [36m/>[39m
                  [36m<circle[39m
                    [33mcx[39m=[32m"9"[39m
                    [33mcy[39m=[32m"7"[39m
                    [33mr[39m=[32m"4"[39m
                  [36m/>[39m
                  [36m<path[39m
                    [33md[39m=[32m"M22 21v-2a4 4 0 0 0-3-3.87"[39m
                  [36m/>[39m
                  [36m<path[39m
                    [33md[39m=[32m"M16 3.13a4 4 0 0 1 0 7.75"[39m
                  [36m/>[39m
                [36m</svg>[39m
                [36m<span[39m
                  [33mclass[39m=[32m"text-gray-300"[39m
                [36m>[39m
                  [0mTous les utilisateurs[0m
                [36m</span>[39m
                [36m<svg[39m
                  [33mclass[39m=[32m"lucide lucide-chevron-down text-gray-400 transition-transform"[39m
                  [33mfill[39m=[32m"none"[39m
                  [33mheight[39m=[32m"16"[39m
                  [33mstroke[39m=[32m"currentColor"[39m
                  [33mstroke-linecap[39m=[32m"round"[39m
                  [33mstroke-linejoin[39m=[32m"round"[39m
                  [33mstroke-width[39m=[32m"2"[39m
                  [33mviewBox[39m=[32m"0 0 24 24"[39m
                  [33mwidth[39m=[32m"16"[39m
                  [33mxmlns[39...

      148 |
      149 |     // Should show stats (may need to wait for counts API)
    > 150 |     expect(screen.getByText(/Projets/i)).toBeInTheDocument();
          |                   ^
      151 |   });
      152 | });
      153 |

      at Object.getElementError (node_modules/@testing-library/react/node_modules/@testing-library/dom/dist/config.js:37:19)
      at getElementError (node_modules/@testing-library/react/node_modules/@testing-library/dom/dist/query-helpers.js:20:35)
      at getMultipleElementsFoundError (node_modules/@testing-library/react/node_modules/@testing-library/dom/dist/query-helpers.js:23:10)
      at node_modules/@testing-library/react/node_modules/@testing-library/dom/dist/query-helpers.js:55:13
      at node_modules/@testing-library/react/node_modules/@testing-library/dom/dist/query-helpers.js:95:19
      at Object.<anonymous> (/Users/juanzeiher/Visual Code/djlarian-react/src/app/(routes)../../../../admin/projects/__tests__/AdminProjectsClient.test.tsx:150:19)

(node:43532) [DEP0040] DeprecationWarning: The `punycode` module is deprecated. Please use a userland alternative instead.
(Use `node --trace-deprecation ...` to show where the warning was created)
FAIL src/app/(routes)/projects/__tests__/ProjectsClient.test.tsx
  ● ProjectsClient › should filter projects by status

    TestingLibraryElementError: Found multiple elements with the text: /Terminé/i

    Here are the matching elements:

    Ignored nodes: comments, script, style
    [36m<button[39m
      [33mclass[39m=[32m"px-3 sm:px-4 py-2 rounded-lg text-xs sm:text-sm font-medium transition-all whitespace-nowrap text-gray-300 hover:bg-gray-700/60"[39m
    [36m>[39m
      [0mTerminé[0m
      [0m ([0m
      [0m1[0m
      [0m)[0m
    [36m</button>[39m

    Ignored nodes: comments, script, style
    [36m<option[39m
      [33mvalue[39m=[32m"TERMINE"[39m
    [36m>[39m
      [0mTerminé[0m
    [36m</option>[39m

    Ignored nodes: comments, script, style
    [36m<option[39m
      [33mvalue[39m=[32m"TERMINE"[39m
    [36m>[39m
      [0mTerminé[0m
    [36m</option>[39m

    (If this is intentional, then use the `*AllBy*` variant of the query (like `queryAllByText`, `getAllByText`, or `findAllByText`)).

    Ignored nodes: comments, script, style
    [36m<body>[39m
      [36m<div[39m
        [33maria-atomic[39m=[32m"true"[39m
        [33maria-live[39m=[32m"assertive"[39m
        [33mid[39m=[32m"rfd-announcement-:r1:"[39m
        [33mstyle[39m=[32m"position: absolute; width: 1px; height: 1px; margin: -1px; border: 0px; padding: 0px; overflow: hidden; clip-path: inset(100%);"[39m
      [36m/>[39m
      [36m<div>[39m
        [36m<div[39m
          [33mclass[39m=[32m"space-y-2"[39m
        [36m>[39m
          [36m<div[39m
            [33mclass[39m=[32m"glass-modern rounded-xl p-4 sm:p-6"[39m
          [36m>[39m
            [36m<div>[39m
              [36m<h1[39m
                [33mclass[39m=[32m"text-2xl md:text-3xl font-bold text-white mb-2"[39m
              [36m>[39m
                [0mMes Projets[0m
              [36m</h1>[39m
              [36m<p[39m
                [33mclass[39m=[32m"text-gray-400 text-sm"[39m
              [36m>[39m
                [0mGère tes projets musicaux et suis leur évolution[0m
              [36m</p>[39m
            [36m</div>[39m
          [36m</div>[39m
          [36m<div[39m
            [33mclass[39m=[32m"bg-gray-800/30 backdrop-blur-md border border-gray-700/50 rounded-2xl shadow-xl overflow-hidden"[39m
          [36m>[39m
            [36m<button[39m
              [33maria-expanded[39m=[32m"false"[39m
              [33maria-label[39m=[32m"Ouvrir le calendrier"[39m
              [33mclass[39m=[32m"w-full px-4 sm:px-6 py-4 flex items-center justify-between text-left hover:bg-gray-700/30 transition-colors"[39m
            [36m>[39m
              [36m<div>[39m
                [36m<h2[39m
                  [33mclass[39m=[32m"text-lg font-semibold text-white"[39m
                [36m>[39m
                  [0mCalendrier des sorties[0m
                [36m</h2>[39m
                [36m<p[39m
                  [33mclass[39m=[32m"text-sm text-gray-400 mt-1"[39m
                [36m>[39m
                  [0mVue hebdomadaire des projets par date de sortie[0m
                [36m</p>[39m
              [36m</div>[39m
              [36m<div[39m
                [33mclass[39m=[32m"flex-shrink-0 ml-4"[39m
              [36m>[39m
                [36m<svg[39m
                  [33mclass[39m=[32m"lucide lucide-chevron-down w-5 h-5 text-gray-400"[39m
                  [33mfill[39m=[32m"none"[39m
                  [33mheight[39m=[32m"24"[39m
                  [33mstroke[39m=[32m"currentColor"[39m
                  [33mstroke-linecap[39m=[32m"round"[39m
                  [33mstroke-linejoin[39m=[32m"round"[39m
                  [33mstroke-width[39m=[32m"2"[39m
                  [33mviewBox[39m=[32m"0 0 24 24"[39m
                  [33mwidth[39m=[32m"24"[39m
                  [33mxmlns[39m=[32m"http://www.w3.org/2000/svg"[39m
                [36m>[39m
                  [36m<path[39m
                    [33md[39m=[32m"m6 9 6 6 6-6"[39m
                  [36m/>[39m
                [36m</svg>[39m
              [36m</div>[39m
            [36m</button>[39m
            [36m<div[39m
              [33mclass[39m=[32m"overflow-hidden transition-all duration-300 ease-in-out max-h-0 opacity-0"[39m
            [36m>[39m
              [36m<div[39m
                [33mclass[39m=[32m"px-4 sm:px-6 pb-4 sm:pb-6"[39m
              [36m>[39m
                [36m<div[39m
                  [33mclass[39m=[32m"flex items-center justify-center gap-4 mb-6 mt-4"[39m
                [36m>[39m
                  [36m<button[39m
                    [33maria-label[39m=[32m"Année précédente"[39m
                    [33mclass[39m=[32m"p-2 rounded-lg bg-gray-700/50 hover:bg-gray-700/70 border border-gray-600/50 hover:border-purple-500/50 transition-colors"[39m
                  [36m>[39m
                    [36m<svg[39m
                      [33mclass[39m=[32m"lucide lucide-chevron-left w-5 h-5 text-gray-300"[39m
                      [33mfill[39m=[32m"none"[39m
                      [33mheight[39m=[32m"24"[39m
                      [33mstroke[39m=[32m"currentColor"[39m
                      [33mstroke-linecap[39m=[32m"round"[39m
                      [33mstroke-linejoin[39m=[32m"round"[39m
                      [33mstroke-width[39m=[32m"2"[39m
                      [33mviewBox[39m=[32m"0 0 24 24"[39m
                      [33mwidth[39m=[32m"24"[39m
                      [33mxmlns[39m=[32m"http://www.w3.org/2000/svg"[39m
                    [36m>[39m
                      [36m<path[39m
                        [33md[39m=[32m"m15 18-6-6 6-6"[39m
                      [36m/>[39m
                    [36m</svg>[39m
                  [36m</button>[39m
                  [36m<div[39m
                    [33mclass[39m=[32m"px-4 py-2 bg-gray-800/70 rounded-lg border border-gray-700/50"[39m
                  [36m>[39m
                    [36m<span[39m
                      [33mclass[39m=[32m"text-lg font-semibold text-white"[39m
                    [36m>[39m
                      [0m2025[0m
                    [36m</span>[39m
                  [36m</div>[39m
                  [36m<button[39m
                    [33maria-label[39m=[32m"Année suivante"[39m
                    [33mclass[39m=[32m"p-2 rounded-lg bg-gray-700/50 hover:bg-gray-700/70 border border-gray-600/50 hover:border-purple-500/50 transition-colors"[39m
                  [36m>[39m
                    [36m<svg[39m
                      [33mclass[39m=[32m"lucide lucide-chevron-right w-5 h-5 text-gray-300"[39m
                      [33mfill[39m=[32m"none"[39m
                      [33mheight[39m=[32m"24"[39m
                      [33mstroke[39m=[32m"currentColor"[39m
                      [33mstroke-linecap[39m=[32m"round"[39m
                      [33mstroke-linejoin[39m=[32m"round"[39m
                      [33mstroke-width[39m=[32m"2"[39m
                      [33mviewBox[39m=[32m"0 0 24 24"[39m
                      [33mwidth[39m=[32m"24"[39m
                      [33mxmlns[39m=[32m"http://www.w3.org/2000/svg"[39m
                    [36m>[39m
                      [36m<path[39m
                        [33md[39m=[32m"m9 18 6-6-6-6"[39m
                      [36m/>[39m
                    [36m</svg>[39m
                  [36m</button>[39m
                [36m</div>[39m
                [36m<div[39m
                  [33mclass[39m=[32m"grid grid-cols-1 lg:grid-cols-2 xl:grid-cols-4 gap-4"[39m
                [36m>[39m
                  [36m<div[39m
                    [33mclass[39m=[32m"space-y-2"[39m
                  [36m>[39m
                    [36m<div[39m
                      [33mclass[39m=[32m"bg-yellow-500/20 rounded-lg px-3 py-2 border border-gray-700/50"[39m
                    [36m>[39m
                      [36m<h3[39m
                        [33mclass[39m=[32m"text-sm font-medium text-white text-center"[39m
                      [36m>[39m
                        [0mT[0m
                        [0m1[0m
                        [0m ([0m
                        [0mS1[0m
                        [0m -[0m
                        [0m [0m
                        [0mS13[0m
                        [0m)[0m
                      [36m</h3>[39m
                    [36m</div>[39m
                    [36m<div[39m
                      [33mclass[39m=[32m"overflow-x-a...

      69 |     render(<ProjectsClient initialProjects={mockProjects} />);
      70 |
    > 71 |     const termineButton = screen.getByText(/Terminé/i);
         |                                  ^
      72 |     fireEvent.click(termineButton);
      73 |
      74 |     // Wait for debounce

      at Object.getElementError (node_modules/@testing-library/react/node_modules/@testing-library/dom/dist/config.js:37:19)
      at getElementError (node_modules/@testing-library/react/node_modules/@testing-library/dom/dist/query-helpers.js:20:35)
      at getMultipleElementsFoundError (node_modules/@testing-library/react/node_modules/@testing-library/dom/dist/query-helpers.js:23:10)
      at node_modules/@testing-library/react/node_modules/@testing-library/dom/dist/query-helpers.js:55:13
      at node_modules/@testing-library/react/node_modules/@testing-library/dom/dist/query-helpers.js:95:19
      at Object.<anonymous> (/Users/juanzeiher/Visual Code/djlarian-react/src/app/(routes)../../../../projects/__tests__/ProjectsClient.test.tsx:71:34)

  ● ProjectsClient › should debounce fetch calls

    TestingLibraryElementError: Found multiple elements with the text: /Terminé/i

    Here are the matching elements:

    Ignored nodes: comments, script, style
    [36m<button[39m
      [33mclass[39m=[32m"px-3 sm:px-4 py-2 rounded-lg text-xs sm:text-sm font-medium transition-all whitespace-nowrap text-gray-300 hover:bg-gray-700/60"[39m
    [36m>[39m
      [0mTerminé[0m
      [0m ([0m
      [0m1[0m
      [0m)[0m
    [36m</button>[39m

    Ignored nodes: comments, script, style
    [36m<option[39m
      [33mvalue[39m=[32m"TERMINE"[39m
    [36m>[39m
      [0mTerminé[0m
    [36m</option>[39m

    Ignored nodes: comments, script, style
    [36m<option[39m
      [33mvalue[39m=[32m"TERMINE"[39m
    [36m>[39m
      [0mTerminé[0m
    [36m</option>[39m

    (If this is intentional, then use the `*AllBy*` variant of the query (like `queryAllByText`, `getAllByText`, or `findAllByText`)).

    Ignored nodes: comments, script, style
    [36m<body>[39m
      [36m<div[39m
        [33maria-atomic[39m=[32m"true"[39m
        [33maria-live[39m=[32m"assertive"[39m
        [33mid[39m=[32m"rfd-announcement-:r1:"[39m
        [33mstyle[39m=[32m"position: absolute; width: 1px; height: 1px; margin: -1px; border: 0px; padding: 0px; overflow: hidden; clip-path: inset(100%);"[39m
      [36m/>[39m
      [36m<div[39m
        [33maria-atomic[39m=[32m"true"[39m
        [33maria-live[39m=[32m"assertive"[39m
        [33mid[39m=[32m"rfd-announcement-:r7:"[39m
        [33mstyle[39m=[32m"position: absolute; width: 1px; height: 1px; margin: -1px; border: 0px; padding: 0px; overflow: hidden; clip-path: inset(100%);"[39m
      [36m/>[39m
      [36m<div>[39m
        [36m<div[39m
          [33mclass[39m=[32m"space-y-2"[39m
        [36m>[39m
          [36m<div[39m
            [33mclass[39m=[32m"glass-modern rounded-xl p-4 sm:p-6"[39m
          [36m>[39m
            [36m<div>[39m
              [36m<h1[39m
                [33mclass[39m=[32m"text-2xl md:text-3xl font-bold text-white mb-2"[39m
              [36m>[39m
                [0mMes Projets[0m
              [36m</h1>[39m
              [36m<p[39m
                [33mclass[39m=[32m"text-gray-400 text-sm"[39m
              [36m>[39m
                [0mGère tes projets musicaux et suis leur évolution[0m
              [36m</p>[39m
            [36m</div>[39m
          [36m</div>[39m
          [36m<div[39m
            [33mclass[39m=[32m"bg-gray-800/30 backdrop-blur-md border border-gray-700/50 rounded-2xl shadow-xl overflow-hidden"[39m
          [36m>[39m
            [36m<button[39m
              [33maria-expanded[39m=[32m"false"[39m
              [33maria-label[39m=[32m"Ouvrir le calendrier"[39m
              [33mclass[39m=[32m"w-full px-4 sm:px-6 py-4 flex items-center justify-between text-left hover:bg-gray-700/30 transition-colors"[39m
            [36m>[39m
              [36m<div>[39m
                [36m<h2[39m
                  [33mclass[39m=[32m"text-lg font-semibold text-white"[39m
                [36m>[39m
                  [0mCalendrier des sorties[0m
                [36m</h2>[39m
                [36m<p[39m
                  [33mclass[39m=[32m"text-sm text-gray-400 mt-1"[39m
                [36m>[39m
                  [0mVue hebdomadaire des projets par date de sortie[0m
                [36m</p>[39m
              [36m</div>[39m
              [36m<div[39m
                [33mclass[39m=[32m"flex-shrink-0 ml-4"[39m
              [36m>[39m
                [36m<svg[39m
                  [33mclass[39m=[32m"lucide lucide-chevron-down w-5 h-5 text-gray-400"[39m
                  [33mfill[39m=[32m"none"[39m
                  [33mheight[39m=[32m"24"[39m
                  [33mstroke[39m=[32m"currentColor"[39m
                  [33mstroke-linecap[39m=[32m"round"[39m
                  [33mstroke-linejoin[39m=[32m"round"[39m
                  [33mstroke-width[39m=[32m"2"[39m
                  [33mviewBox[39m=[32m"0 0 24 24"[39m
                  [33mwidth[39m=[32m"24"[39m
                  [33mxmlns[39m=[32m"http://www.w3.org/2000/svg"[39m
                [36m>[39m
                  [36m<path[39m
                    [33md[39m=[32m"m6 9 6 6 6-6"[39m
                  [36m/>[39m
                [36m</svg>[39m
              [36m</div>[39m
            [36m</button>[39m
            [36m<div[39m
              [33mclass[39m=[32m"overflow-hidden transition-all duration-300 ease-in-out max-h-0 opacity-0"[39m
            [36m>[39m
              [36m<div[39m
                [33mclass[39m=[32m"px-4 sm:px-6 pb-4 sm:pb-6"[39m
              [36m>[39m
                [36m<div[39m
                  [33mclass[39m=[32m"flex items-center justify-center gap-4 mb-6 mt-4"[39m
                [36m>[39m
                  [36m<button[39m
                    [33maria-label[39m=[32m"Année précédente"[39m
                    [33mclass[39m=[32m"p-2 rounded-lg bg-gray-700/50 hover:bg-gray-700/70 border border-gray-600/50 hover:border-purple-500/50 transition-colors"[39m
                  [36m>[39m
                    [36m<svg[39m
                      [33mclass[39m=[32m"lucide lucide-chevron-left w-5 h-5 text-gray-300"[39m
                      [33mfill[39m=[32m"none"[39m
                      [33mheight[39m=[32m"24"[39m
                      [33mstroke[39m=[32m"currentColor"[39m
                      [33mstroke-linecap[39m=[32m"round"[39m
                      [33mstroke-linejoin[39m=[32m"round"[39m
                      [33mstroke-width[39m=[32m"2"[39m
                      [33mviewBox[39m=[32m"0 0 24 24"[39m
                      [33mwidth[39m=[32m"24"[39m
                      [33mxmlns[39m=[32m"http://www.w3.org/2000/svg"[39m
                    [36m>[39m
                      [36m<path[39m
                        [33md[39m=[32m"m15 18-6-6 6-6"[39m
                      [36m/>[39m
                    [36m</svg>[39m
                  [36m</button>[39m
                  [36m<div[39m
                    [33mclass[39m=[32m"px-4 py-2 bg-gray-800/70 rounded-lg border border-gray-700/50"[39m
                  [36m>[39m
                    [36m<span[39m
                      [33mclass[39m=[32m"text-lg font-semibold text-white"[39m
                    [36m>[39m
                      [0m2025[0m
                    [36m</span>[39m
                  [36m</div>[39m
                  [36m<button[39m
                    [33maria-label[39m=[32m"Année suivante"[39m
                    [33mclass[39m=[32m"p-2 rounded-lg bg-gray-700/50 hover:bg-gray-700/70 border border-gray-600/50 hover:border-purple-500/50 transition-colors"[39m
                  [36m>[39m
                    [36m<svg[39m
                      [33mclass[39m=[32m"lucide lucide-chevron-right w-5 h-5 text-gray-300"[39m
                      [33mfill[39m=[32m"none"[39m
                      [33mheight[39m=[32m"24"[39m
                      [33mstroke[39m=[32m"currentColor"[39m
                      [33mstroke-linecap[39m=[32m"round"[39m
                      [33mstroke-linejoin[39m=[32m"round"[39m
                      [33mstroke-width[39m=[32m"2"[39m
                      [33mviewBox[39m=[32m"0 0 24 24"[39m
                      [33mwidth[39m=[32m"24"[39m
                      [33mxmlns[39m=[32m"http://www.w3.org/2000/svg"[39m
                    [36m>[39m
                      [36m<path[39m
                        [33md[39m=[32m"m9 18 6-6-6-6"[39m
                      [36m/>[39m
                    [36m</svg>[39m
                  [36m</button>[39m
                [36m</div>[39m
                [36m<div[39m
                  [33mclass[39m=[32m"grid grid-cols-1 lg:grid-cols-2 xl:grid-cols-4 gap-4"[39m
                [36m>[39m
                  [36m<div[39m
                    [33mclass[39m=[32m"space-y-2"[39m
                  [36m>[39m
                    [36m<div[39m
                      [33mclass[39m=[32m"bg-yellow-500/20 rounded-lg px-3 py-2 border border-gray-700/50"[39m
                    [36m>[39m
                      [36m<h3[39m
                        [33mclass[39m=[32m"text-sm font-medium text-white text-center"[39m
                      [36m>[39m
                        [0mT[0m
                        [0m1[0m
       ...

      85 |     render(<ProjectsClient initialProjects={mockProjects} />);
      86 |
    > 87 |     const termineButton = screen.getByText(/Terminé/i);
         |                                  ^
      88 |     fireEvent.click(termineButton);
      89 |     fireEvent.click(termineButton);
      90 |     fireEvent.click(termineButton);

      at Object.getElementError (node_modules/@testing-library/react/node_modules/@testing-library/dom/dist/config.js:37:19)
      at getElementError (node_modules/@testing-library/react/node_modules/@testing-library/dom/dist/query-helpers.js:20:35)
      at getMultipleElementsFoundError (node_modules/@testing-library/react/node_modules/@testing-library/dom/dist/query-helpers.js:23:10)
      at node_modules/@testing-library/react/node_modules/@testing-library/dom/dist/query-helpers.js:55:13
      at node_modules/@testing-library/react/node_modules/@testing-library/dom/dist/query-helpers.js:95:19
      at Object.<anonymous> (/Users/juanzeiher/Visual Code/djlarian-react/src/app/(routes)../../../../projects/__tests__/ProjectsClient.test.tsx:87:34)

A worker process has failed to exit gracefully and has been force exited. This is likely caused by tests leaking due to improper teardown. Try running with --detectOpenHandles to find leaks. Active timers can also cause this, ensure that .unref() was called on them.
Summary of all failing tests
FAIL src/app/api/projects/__tests__/counts.test.ts
  ● /api/projects/counts › should return counts for authenticated user

    expect(received).toBe(expected) // Object.is equality

    Expected: true
    Received: undefined

      51 |
      52 |     expect(response.status).toBe(200);
    > 53 |     expect(data.success).toBe(true);
         |                          ^
      54 |     expect(data.data.total).toBe(10);
      55 |     expect(data.data.statusBreakdown.EN_COURS).toBe(5);
      56 |     expect(data.data.statusBreakdown.TERMINE).toBe(3);

      at Object.<anonymous> (src/app/api/projects/__tests__/counts.test.ts:53:26)

  ● /api/projects/counts › should use aggregates instead of loading all projects

    expect(received).not.toHaveBeenCalled()

    Matcher error: received value must be a mock or spy function

    Received has value: undefined

      75 |     expect(prisma.project.count).toHaveBeenCalled();
      76 |     expect(prisma.project.groupBy).toHaveBeenCalled();
    > 77 |     expect(prisma.project.findMany).not.toHaveBeenCalled();
         |                                         ^
      78 |   });
      79 |
      80 |   it('should allow admin to see all projects counts', async () => {

      at Object.<anonymous> (src/app/api/projects/__tests__/counts.test.ts:77:41)

FAIL src/app/api/projects/__tests__/batch.test.ts
  ● /api/projects/batch › should create multiple projects in batch

    expect(received).toBe(expected) // Object.is equality

    Expected: 200
    Received: 500

      70 |     const data = await response.json();
      71 |
    > 72 |     expect(response.status).toBe(200);
         |                             ^
      73 |     expect(data.success).toBe(true);
      74 |     expect(data.data.created).toBe(2);
      75 |     expect(revalidateTag).toHaveBeenCalled();

      at Object.<anonymous> (src/app/api/projects/__tests__/batch.test.ts:72:29)

  ● /api/projects/batch › should skip duplicates when overwriteDuplicates is false

    TypeError: Cannot read properties of undefined (reading 'created')

      105 |     const data = await response.json();
      106 |
    > 107 |     expect(data.data.created).toBe(1);
          |                      ^
      108 |     expect(data.data.failed).toBe(1);
      109 |   });
      110 |

      at Object.<anonymous> (src/app/api/projects/__tests__/batch.test.ts:107:22)

  ● /api/projects/batch › should validate project data

    expect(received).toBe(expected) // Object.is equality

    Expected: 200
    Received: 400

      129 |     const data = await response.json();
      130 |
    > 131 |     expect(response.status).toBe(200);
          |                             ^
      132 |     expect(data.data.failed).toBeGreaterThan(0);
      133 |     expect(data.data.errors.length).toBeGreaterThan(0);
      134 |   });

      at Object.<anonymous> (src/app/api/projects/__tests__/batch.test.ts:131:29)

FAIL src/app/api/projects/__tests__/[id].test.ts
  ● /api/projects/[id] › GET › should return project for owner

    expect(received).toBe(expected) // Object.is equality

    Expected: true
    Received: undefined

      60 |
      61 |       expect(response.status).toBe(200);
    > 62 |       expect(data.success).toBe(true);
         |                            ^
      63 |       expect(data.data.id).toBe('project1');
      64 |     });
      65 |

      at Object.<anonymous> (src/app/api/projects/__tests__/[id].test.ts:62:28)

  ● /api/projects/[id] › DELETE › should delete project for owner

    expect(received).toBe(expected) // Object.is equality

    Expected: true
    Received: undefined

      233 |
      234 |       expect(response.status).toBe(200);
    > 235 |       expect(data.success).toBe(true);
          |                            ^
      236 |       expect(prisma.project.delete).toHaveBeenCalled();
      237 |       expect(revalidateTag).toHaveBeenCalled();
      238 |     });

      at Object.<anonymous> (src/app/api/projects/__tests__/[id].test.ts:235:28)

FAIL src/app/api/projects/__tests__/route.test.ts
  ● /api/projects › GET › should return projects for authenticated user

    expect(received).toBe(expected) // Object.is equality

    Expected: true
    Received: undefined

      64 |
      65 |       expect(response.status).toBe(200);
    > 66 |       expect(data.success).toBe(true);
         |                            ^
      67 |       expect(Array.isArray(data.data)).toBe(true);
      68 |       expect(prisma.project.findMany).toHaveBeenCalled();
      69 |     });

      at Object.<anonymous> (src/app/api/projects/__tests__/route.test.ts:66:28)

  ● /api/projects › POST › should create a new project

    expect(received).toBe(expected) // Object.is equality

    Expected: true
    Received: undefined

      180 |
      181 |       expect(response.status).toBe(201);
    > 182 |       expect(data.success).toBe(true);
          |                            ^
      183 |       expect(data.data.name).toBe('New Project');
      184 |       expect(prisma.project.create).toHaveBeenCalled();
      185 |     });

      at Object.<anonymous> (src/app/api/projects/__tests__/route.test.ts:182:28)

FAIL src/app/api/projects/__tests__/reorder.test.ts
  ● /api/projects/reorder › should reorder projects

    expect(received).toBe(expected) // Object.is equality

    Expected: 200
    Received: 500

      80 |     const data = await response.json();
      81 |
    > 82 |     expect(response.status).toBe(200);
         |                             ^
      83 |     expect(data.success).toBe(true);
      84 |     expect(prisma.project.$transaction).toHaveBeenCalled();
      85 |     expect(revalidateTag).toHaveBeenCalled();

      at Object.<anonymous> (src/app/api/projects/__tests__/reorder.test.ts:82:29)

  ● /api/projects/reorder › should return 403 for projects not owned by user

    expect(received).toBe(expected) // Object.is equality

    Expected: 400
    Received: 500

      109 |     const data = await response.json();
      110 |
    > 111 |     expect(response.status).toBe(400);
          |                             ^
      112 |     expect(data.error).toContain("n'existe pas ou ne vous appartient pas");
      113 |   });
      114 |

      at Object.<anonymous> (src/app/api/projects/__tests__/reorder.test.ts:111:29)

FAIL src/app/api/projects/__tests__/statistics.test.ts
  ● /api/projects/statistics › should return statistics using aggregates

    expect(received).toBe(expected) // Object.is equality

    Expected: true
    Received: undefined

      54 |
      55 |     expect(response.status).toBe(200);
    > 56 |     expect(data.success).toBe(true);
         |                          ^
      57 |     expect(data.data.totalProjects).toBe(10);
      58 |     expect(data.data.statusBreakdown).toBeDefined();
      59 |     expect(data.data.projectsByYear).toBeDefined();

      at Object.<anonymous> (src/app/api/projects/__tests__/statistics.test.ts:56:26)

FAIL src/app/(routes)/admin/projects/__tests__/AdminProjectsClient.test.tsx
  ● AdminProjectsClient › should render admin projects view

    TestingLibraryElementError: Found multiple elements with the text: /Vue Admin/i

    Here are the matching elements:

    Ignored nodes: comments, script, style
    [36m<h1[39m
      [33mclass[39m=[32m"text-2xl md:text-3xl font-bold text-white mb-2"[39m
    [36m>[39m
      [0mVue Admin - Tous les Projets[0m
    [36m</h1>[39m

    Ignored nodes: comments, script, style
    [36m<div[39m
      [33mclass[39m=[32m"text-center text-gray-500 text-xs py-4"[39m
    [36m>[39m
      [0m��️ Vue administrateur en lecture seule • Les utilisateurs gèrent leurs propres projets[0m
    [36m</div>[39m

    (If this is intentional, then use the `*AllBy*` variant of the query (like `queryAllByText`, `getAllByText`, or `findAllByText`)).

    Ignored nodes: comments, script, style
    [36m<body>[39m
      [36m<div>[39m
        [36m<div[39m
          [33mclass[39m=[32m"space-y-6"[39m
        [36m>[39m
          [36m<div[39m
            [33mclass[39m=[32m"glass-modern rounded-xl p-6"[39m
          [36m>[39m
            [36m<div[39m
              [33mclass[39m=[32m"flex flex-wrap items-center justify-between gap-4"[39m
            [36m>[39m
              [36m<div>[39m
                [36m<h1[39m
                  [33mclass[39m=[32m"text-2xl md:text-3xl font-bold text-white mb-2"[39m
                [36m>[39m
                  [0mVue Admin - Tous les Projets[0m
                [36m</h1>[39m
                [36m<p[39m
                  [33mclass[39m=[32m"text-gray-400 text-sm"[39m
                [36m>[39m
                  [0mVisualisation de tous les projets utilisateurs (lecture seule)[0m
                [36m</p>[39m
              [36m</div>[39m
              [36m<div[39m
                [33mclass[39m=[32m"flex items-center gap-4 text-sm"[39m
              [36m>[39m
                [36m<div[39m
                  [33mclass[39m=[32m"text-center px-4 py-2 bg-white/5 rounded-lg"[39m
                [36m>[39m
                  [36m<div[39m
                    [33mclass[39m=[32m"text-2xl font-bold text-white"[39m
                  [36m>[39m
                    [0m2[0m
                  [36m</div>[39m
                  [36m<div[39m
                    [33mclass[39m=[32m"text-gray-400 text-xs"[39m
                  [36m>[39m
                    [0mProjets[0m
                  [36m</div>[39m
                [36m</div>[39m
                [36m<div[39m
                  [33mclass[39m=[32m"text-center px-4 py-2 bg-purple-500/10 rounded-lg border border-purple-500/20"[39m
                [36m>[39m
                  [36m<div[39m
                    [33mclass[39m=[32m"text-2xl font-bold text-purple-400"[39m
                  [36m>[39m
                    [0m2[0m
                  [36m</div>[39m
                  [36m<div[39m
                    [33mclass[39m=[32m"text-gray-400 text-xs"[39m
                  [36m>[39m
                    [0mUtilisateurs[0m
                  [36m</div>[39m
                [36m</div>[39m
                [36m<div[39m
                  [33mclass[39m=[32m"text-center px-4 py-2 bg-blue-500/10 rounded-lg border border-blue-500/20"[39m
                [36m>[39m
                  [36m<div[39m
                    [33mclass[39m=[32m"text-2xl font-bold text-blue-400"[39m
                  [36m>[39m
                    [0m1[0m
                  [36m</div>[39m
                  [36m<div[39m
                    [33mclass[39m=[32m"text-gray-400 text-xs"[39m
                  [36m>[39m
                    [0mEn cours[0m
                  [36m</div>[39m
                [36m</div>[39m
                [36m<div[39m
                  [33mclass[39m=[32m"hidden sm:block text-center px-4 py-2 bg-emerald-500/10 rounded-lg border border-emerald-500/20"[39m
                [36m>[39m
                  [36m<div[39m
                    [33mclass[39m=[32m"text-2xl font-bold text-emerald-400"[39m
                  [36m>[39m
                    [0m1[0m
                  [36m</div>[39m
                  [36m<div[39m
                    [33mclass[39m=[32m"text-gray-400 text-xs"[39m
                  [36m>[39m
                    [0mTerminés[0m
                  [36m</div>[39m
                [36m</div>[39m
              [36m</div>[39m
            [36m</div>[39m
          [36m</div>[39m
          [36m<div[39m
            [33mclass[39m=[32m"flex flex-wrap items-center gap-4"[39m
          [36m>[39m
            [36m<div[39m
              [33mclass[39m=[32m"relative"[39m
            [36m>[39m
              [36m<button[39m
                [33mclass[39m=[32m"flex items-center gap-2 px-4 py-2 bg-white/5 hover:bg-white/10 rounded-lg text-sm transition-all"[39m
              [36m>[39m
                [36m<svg[39m
                  [33mclass[39m=[32m"lucide lucide-users text-purple-400"[39m
                  [33mfill[39m=[32m"none"[39m
                  [33mheight[39m=[32m"16"[39m
                  [33mstroke[39m=[32m"currentColor"[39m
                  [33mstroke-linecap[39m=[32m"round"[39m
                  [33mstroke-linejoin[39m=[32m"round"[39m
                  [33mstroke-width[39m=[32m"2"[39m
                  [33mviewBox[39m=[32m"0 0 24 24"[39m
                  [33mwidth[39m=[32m"16"[39m
                  [33mxmlns[39m=[32m"http://www.w3.org/2000/svg"[39m
                [36m>[39m
                  [36m<path[39m
                    [33md[39m=[32m"M16 21v-2a4 4 0 0 0-4-4H6a4 4 0 0 0-4 4v2"[39m
                  [36m/>[39m
                  [36m<circle[39m
                    [33mcx[39m=[32m"9"[39m
                    [33mcy[39m=[32m"7"[39m
                    [33mr[39m=[32m"4"[39m
                  [36m/>[39m
                  [36m<path[39m
                    [33md[39m=[32m"M22 21v-2a4 4 0 0 0-3-3.87"[39m
                  [36m/>[39m
                  [36m<path[39m
                    [33md[39m=[32m"M16 3.13a4 4 0 0 1 0 7.75"[39m
                  [36m/>[39m
                [36m</svg>[39m
                [36m<span[39m
                  [33mclass[39m=[32m"text-gray-300"[39m
                [36m>[39m
                  [0mTous les utilisateurs[0m
                [36m</span>[39m
                [36m<svg[39m
                  [33mclass[39m=[32m"lucide lucide-chevron-down text-gray-400 transition-transform"[39m
                  [33mfill[39m=[32m"none"[39m
                  [33mheight[39m=[32m"16"[39m
                  [33mstroke[39m=[32m"currentColor"[39m
                  [33mstroke-linecap[39m=[32m"round"[39m
                  [33mstroke-linejoin[39m=[32m"round"[39m
                  [33mstroke-width[39m=[32m"2"[39m
                  [33mviewBox[39m=[32m"0 0 24 24"[39m
                  [33mwidth[39m=[32m"16"[39m
                  [33mxmlns[39m=[32m"http://www.w3.org/2000/svg"[39m
                [36m>[39m
                  [36m<path[39m
                    [33md[39m=[32m"m6 9 6 6 6-6"[39m
                  [36m/>[39m
                [36m</svg>[39m
              [36m</button>[39m
            [36m</div>[39m
            [36m<div[39m
              [33mclass[39m=[32m"flex items-center gap-2 text-gray-400"[39m
            [36m>[39m
              [36m<svg[39m
                [33mclass[39m=[32m"lucide lucide-filter"[39m
                [33mfill[39m=[32m"none"[39m
                [33mheight[39m=[32m"16"[39m
                [33mstroke[39m=[32m"currentColor"[39m
                [33mstroke-linecap[39m=[32m"round"[39m
                [33mstroke-linejoin[39m=[32m"round"[39m
                [33mstroke-width[39m=[32m"2"[39m
                [33mviewBox[39m=[32m"0 0 24 24"[39m
                [33mwidth[39m=[32m"16"[39m
                [33mxmlns[39m=[32m"http://www.w3.org/2000/svg"[39m
              [36m>[39m
                [36m<polygon[39m
                  [33mpoints[39m=[32m"22 3 2 3 10 12.46 10 19 14 21 14 12.46 22 3"[39m
                [36m/>[39m
              [36m</svg>[39m
              [36m<span[39m
                [33mclass[39m=[32m"text-sm"[39m
              [36m>[39m
                [0mStatut :[0m
              [36m</span>[39m
            [36m</div>[39m
            [36m<div[39m
           ...

      49 |     render(<AdminProjectsClient initialProjects={mockProjects} users={mockUsers} />);
      50 |
    > 51 |     expect(screen.getByText(/Vue Admin/i)).toBeInTheDocument();
         |                   ^
      52 |     expect(screen.getByText('Project 1')).toBeInTheDocument();
      53 |     expect(screen.getByText('Project 2')).toBeInTheDocument();
      54 |   });

      at Object.getElementError (node_modules/@testing-library/react/node_modules/@testing-library/dom/dist/config.js:37:19)
      at getElementError (node_modules/@testing-library/react/node_modules/@testing-library/dom/dist/query-helpers.js:20:35)
      at getMultipleElementsFoundError (node_modules/@testing-library/react/node_modules/@testing-library/dom/dist/query-helpers.js:23:10)
      at node_modules/@testing-library/react/node_modules/@testing-library/dom/dist/query-helpers.js:55:13
      at node_modules/@testing-library/react/node_modules/@testing-library/dom/dist/query-helpers.js:95:19
      at Object.<anonymous> (/Users/juanzeiher/Visual Code/djlarian-react/src/app/(routes)../../../../admin/projects/__tests__/AdminProjectsClient.test.tsx:51:19)

  ● AdminProjectsClient › should display statistics using counts API

    TypeError: projects.filter is not a function

      156 |   };
      157 |
    > 158 |   const filteredProjects = projects.filter((p) => {
          |                                     ^
      159 |     const statusMatch = statusFilter === 'ALL' || p.status === statusFilter;
      160 |     const userMatch = userFilter === 'ALL' || p.userId === userFilter;
      161 |     return statusMatch && userMatch;

      at AdminProjectsClient (/Users/juanzeiher/Visual Code/djlarian-react/src/app/(routes)../../../../admin/projects/AdminProjectsClient.tsx:158:37)
      at renderWithHooks (node_modules/react-dom/cjs/react-dom.development.js:15486:18)
      at updateFunctionComponent (node_modules/react-dom/cjs/react-dom.development.js:19617:20)
      at beginWork (node_modules/react-dom/cjs/react-dom.development.js:21640:16)
      at beginWork$1 (node_modules/react-dom/cjs/react-dom.development.js:27465:14)
      at performUnitOfWork (node_modules/react-dom/cjs/react-dom.development.js:26599:12)
      at workLoopSync (node_modules/react-dom/cjs/react-dom.development.js:26505:5)
      at renderRootSync (node_modules/react-dom/cjs/react-dom.development.js:26473:7)
      at recoverFromConcurrentError (node_modules/react-dom/cjs/react-dom.development.js:25889:20)
      at performConcurrentWorkOnRoot (node_modules/react-dom/cjs/react-dom.development.js:25789:22)
      at workLoop (node_modules/scheduler/cjs/scheduler.development.js:266:34)
      at flushWork (node_modules/scheduler/cjs/scheduler.development.js:239:14)
      at performWorkUntilDeadline (node_modules/scheduler/cjs/scheduler.development.js:533:21)
      at Timeout.task [as _onTimeout] (node_modules/jsdom/lib/jsdom/browser/Window.js:520:19)

  ● AdminProjectsClient › should filter by status

    TestingLibraryElementError: Found multiple elements with the text: /Terminé/i

    Here are the matching elements:

    Ignored nodes: comments, script, style
    [36m<div[39m
      [33mclass[39m=[32m"text-gray-400 text-xs"[39m
    [36m>[39m
      [0mTerminés[0m
    [36m</div>[39m

    Ignored nodes: comments, script, style
    [36m<button[39m
      [33mclass[39m=[32m"px-3 py-1.5 rounded-lg text-sm font-medium transition-all bg-white/5 text-gray-300 hover:bg-white/10"[39m
    [36m>[39m
      [0mTerminé[0m
    [36m</button>[39m

    Ignored nodes: comments, script, style
    [36m<option[39m
      [33mvalue[39m=[32m"TERMINE"[39m
    [36m>[39m
      [0mTerminé[0m
    [36m</option>[39m

    Ignored nodes: comments, script, style
    [36m<option[39m
      [33mvalue[39m=[32m"TERMINE"[39m
    [36m>[39m
      [0mTerminé[0m
    [36m</option>[39m

    (If this is intentional, then use the `*AllBy*` variant of the query (like `queryAllByText`, `getAllByText`, or `findAllByText`)).

    Ignored nodes: comments, script, style
    [36m<body>[39m
      [36m<div[39m
        [33maria-atomic[39m=[32m"true"[39m
        [33maria-live[39m=[32m"assertive"[39m
        [33mid[39m=[32m"rfd-announcement-:r5:"[39m
        [33mstyle[39m=[32m"position: absolute; width: 1px; height: 1px; margin: -1px; border: 0px; padding: 0px; overflow: hidden; clip-path: inset(100%);"[39m
      [36m/>[39m
      [36m<div[39m
        [33maria-atomic[39m=[32m"true"[39m
        [33maria-live[39m=[32m"assertive"[39m
        [33mid[39m=[32m"rfd-announcement-:ra:"[39m
        [33mstyle[39m=[32m"position: absolute; width: 1px; height: 1px; margin: -1px; border: 0px; padding: 0px; overflow: hidden; clip-path: inset(100%);"[39m
      [36m/>[39m
      [36m<div>[39m
        [36m<div[39m
          [33mclass[39m=[32m"space-y-6"[39m
        [36m>[39m
          [36m<div[39m
            [33mclass[39m=[32m"glass-modern rounded-xl p-6"[39m
          [36m>[39m
            [36m<div[39m
              [33mclass[39m=[32m"flex flex-wrap items-center justify-between gap-4"[39m
            [36m>[39m
              [36m<div>[39m
                [36m<h1[39m
                  [33mclass[39m=[32m"text-2xl md:text-3xl font-bold text-white mb-2"[39m
                [36m>[39m
                  [0mVue Admin - Tous les Projets[0m
                [36m</h1>[39m
                [36m<p[39m
                  [33mclass[39m=[32m"text-gray-400 text-sm"[39m
                [36m>[39m
                  [0mVisualisation de tous les projets utilisateurs (lecture seule)[0m
                [36m</p>[39m
              [36m</div>[39m
              [36m<div[39m
                [33mclass[39m=[32m"flex items-center gap-4 text-sm"[39m
              [36m>[39m
                [36m<div[39m
                  [33mclass[39m=[32m"text-center px-4 py-2 bg-white/5 rounded-lg"[39m
                [36m>[39m
                  [36m<div[39m
                    [33mclass[39m=[32m"text-2xl font-bold text-white"[39m
                  [36m>[39m
                    [0m2[0m
                  [36m</div>[39m
                  [36m<div[39m
                    [33mclass[39m=[32m"text-gray-400 text-xs"[39m
                  [36m>[39m
                    [0mProjets[0m
                  [36m</div>[39m
                [36m</div>[39m
                [36m<div[39m
                  [33mclass[39m=[32m"text-center px-4 py-2 bg-purple-500/10 rounded-lg border border-purple-500/20"[39m
                [36m>[39m
                  [36m<div[39m
                    [33mclass[39m=[32m"text-2xl font-bold text-purple-400"[39m
                  [36m>[39m
                    [0m2[0m
                  [36m</div>[39m
                  [36m<div[39m
                    [33mclass[39m=[32m"text-gray-400 text-xs"[39m
                  [36m>[39m
                    [0mUtilisateurs[0m
                  [36m</div>[39m
                [36m</div>[39m
                [36m<div[39m
                  [33mclass[39m=[32m"text-center px-4 py-2 bg-blue-500/10 rounded-lg border border-blue-500/20"[39m
                [36m>[39m
                  [36m<div[39m
                    [33mclass[39m=[32m"text-2xl font-bold text-blue-400"[39m
                  [36m>[39m
                    [0m1[0m
                  [36m</div>[39m
                  [36m<div[39m
                    [33mclass[39m=[32m"text-gray-400 text-xs"[39m
                  [36m>[39m
                    [0mEn cours[0m
                  [36m</div>[39m
                [36m</div>[39m
                [36m<div[39m
                  [33mclass[39m=[32m"hidden sm:block text-center px-4 py-2 bg-emerald-500/10 rounded-lg border border-emerald-500/20"[39m
                [36m>[39m
                  [36m<div[39m
                    [33mclass[39m=[32m"text-2xl font-bold text-emerald-400"[39m
                  [36m>[39m
                    [0m1[0m
                  [36m</div>[39m
                  [36m<div[39m
                    [33mclass[39m=[32m"text-gray-400 text-xs"[39m
                  [36m>[39m
                    [0mTerminés[0m
                  [36m</div>[39m
                [36m</div>[39m
              [36m</div>[39m
            [36m</div>[39m
          [36m</div>[39m
          [36m<div[39m
            [33mclass[39m=[32m"flex flex-wrap items-center gap-4"[39m
          [36m>[39m
            [36m<div[39m
              [33mclass[39m=[32m"relative"[39m
            [36m>[39m
              [36m<button[39m
                [33mclass[39m=[32m"flex items-center gap-2 px-4 py-2 bg-white/5 hover:bg-white/10 rounded-lg text-sm transition-all"[39m
              [36m>[39m
                [36m<svg[39m
                  [33mclass[39m=[32m"lucide lucide-users text-purple-400"[39m
                  [33mfill[39m=[32m"none"[39m
                  [33mheight[39m=[32m"16"[39m
                  [33mstroke[39m=[32m"currentColor"[39m
                  [33mstroke-linecap[39m=[32m"round"[39m
                  [33mstroke-linejoin[39m=[32m"round"[39m
                  [33mstroke-width[39m=[32m"2"[39m
                  [33mviewBox[39m=[32m"0 0 24 24"[39m
                  [33mwidth[39m=[32m"16"[39m
                  [33mxmlns[39m=[32m"http://www.w3.org/2000/svg"[39m
                [36m>[39m
                  [36m<path[39m
                    [33md[39m=[32m"M16 21v-2a4 4 0 0 0-4-4H6a4 4 0 0 0-4 4v2"[39m
                  [36m/>[39m
                  [36m<circle[39m
                    [33mcx[39m=[32m"9"[39m
                    [33mcy[39m=[32m"7"[39m
                    [33mr[39m=[32m"4"[39m
                  [36m/>[39m
                  [36m<path[39m
                    [33md[39m=[32m"M22 21v-2a4 4 0 0 0-3-3.87"[39m
                  [36m/>[39m
                  [36m<path[39m
                    [33md[39m=[32m"M16 3.13a4 4 0 0 1 0 7.75"[39m
                  [36m/>[39m
                [36m</svg>[39m
                [36m<span[39m
                  [33mclass[39m=[32m"text-gray-300"[39m
                [36m>[39m
                  [0mTous les utilisateurs[0m
                [36m</span>[39m
                [36m<svg[39m
                  [33mclass[39m=[32m"lucide lucide-chevron-down text-gray-400 transition-transform"[39m
                  [33mfill[39m=[32m"none"[39m
                  [33mheight[39m=[32m"16"[39m
                  [33mstroke[39m=[32m"currentColor"[39m
                  [33mstroke-linecap[39m=[32m"round"[39m
                  [33mstroke-linejoin[39m=[32m"round"[39m
                  [33mstroke-width[39m=[32m"2"[39m
                  [33mviewBox[39m=[32m"0 0 24 24"[39m
                  [33mwidth[39m=[32m"16"[39m
                  [33mxmlns[39m=[32m"http://www.w3.org/2000/svg"[39m
                [36m>[39m
                  [36m<path[39m
                    [33md[39m=[32m"m6 9 6 6 6-6"[39m
                  [36m/>[39m
                [36m</svg>[39m
              [36m</button>[39m
            [36m</div>[39m
            [36m<div[39m
              [33mclass[39m=[32m"flex items-center gap-2 text-gray-400"[39m
            [36m>[39m
              [36m<svg[39m
                [33mclass[39m=[32m"lucide lucide-filter"[39m
                [33mfill[39m=[32m"none"[39m
                [33mheight[39m=[32m"16"[39m
                [33mstroke[39m=[32m"currentColor"[39m
                [33mstroke-linecap[39m=[32m"round"[39m
       ...

      110 |     render(<AdminProjectsClient initialProjects={mockProjects} users={mockUsers} />);
      111 |
    > 112 |     const termineButton = screen.getByText(/Terminé/i);
          |                                  ^
      113 |     fireEvent.click(termineButton);
      114 |
      115 |     jest.advanceTimersByTime(300);

      at Object.getElementError (node_modules/@testing-library/react/node_modules/@testing-library/dom/dist/config.js:37:19)
      at getElementError (node_modules/@testing-library/react/node_modules/@testing-library/dom/dist/query-helpers.js:20:35)
      at getMultipleElementsFoundError (node_modules/@testing-library/react/node_modules/@testing-library/dom/dist/query-helpers.js:23:10)
      at node_modules/@testing-library/react/node_modules/@testing-library/dom/dist/query-helpers.js:55:13
      at node_modules/@testing-library/react/node_modules/@testing-library/dom/dist/query-helpers.js:95:19
      at Object.<anonymous> (/Users/juanzeiher/Visual Code/djlarian-react/src/app/(routes)../../../../admin/projects/__tests__/AdminProjectsClient.test.tsx:112:34)

  ● AdminProjectsClient › should debounce fetch calls

    TestingLibraryElementError: Found multiple elements with the text: /Terminé/i

    Here are the matching elements:

    Ignored nodes: comments, script, style
    [36m<div[39m
      [33mclass[39m=[32m"text-gray-400 text-xs"[39m
    [36m>[39m
      [0mTerminés[0m
    [36m</div>[39m

    Ignored nodes: comments, script, style
    [36m<button[39m
      [33mclass[39m=[32m"px-3 py-1.5 rounded-lg text-sm font-medium transition-all bg-white/5 text-gray-300 hover:bg-white/10"[39m
    [36m>[39m
      [0mTerminé[0m
    [36m</button>[39m

    Ignored nodes: comments, script, style
    [36m<option[39m
      [33mvalue[39m=[32m"TERMINE"[39m
    [36m>[39m
      [0mTerminé[0m
    [36m</option>[39m

    Ignored nodes: comments, script, style
    [36m<option[39m
      [33mvalue[39m=[32m"TERMINE"[39m
    [36m>[39m
      [0mTerminé[0m
    [36m</option>[39m

    (If this is intentional, then use the `*AllBy*` variant of the query (like `queryAllByText`, `getAllByText`, or `findAllByText`)).

    Ignored nodes: comments, script, style
    [36m<body>[39m
      [36m<div[39m
        [33maria-atomic[39m=[32m"true"[39m
        [33maria-live[39m=[32m"assertive"[39m
        [33mid[39m=[32m"rfd-announcement-:r5:"[39m
        [33mstyle[39m=[32m"position: absolute; width: 1px; height: 1px; margin: -1px; border: 0px; padding: 0px; overflow: hidden; clip-path: inset(100%);"[39m
      [36m/>[39m
      [36m<div[39m
        [33maria-atomic[39m=[32m"true"[39m
        [33maria-live[39m=[32m"assertive"[39m
        [33mid[39m=[32m"rfd-announcement-:ra:"[39m
        [33mstyle[39m=[32m"position: absolute; width: 1px; height: 1px; margin: -1px; border: 0px; padding: 0px; overflow: hidden; clip-path: inset(100%);"[39m
      [36m/>[39m
      [36m<div[39m
        [33maria-atomic[39m=[32m"true"[39m
        [33maria-live[39m=[32m"assertive"[39m
        [33mid[39m=[32m"rfd-announcement-:rf:"[39m
        [33mstyle[39m=[32m"position: absolute; width: 1px; height: 1px; margin: -1px; border: 0px; padding: 0px; overflow: hidden; clip-path: inset(100%);"[39m
      [36m/>[39m
      [36m<div>[39m
        [36m<div[39m
          [33mclass[39m=[32m"space-y-6"[39m
        [36m>[39m
          [36m<div[39m
            [33mclass[39m=[32m"glass-modern rounded-xl p-6"[39m
          [36m>[39m
            [36m<div[39m
              [33mclass[39m=[32m"flex flex-wrap items-center justify-between gap-4"[39m
            [36m>[39m
              [36m<div>[39m
                [36m<h1[39m
                  [33mclass[39m=[32m"text-2xl md:text-3xl font-bold text-white mb-2"[39m
                [36m>[39m
                  [0mVue Admin - Tous les Projets[0m
                [36m</h1>[39m
                [36m<p[39m
                  [33mclass[39m=[32m"text-gray-400 text-sm"[39m
                [36m>[39m
                  [0mVisualisation de tous les projets utilisateurs (lecture seule)[0m
                [36m</p>[39m
              [36m</div>[39m
              [36m<div[39m
                [33mclass[39m=[32m"flex items-center gap-4 text-sm"[39m
              [36m>[39m
                [36m<div[39m
                  [33mclass[39m=[32m"text-center px-4 py-2 bg-white/5 rounded-lg"[39m
                [36m>[39m
                  [36m<div[39m
                    [33mclass[39m=[32m"text-2xl font-bold text-white"[39m
                  [36m>[39m
                    [0m2[0m
                  [36m</div>[39m
                  [36m<div[39m
                    [33mclass[39m=[32m"text-gray-400 text-xs"[39m
                  [36m>[39m
                    [0mProjets[0m
                  [36m</div>[39m
                [36m</div>[39m
                [36m<div[39m
                  [33mclass[39m=[32m"text-center px-4 py-2 bg-purple-500/10 rounded-lg border border-purple-500/20"[39m
                [36m>[39m
                  [36m<div[39m
                    [33mclass[39m=[32m"text-2xl font-bold text-purple-400"[39m
                  [36m>[39m
                    [0m2[0m
                  [36m</div>[39m
                  [36m<div[39m
                    [33mclass[39m=[32m"text-gray-400 text-xs"[39m
                  [36m>[39m
                    [0mUtilisateurs[0m
                  [36m</div>[39m
                [36m</div>[39m
                [36m<div[39m
                  [33mclass[39m=[32m"text-center px-4 py-2 bg-blue-500/10 rounded-lg border border-blue-500/20"[39m
                [36m>[39m
                  [36m<div[39m
                    [33mclass[39m=[32m"text-2xl font-bold text-blue-400"[39m
                  [36m>[39m
                    [0m1[0m
                  [36m</div>[39m
                  [36m<div[39m
                    [33mclass[39m=[32m"text-gray-400 text-xs"[39m
                  [36m>[39m
                    [0mEn cours[0m
                  [36m</div>[39m
                [36m</div>[39m
                [36m<div[39m
                  [33mclass[39m=[32m"hidden sm:block text-center px-4 py-2 bg-emerald-500/10 rounded-lg border border-emerald-500/20"[39m
                [36m>[39m
                  [36m<div[39m
                    [33mclass[39m=[32m"text-2xl font-bold text-emerald-400"[39m
                  [36m>[39m
                    [0m1[0m
                  [36m</div>[39m
                  [36m<div[39m
                    [33mclass[39m=[32m"text-gray-400 text-xs"[39m
                  [36m>[39m
                    [0mTerminés[0m
                  [36m</div>[39m
                [36m</div>[39m
              [36m</div>[39m
            [36m</div>[39m
          [36m</div>[39m
          [36m<div[39m
            [33mclass[39m=[32m"flex flex-wrap items-center gap-4"[39m
          [36m>[39m
            [36m<div[39m
              [33mclass[39m=[32m"relative"[39m
            [36m>[39m
              [36m<button[39m
                [33mclass[39m=[32m"flex items-center gap-2 px-4 py-2 bg-white/5 hover:bg-white/10 rounded-lg text-sm transition-all"[39m
              [36m>[39m
                [36m<svg[39m
                  [33mclass[39m=[32m"lucide lucide-users text-purple-400"[39m
                  [33mfill[39m=[32m"none"[39m
                  [33mheight[39m=[32m"16"[39m
                  [33mstroke[39m=[32m"currentColor"[39m
                  [33mstroke-linecap[39m=[32m"round"[39m
                  [33mstroke-linejoin[39m=[32m"round"[39m
                  [33mstroke-width[39m=[32m"2"[39m
                  [33mviewBox[39m=[32m"0 0 24 24"[39m
                  [33mwidth[39m=[32m"16"[39m
                  [33mxmlns[39m=[32m"http://www.w3.org/2000/svg"[39m
                [36m>[39m
                  [36m<path[39m
                    [33md[39m=[32m"M16 21v-2a4 4 0 0 0-4-4H6a4 4 0 0 0-4 4v2"[39m
                  [36m/>[39m
                  [36m<circle[39m
                    [33mcx[39m=[32m"9"[39m
                    [33mcy[39m=[32m"7"[39m
                    [33mr[39m=[32m"4"[39m
                  [36m/>[39m
                  [36m<path[39m
                    [33md[39m=[32m"M22 21v-2a4 4 0 0 0-3-3.87"[39m
                  [36m/>[39m
                  [36m<path[39m
                    [33md[39m=[32m"M16 3.13a4 4 0 0 1 0 7.75"[39m
                  [36m/>[39m
                [36m</svg>[39m
                [36m<span[39m
                  [33mclass[39m=[32m"text-gray-300"[39m
                [36m>[39m
                  [0mTous les utilisateurs[0m
                [36m</span>[39m
                [36m<svg[39m
                  [33mclass[39m=[32m"lucide lucide-chevron-down text-gray-400 transition-transform"[39m
                  [33mfill[39m=[32m"none"[39m
                  [33mheight[39m=[32m"16"[39m
                  [33mstroke[39m=[32m"currentColor"[39m
                  [33mstroke-linecap[39m=[32m"round"[39m
                  [33mstroke-linejoin[39m=[32m"round"[39m
                  [33mstroke-width[39m=[32m"2"[39m
                  [33mviewBox[39m=[32m"0 0 24 24"[39m
                  [33mwidth[39m=[32m"16"[39m
                  [33mxmlns[39m=[32m"http://www.w3.org/2000/svg"[39m
                [36m>[39m
                  [36m<path[39m
                    [33md[39m=[32m"m6 9 6 6 6-6"[39m
                  [36m/>[39m
                [36m</svg>[39m
              [36m</button>[39m
            [36m</div>[39m
            [36m<div[39m
              [33mclass[39m=[32m"flex items-center ...

      126 |     render(<AdminProjectsClient initialProjects={mockProjects} users={mockUsers} />);
      127 |
    > 128 |     const termineButton = screen.getByText(/Terminé/i);
          |                                  ^
      129 |     fireEvent.click(termineButton);
      130 |     fireEvent.click(termineButton);
      131 |     fireEvent.click(termineButton);

      at Object.getElementError (node_modules/@testing-library/react/node_modules/@testing-library/dom/dist/config.js:37:19)
      at getElementError (node_modules/@testing-library/react/node_modules/@testing-library/dom/dist/query-helpers.js:20:35)
      at getMultipleElementsFoundError (node_modules/@testing-library/react/node_modules/@testing-library/dom/dist/query-helpers.js:23:10)
      at node_modules/@testing-library/react/node_modules/@testing-library/dom/dist/query-helpers.js:55:13
      at node_modules/@testing-library/react/node_modules/@testing-library/dom/dist/query-helpers.js:95:19
      at Object.<anonymous> (/Users/juanzeiher/Visual Code/djlarian-react/src/app/(routes)../../../../admin/projects/__tests__/AdminProjectsClient.test.tsx:128:34)

  ● AdminProjectsClient › should display stats correctly

    TestingLibraryElementError: Found multiple elements with the text: /Projets/i

    Here are the matching elements:

    Ignored nodes: comments, script, style
    [36m<h1[39m
      [33mclass[39m=[32m"text-2xl md:text-3xl font-bold text-white mb-2"[39m
    [36m>[39m
      [0mVue Admin - Tous les Projets[0m
    [36m</h1>[39m

    Ignored nodes: comments, script, style
    [36m<p[39m
      [33mclass[39m=[32m"text-gray-400 text-sm"[39m
    [36m>[39m
      [0mVisualisation de tous les projets utilisateurs (lecture seule)[0m
    [36m</p>[39m

    Ignored nodes: comments, script, style
    [36m<div[39m
      [33mclass[39m=[32m"text-gray-400 text-xs"[39m
    [36m>[39m
      [0mProjets[0m
    [36m</div>[39m

    Ignored nodes: comments, script, style
    [36m<div[39m
      [33mclass[39m=[32m"text-center text-gray-500 text-xs py-4"[39m
    [36m>[39m
      [0m��️ Vue administrateur en lecture seule • Les utilisateurs gèrent leurs propres projets[0m
    [36m</div>[39m

    (If this is intentional, then use the `*AllBy*` variant of the query (like `queryAllByText`, `getAllByText`, or `findAllByText`)).

    Ignored nodes: comments, script, style
    [36m<body>[39m
      [36m<div[39m
        [33maria-atomic[39m=[32m"true"[39m
        [33maria-live[39m=[32m"assertive"[39m
        [33mid[39m=[32m"rfd-announcement-:r5:"[39m
        [33mstyle[39m=[32m"position: absolute; width: 1px; height: 1px; margin: -1px; border: 0px; padding: 0px; overflow: hidden; clip-path: inset(100%);"[39m
      [36m/>[39m
      [36m<div[39m
        [33maria-atomic[39m=[32m"true"[39m
        [33maria-live[39m=[32m"assertive"[39m
        [33mid[39m=[32m"rfd-announcement-:ra:"[39m
        [33mstyle[39m=[32m"position: absolute; width: 1px; height: 1px; margin: -1px; border: 0px; padding: 0px; overflow: hidden; clip-path: inset(100%);"[39m
      [36m/>[39m
      [36m<div[39m
        [33maria-atomic[39m=[32m"true"[39m
        [33maria-live[39m=[32m"assertive"[39m
        [33mid[39m=[32m"rfd-announcement-:rf:"[39m
        [33mstyle[39m=[32m"position: absolute; width: 1px; height: 1px; margin: -1px; border: 0px; padding: 0px; overflow: hidden; clip-path: inset(100%);"[39m
      [36m/>[39m
      [36m<div[39m
        [33maria-atomic[39m=[32m"true"[39m
        [33maria-live[39m=[32m"assertive"[39m
        [33mid[39m=[32m"rfd-announcement-:rk:"[39m
        [33mstyle[39m=[32m"position: absolute; width: 1px; height: 1px; margin: -1px; border: 0px; padding: 0px; overflow: hidden; clip-path: inset(100%);"[39m
      [36m/>[39m
      [36m<div>[39m
        [36m<div[39m
          [33mclass[39m=[32m"space-y-6"[39m
        [36m>[39m
          [36m<div[39m
            [33mclass[39m=[32m"glass-modern rounded-xl p-6"[39m
          [36m>[39m
            [36m<div[39m
              [33mclass[39m=[32m"flex flex-wrap items-center justify-between gap-4"[39m
            [36m>[39m
              [36m<div>[39m
                [36m<h1[39m
                  [33mclass[39m=[32m"text-2xl md:text-3xl font-bold text-white mb-2"[39m
                [36m>[39m
                  [0mVue Admin - Tous les Projets[0m
                [36m</h1>[39m
                [36m<p[39m
                  [33mclass[39m=[32m"text-gray-400 text-sm"[39m
                [36m>[39m
                  [0mVisualisation de tous les projets utilisateurs (lecture seule)[0m
                [36m</p>[39m
              [36m</div>[39m
              [36m<div[39m
                [33mclass[39m=[32m"flex items-center gap-4 text-sm"[39m
              [36m>[39m
                [36m<div[39m
                  [33mclass[39m=[32m"text-center px-4 py-2 bg-white/5 rounded-lg"[39m
                [36m>[39m
                  [36m<div[39m
                    [33mclass[39m=[32m"text-2xl font-bold text-white"[39m
                  [36m>[39m
                    [0m2[0m
                  [36m</div>[39m
                  [36m<div[39m
                    [33mclass[39m=[32m"text-gray-400 text-xs"[39m
                  [36m>[39m
                    [0mProjets[0m
                  [36m</div>[39m
                [36m</div>[39m
                [36m<div[39m
                  [33mclass[39m=[32m"text-center px-4 py-2 bg-purple-500/10 rounded-lg border border-purple-500/20"[39m
                [36m>[39m
                  [36m<div[39m
                    [33mclass[39m=[32m"text-2xl font-bold text-purple-400"[39m
                  [36m>[39m
                    [0m2[0m
                  [36m</div>[39m
                  [36m<div[39m
                    [33mclass[39m=[32m"text-gray-400 text-xs"[39m
                  [36m>[39m
                    [0mUtilisateurs[0m
                  [36m</div>[39m
                [36m</div>[39m
                [36m<div[39m
                  [33mclass[39m=[32m"text-center px-4 py-2 bg-blue-500/10 rounded-lg border border-blue-500/20"[39m
                [36m>[39m
                  [36m<div[39m
                    [33mclass[39m=[32m"text-2xl font-bold text-blue-400"[39m
                  [36m>[39m
                    [0m1[0m
                  [36m</div>[39m
                  [36m<div[39m
                    [33mclass[39m=[32m"text-gray-400 text-xs"[39m
                  [36m>[39m
                    [0mEn cours[0m
                  [36m</div>[39m
                [36m</div>[39m
                [36m<div[39m
                  [33mclass[39m=[32m"hidden sm:block text-center px-4 py-2 bg-emerald-500/10 rounded-lg border border-emerald-500/20"[39m
                [36m>[39m
                  [36m<div[39m
                    [33mclass[39m=[32m"text-2xl font-bold text-emerald-400"[39m
                  [36m>[39m
                    [0m1[0m
                  [36m</div>[39m
                  [36m<div[39m
                    [33mclass[39m=[32m"text-gray-400 text-xs"[39m
                  [36m>[39m
                    [0mTerminés[0m
                  [36m</div>[39m
                [36m</div>[39m
              [36m</div>[39m
            [36m</div>[39m
          [36m</div>[39m
          [36m<div[39m
            [33mclass[39m=[32m"flex flex-wrap items-center gap-4"[39m
          [36m>[39m
            [36m<div[39m
              [33mclass[39m=[32m"relative"[39m
            [36m>[39m
              [36m<button[39m
                [33mclass[39m=[32m"flex items-center gap-2 px-4 py-2 bg-white/5 hover:bg-white/10 rounded-lg text-sm transition-all"[39m
              [36m>[39m
                [36m<svg[39m
                  [33mclass[39m=[32m"lucide lucide-users text-purple-400"[39m
                  [33mfill[39m=[32m"none"[39m
                  [33mheight[39m=[32m"16"[39m
                  [33mstroke[39m=[32m"currentColor"[39m
                  [33mstroke-linecap[39m=[32m"round"[39m
                  [33mstroke-linejoin[39m=[32m"round"[39m
                  [33mstroke-width[39m=[32m"2"[39m
                  [33mviewBox[39m=[32m"0 0 24 24"[39m
                  [33mwidth[39m=[32m"16"[39m
                  [33mxmlns[39m=[32m"http://www.w3.org/2000/svg"[39m
                [36m>[39m
                  [36m<path[39m
                    [33md[39m=[32m"M16 21v-2a4 4 0 0 0-4-4H6a4 4 0 0 0-4 4v2"[39m
                  [36m/>[39m
                  [36m<circle[39m
                    [33mcx[39m=[32m"9"[39m
                    [33mcy[39m=[32m"7"[39m
                    [33mr[39m=[32m"4"[39m
                  [36m/>[39m
                  [36m<path[39m
                    [33md[39m=[32m"M22 21v-2a4 4 0 0 0-3-3.87"[39m
                  [36m/>[39m
                  [36m<path[39m
                    [33md[39m=[32m"M16 3.13a4 4 0 0 1 0 7.75"[39m
                  [36m/>[39m
                [36m</svg>[39m
                [36m<span[39m
                  [33mclass[39m=[32m"text-gray-300"[39m
                [36m>[39m
                  [0mTous les utilisateurs[0m
                [36m</span>[39m
                [36m<svg[39m
                  [33mclass[39m=[32m"lucide lucide-chevron-down text-gray-400 transition-transform"[39m
                  [33mfill[39m=[32m"none"[39m
                  [33mheight[39m=[32m"16"[39m
                  [33mstroke[39m=[32m"currentColor"[39m
                  [33mstroke-linecap[39m=[32m"round"[39m
                  [33mstroke-linejoin[39m=[32m"round"[39m
                  [33mstroke-width[39m=[32m"2"[39m
                  [33mviewBox[39m=[32m"0 0 24 24"[39m
                  [33mwidth[39m=[32m"16"[39m
                  [33mxmlns[39...

      148 |
      149 |     // Should show stats (may need to wait for counts API)
    > 150 |     expect(screen.getByText(/Projets/i)).toBeInTheDocument();
          |                   ^
      151 |   });
      152 | });
      153 |

      at Object.getElementError (node_modules/@testing-library/react/node_modules/@testing-library/dom/dist/config.js:37:19)
      at getElementError (node_modules/@testing-library/react/node_modules/@testing-library/dom/dist/query-helpers.js:20:35)
      at getMultipleElementsFoundError (node_modules/@testing-library/react/node_modules/@testing-library/dom/dist/query-helpers.js:23:10)
      at node_modules/@testing-library/react/node_modules/@testing-library/dom/dist/query-helpers.js:55:13
      at node_modules/@testing-library/react/node_modules/@testing-library/dom/dist/query-helpers.js:95:19
      at Object.<anonymous> (/Users/juanzeiher/Visual Code/djlarian-react/src/app/(routes)../../../../admin/projects/__tests__/AdminProjectsClient.test.tsx:150:19)

FAIL src/app/(routes)/projects/__tests__/ProjectsClient.test.tsx
  ● ProjectsClient › should filter projects by status

    TestingLibraryElementError: Found multiple elements with the text: /Terminé/i

    Here are the matching elements:

    Ignored nodes: comments, script, style
    [36m<button[39m
      [33mclass[39m=[32m"px-3 sm:px-4 py-2 rounded-lg text-xs sm:text-sm font-medium transition-all whitespace-nowrap text-gray-300 hover:bg-gray-700/60"[39m
    [36m>[39m
      [0mTerminé[0m
      [0m ([0m
      [0m1[0m
      [0m)[0m
    [36m</button>[39m

    Ignored nodes: comments, script, style
    [36m<option[39m
      [33mvalue[39m=[32m"TERMINE"[39m
    [36m>[39m
      [0mTerminé[0m
    [36m</option>[39m

    Ignored nodes: comments, script, style
    [36m<option[39m
      [33mvalue[39m=[32m"TERMINE"[39m
    [36m>[39m
      [0mTerminé[0m
    [36m</option>[39m

    (If this is intentional, then use the `*AllBy*` variant of the query (like `queryAllByText`, `getAllByText`, or `findAllByText`)).

    Ignored nodes: comments, script, style
    [36m<body>[39m
      [36m<div[39m
        [33maria-atomic[39m=[32m"true"[39m
        [33maria-live[39m=[32m"assertive"[39m
        [33mid[39m=[32m"rfd-announcement-:r1:"[39m
        [33mstyle[39m=[32m"position: absolute; width: 1px; height: 1px; margin: -1px; border: 0px; padding: 0px; overflow: hidden; clip-path: inset(100%);"[39m
      [36m/>[39m
      [36m<div>[39m
        [36m<div[39m
          [33mclass[39m=[32m"space-y-2"[39m
        [36m>[39m
          [36m<div[39m
            [33mclass[39m=[32m"glass-modern rounded-xl p-4 sm:p-6"[39m
          [36m>[39m
            [36m<div>[39m
              [36m<h1[39m
                [33mclass[39m=[32m"text-2xl md:text-3xl font-bold text-white mb-2"[39m
              [36m>[39m
                [0mMes Projets[0m
              [36m</h1>[39m
              [36m<p[39m
                [33mclass[39m=[32m"text-gray-400 text-sm"[39m
              [36m>[39m
                [0mGère tes projets musicaux et suis leur évolution[0m
              [36m</p>[39m
            [36m</div>[39m
          [36m</div>[39m
          [36m<div[39m
            [33mclass[39m=[32m"bg-gray-800/30 backdrop-blur-md border border-gray-700/50 rounded-2xl shadow-xl overflow-hidden"[39m
          [36m>[39m
            [36m<button[39m
              [33maria-expanded[39m=[32m"false"[39m
              [33maria-label[39m=[32m"Ouvrir le calendrier"[39m
              [33mclass[39m=[32m"w-full px-4 sm:px-6 py-4 flex items-center justify-between text-left hover:bg-gray-700/30 transition-colors"[39m
            [36m>[39m
              [36m<div>[39m
                [36m<h2[39m
                  [33mclass[39m=[32m"text-lg font-semibold text-white"[39m
                [36m>[39m
                  [0mCalendrier des sorties[0m
                [36m</h2>[39m
                [36m<p[39m
                  [33mclass[39m=[32m"text-sm text-gray-400 mt-1"[39m
                [36m>[39m
                  [0mVue hebdomadaire des projets par date de sortie[0m
                [36m</p>[39m
              [36m</div>[39m
              [36m<div[39m
                [33mclass[39m=[32m"flex-shrink-0 ml-4"[39m
              [36m>[39m
                [36m<svg[39m
                  [33mclass[39m=[32m"lucide lucide-chevron-down w-5 h-5 text-gray-400"[39m
                  [33mfill[39m=[32m"none"[39m
                  [33mheight[39m=[32m"24"[39m
                  [33mstroke[39m=[32m"currentColor"[39m
                  [33mstroke-linecap[39m=[32m"round"[39m
                  [33mstroke-linejoin[39m=[32m"round"[39m
                  [33mstroke-width[39m=[32m"2"[39m
                  [33mviewBox[39m=[32m"0 0 24 24"[39m
                  [33mwidth[39m=[32m"24"[39m
                  [33mxmlns[39m=[32m"http://www.w3.org/2000/svg"[39m
                [36m>[39m
                  [36m<path[39m
                    [33md[39m=[32m"m6 9 6 6 6-6"[39m
                  [36m/>[39m
                [36m</svg>[39m
              [36m</div>[39m
            [36m</button>[39m
            [36m<div[39m
              [33mclass[39m=[32m"overflow-hidden transition-all duration-300 ease-in-out max-h-0 opacity-0"[39m
            [36m>[39m
              [36m<div[39m
                [33mclass[39m=[32m"px-4 sm:px-6 pb-4 sm:pb-6"[39m
              [36m>[39m
                [36m<div[39m
                  [33mclass[39m=[32m"flex items-center justify-center gap-4 mb-6 mt-4"[39m
                [36m>[39m
                  [36m<button[39m
                    [33maria-label[39m=[32m"Année précédente"[39m
                    [33mclass[39m=[32m"p-2 rounded-lg bg-gray-700/50 hover:bg-gray-700/70 border border-gray-600/50 hover:border-purple-500/50 transition-colors"[39m
                  [36m>[39m
                    [36m<svg[39m
                      [33mclass[39m=[32m"lucide lucide-chevron-left w-5 h-5 text-gray-300"[39m
                      [33mfill[39m=[32m"none"[39m
                      [33mheight[39m=[32m"24"[39m
                      [33mstroke[39m=[32m"currentColor"[39m
                      [33mstroke-linecap[39m=[32m"round"[39m
                      [33mstroke-linejoin[39m=[32m"round"[39m
                      [33mstroke-width[39m=[32m"2"[39m
                      [33mviewBox[39m=[32m"0 0 24 24"[39m
                      [33mwidth[39m=[32m"24"[39m
                      [33mxmlns[39m=[32m"http://www.w3.org/2000/svg"[39m
                    [36m>[39m
                      [36m<path[39m
                        [33md[39m=[32m"m15 18-6-6 6-6"[39m
                      [36m/>[39m
                    [36m</svg>[39m
                  [36m</button>[39m
                  [36m<div[39m
                    [33mclass[39m=[32m"px-4 py-2 bg-gray-800/70 rounded-lg border border-gray-700/50"[39m
                  [36m>[39m
                    [36m<span[39m
                      [33mclass[39m=[32m"text-lg font-semibold text-white"[39m
                    [36m>[39m
                      [0m2025[0m
                    [36m</span>[39m
                  [36m</div>[39m
                  [36m<button[39m
                    [33maria-label[39m=[32m"Année suivante"[39m
                    [33mclass[39m=[32m"p-2 rounded-lg bg-gray-700/50 hover:bg-gray-700/70 border border-gray-600/50 hover:border-purple-500/50 transition-colors"[39m
                  [36m>[39m
                    [36m<svg[39m
                      [33mclass[39m=[32m"lucide lucide-chevron-right w-5 h-5 text-gray-300"[39m
                      [33mfill[39m=[32m"none"[39m
                      [33mheight[39m=[32m"24"[39m
                      [33mstroke[39m=[32m"currentColor"[39m
                      [33mstroke-linecap[39m=[32m"round"[39m
                      [33mstroke-linejoin[39m=[32m"round"[39m
                      [33mstroke-width[39m=[32m"2"[39m
                      [33mviewBox[39m=[32m"0 0 24 24"[39m
                      [33mwidth[39m=[32m"24"[39m
                      [33mxmlns[39m=[32m"http://www.w3.org/2000/svg"[39m
                    [36m>[39m
                      [36m<path[39m
                        [33md[39m=[32m"m9 18 6-6-6-6"[39m
                      [36m/>[39m
                    [36m</svg>[39m
                  [36m</button>[39m
                [36m</div>[39m
                [36m<div[39m
                  [33mclass[39m=[32m"grid grid-cols-1 lg:grid-cols-2 xl:grid-cols-4 gap-4"[39m
                [36m>[39m
                  [36m<div[39m
                    [33mclass[39m=[32m"space-y-2"[39m
                  [36m>[39m
                    [36m<div[39m
                      [33mclass[39m=[32m"bg-yellow-500/20 rounded-lg px-3 py-2 border border-gray-700/50"[39m
                    [36m>[39m
                      [36m<h3[39m
                        [33mclass[39m=[32m"text-sm font-medium text-white text-center"[39m
                      [36m>[39m
                        [0mT[0m
                        [0m1[0m
                        [0m ([0m
                        [0mS1[0m
                        [0m -[0m
                        [0m [0m
                        [0mS13[0m
                        [0m)[0m
                      [36m</h3>[39m
                    [36m</div>[39m
                    [36m<div[39m
                      [33mclass[39m=[32m"overflow-x-a...

      69 |     render(<ProjectsClient initialProjects={mockProjects} />);
      70 |
    > 71 |     const termineButton = screen.getByText(/Terminé/i);
         |                                  ^
      72 |     fireEvent.click(termineButton);
      73 |
      74 |     // Wait for debounce

      at Object.getElementError (node_modules/@testing-library/react/node_modules/@testing-library/dom/dist/config.js:37:19)
      at getElementError (node_modules/@testing-library/react/node_modules/@testing-library/dom/dist/query-helpers.js:20:35)
      at getMultipleElementsFoundError (node_modules/@testing-library/react/node_modules/@testing-library/dom/dist/query-helpers.js:23:10)
      at node_modules/@testing-library/react/node_modules/@testing-library/dom/dist/query-helpers.js:55:13
      at node_modules/@testing-library/react/node_modules/@testing-library/dom/dist/query-helpers.js:95:19
      at Object.<anonymous> (/Users/juanzeiher/Visual Code/djlarian-react/src/app/(routes)../../../../projects/__tests__/ProjectsClient.test.tsx:71:34)

  ● ProjectsClient › should debounce fetch calls

    TestingLibraryElementError: Found multiple elements with the text: /Terminé/i

    Here are the matching elements:

    Ignored nodes: comments, script, style
    [36m<button[39m
      [33mclass[39m=[32m"px-3 sm:px-4 py-2 rounded-lg text-xs sm:text-sm font-medium transition-all whitespace-nowrap text-gray-300 hover:bg-gray-700/60"[39m
    [36m>[39m
      [0mTerminé[0m
      [0m ([0m
      [0m1[0m
      [0m)[0m
    [36m</button>[39m

    Ignored nodes: comments, script, style
    [36m<option[39m
      [33mvalue[39m=[32m"TERMINE"[39m
    [36m>[39m
      [0mTerminé[0m
    [36m</option>[39m

    Ignored nodes: comments, script, style
    [36m<option[39m
      [33mvalue[39m=[32m"TERMINE"[39m
    [36m>[39m
      [0mTerminé[0m
    [36m</option>[39m

    (If this is intentional, then use the `*AllBy*` variant of the query (like `queryAllByText`, `getAllByText`, or `findAllByText`)).

    Ignored nodes: comments, script, style
    [36m<body>[39m
      [36m<div[39m
        [33maria-atomic[39m=[32m"true"[39m
        [33maria-live[39m=[32m"assertive"[39m
        [33mid[39m=[32m"rfd-announcement-:r1:"[39m
        [33mstyle[39m=[32m"position: absolute; width: 1px; height: 1px; margin: -1px; border: 0px; padding: 0px; overflow: hidden; clip-path: inset(100%);"[39m
      [36m/>[39m
      [36m<div[39m
        [33maria-atomic[39m=[32m"true"[39m
        [33maria-live[39m=[32m"assertive"[39m
        [33mid[39m=[32m"rfd-announcement-:r7:"[39m
        [33mstyle[39m=[32m"position: absolute; width: 1px; height: 1px; margin: -1px; border: 0px; padding: 0px; overflow: hidden; clip-path: inset(100%);"[39m
      [36m/>[39m
      [36m<div>[39m
        [36m<div[39m
          [33mclass[39m=[32m"space-y-2"[39m
        [36m>[39m
          [36m<div[39m
            [33mclass[39m=[32m"glass-modern rounded-xl p-4 sm:p-6"[39m
          [36m>[39m
            [36m<div>[39m
              [36m<h1[39m
                [33mclass[39m=[32m"text-2xl md:text-3xl font-bold text-white mb-2"[39m
              [36m>[39m
                [0mMes Projets[0m
              [36m</h1>[39m
              [36m<p[39m
                [33mclass[39m=[32m"text-gray-400 text-sm"[39m
              [36m>[39m
                [0mGère tes projets musicaux et suis leur évolution[0m
              [36m</p>[39m
            [36m</div>[39m
          [36m</div>[39m
          [36m<div[39m
            [33mclass[39m=[32m"bg-gray-800/30 backdrop-blur-md border border-gray-700/50 rounded-2xl shadow-xl overflow-hidden"[39m
          [36m>[39m
            [36m<button[39m
              [33maria-expanded[39m=[32m"false"[39m
              [33maria-label[39m=[32m"Ouvrir le calendrier"[39m
              [33mclass[39m=[32m"w-full px-4 sm:px-6 py-4 flex items-center justify-between text-left hover:bg-gray-700/30 transition-colors"[39m
            [36m>[39m
              [36m<div>[39m
                [36m<h2[39m
                  [33mclass[39m=[32m"text-lg font-semibold text-white"[39m
                [36m>[39m
                  [0mCalendrier des sorties[0m
                [36m</h2>[39m
                [36m<p[39m
                  [33mclass[39m=[32m"text-sm text-gray-400 mt-1"[39m
                [36m>[39m
                  [0mVue hebdomadaire des projets par date de sortie[0m
                [36m</p>[39m
              [36m</div>[39m
              [36m<div[39m
                [33mclass[39m=[32m"flex-shrink-0 ml-4"[39m
              [36m>[39m
                [36m<svg[39m
                  [33mclass[39m=[32m"lucide lucide-chevron-down w-5 h-5 text-gray-400"[39m
                  [33mfill[39m=[32m"none"[39m
                  [33mheight[39m=[32m"24"[39m
                  [33mstroke[39m=[32m"currentColor"[39m
                  [33mstroke-linecap[39m=[32m"round"[39m
                  [33mstroke-linejoin[39m=[32m"round"[39m
                  [33mstroke-width[39m=[32m"2"[39m
                  [33mviewBox[39m=[32m"0 0 24 24"[39m
                  [33mwidth[39m=[32m"24"[39m
                  [33mxmlns[39m=[32m"http://www.w3.org/2000/svg"[39m
                [36m>[39m
                  [36m<path[39m
                    [33md[39m=[32m"m6 9 6 6 6-6"[39m
                  [36m/>[39m
                [36m</svg>[39m
              [36m</div>[39m
            [36m</button>[39m
            [36m<div[39m
              [33mclass[39m=[32m"overflow-hidden transition-all duration-300 ease-in-out max-h-0 opacity-0"[39m
            [36m>[39m
              [36m<div[39m
                [33mclass[39m=[32m"px-4 sm:px-6 pb-4 sm:pb-6"[39m
              [36m>[39m
                [36m<div[39m
                  [33mclass[39m=[32m"flex items-center justify-center gap-4 mb-6 mt-4"[39m
                [36m>[39m
                  [36m<button[39m
                    [33maria-label[39m=[32m"Année précédente"[39m
                    [33mclass[39m=[32m"p-2 rounded-lg bg-gray-700/50 hover:bg-gray-700/70 border border-gray-600/50 hover:border-purple-500/50 transition-colors"[39m
                  [36m>[39m
                    [36m<svg[39m
                      [33mclass[39m=[32m"lucide lucide-chevron-left w-5 h-5 text-gray-300"[39m
                      [33mfill[39m=[32m"none"[39m
                      [33mheight[39m=[32m"24"[39m
                      [33mstroke[39m=[32m"currentColor"[39m
                      [33mstroke-linecap[39m=[32m"round"[39m
                      [33mstroke-linejoin[39m=[32m"round"[39m
                      [33mstroke-width[39m=[32m"2"[39m
                      [33mviewBox[39m=[32m"0 0 24 24"[39m
                      [33mwidth[39m=[32m"24"[39m
                      [33mxmlns[39m=[32m"http://www.w3.org/2000/svg"[39m
                    [36m>[39m
                      [36m<path[39m
                        [33md[39m=[32m"m15 18-6-6 6-6"[39m
                      [36m/>[39m
                    [36m</svg>[39m
                  [36m</button>[39m
                  [36m<div[39m
                    [33mclass[39m=[32m"px-4 py-2 bg-gray-800/70 rounded-lg border border-gray-700/50"[39m
                  [36m>[39m
                    [36m<span[39m
                      [33mclass[39m=[32m"text-lg font-semibold text-white"[39m
                    [36m>[39m
                      [0m2025[0m
                    [36m</span>[39m
                  [36m</div>[39m
                  [36m<button[39m
                    [33maria-label[39m=[32m"Année suivante"[39m
                    [33mclass[39m=[32m"p-2 rounded-lg bg-gray-700/50 hover:bg-gray-700/70 border border-gray-600/50 hover:border-purple-500/50 transition-colors"[39m
                  [36m>[39m
                    [36m<svg[39m
                      [33mclass[39m=[32m"lucide lucide-chevron-right w-5 h-5 text-gray-300"[39m
                      [33mfill[39m=[32m"none"[39m
                      [33mheight[39m=[32m"24"[39m
                      [33mstroke[39m=[32m"currentColor"[39m
                      [33mstroke-linecap[39m=[32m"round"[39m
                      [33mstroke-linejoin[39m=[32m"round"[39m
                      [33mstroke-width[39m=[32m"2"[39m
                      [33mviewBox[39m=[32m"0 0 24 24"[39m
                      [33mwidth[39m=[32m"24"[39m
                      [33mxmlns[39m=[32m"http://www.w3.org/2000/svg"[39m
                    [36m>[39m
                      [36m<path[39m
                        [33md[39m=[32m"m9 18 6-6-6-6"[39m
                      [36m/>[39m
                    [36m</svg>[39m
                  [36m</button>[39m
                [36m</div>[39m
                [36m<div[39m
                  [33mclass[39m=[32m"grid grid-cols-1 lg:grid-cols-2 xl:grid-cols-4 gap-4"[39m
                [36m>[39m
                  [36m<div[39m
                    [33mclass[39m=[32m"space-y-2"[39m
                  [36m>[39m
                    [36m<div[39m
                      [33mclass[39m=[32m"bg-yellow-500/20 rounded-lg px-3 py-2 border border-gray-700/50"[39m
                    [36m>[39m
                      [36m<h3[39m
                        [33mclass[39m=[32m"text-sm font-medium text-white text-center"[39m
                      [36m>[39m
                        [0mT[0m
                        [0m1[0m
       ...

      85 |     render(<ProjectsClient initialProjects={mockProjects} />);
      86 |
    > 87 |     const termineButton = screen.getByText(/Terminé/i);
         |                                  ^
      88 |     fireEvent.click(termineButton);
      89 |     fireEvent.click(termineButton);
      90 |     fireEvent.click(termineButton);

      at Object.getElementError (node_modules/@testing-library/react/node_modules/@testing-library/dom/dist/config.js:37:19)
      at getElementError (node_modules/@testing-library/react/node_modules/@testing-library/dom/dist/query-helpers.js:20:35)
      at getMultipleElementsFoundError (node_modules/@testing-library/react/node_modules/@testing-library/dom/dist/query-helpers.js:23:10)
      at node_modules/@testing-library/react/node_modules/@testing-library/dom/dist/query-helpers.js:55:13
      at node_modules/@testing-library/react/node_modules/@testing-library/dom/dist/query-helpers.js:95:19
      at Object.<anonymous> (/Users/juanzeiher/Visual Code/djlarian-react/src/app/(routes)../../../../projects/__tests__/ProjectsClient.test.tsx:87:34)


Test Suites: 8 failed, 29 passed, 37 total
Tests:       19 failed, 239 passed, 258 total
Snapshots:   0 total
Time:        4.801 s
Ran all test suites.
